{"timestamp":"2025-11-09T15:19:17.909991Z","level":"info","event":"DAG bundles loaded: dags-folder","logger":"airflow.dag_processing.bundles.manager.DagBundlesManager","filename":"manager.py","lineno":179}
{"timestamp":"2025-11-09T15:19:17.910525Z","level":"info","event":"Filling up the DagBag from /home/hadoop/airflow/dags/projekt1.py","logger":"airflow.models.dagbag.DagBag","filename":"dagbag.py","lineno":593}
{"timestamp":"2025-11-09T15:19:17.933909Z","level":"info","event":"Tmp dir root location: /tmp","logger":"airflow.task.hooks.airflow.providers.standard.hooks.subprocess.SubprocessHook","filename":"subprocess.py","lineno":78}
{"timestamp":"2025-11-09T15:19:17.934172Z","level":"info","event":"Running command: ['/usr/bin/bash', '-c', 'hdfs dfs -test -d /datasource3 && hdfs dfs -test -d /datasource4 && hdfs dfs -rm -r -f /datasource6 2>/dev/null || true && beeline -u jdbc:hive2://localhost:10000/default -n hadoop --hiveconf input_dir3=/datasource3 --hiveconf input_dir4=/datasource4 --hiveconf output_dir6=/datasource6 -f /home/hadoop/airflow/dags/project_files/hive.hql']","logger":"airflow.task.hooks.airflow.providers.standard.hooks.subprocess.SubprocessHook","filename":"subprocess.py","lineno":88}
{"timestamp":"2025-11-09T15:19:17.940064Z","level":"info","event":"Output:","logger":"airflow.task.hooks.airflow.providers.standard.hooks.subprocess.SubprocessHook","filename":"subprocess.py","lineno":99}
{"timestamp":"2025-11-09T15:19:20.647839Z","level":"info","event":"WARNING: Using incubator modules: jdk.incubator.vector","logger":"airflow.task.hooks.airflow.providers.standard.hooks.subprocess.SubprocessHook","filename":"subprocess.py","lineno":106}
{"timestamp":"2025-11-09T15:19:21.043324Z","level":"info","event":"Connecting to jdbc:hive2://localhost:10000/default","logger":"airflow.task.hooks.airflow.providers.standard.hooks.subprocess.SubprocessHook","filename":"subprocess.py","lineno":106}
{"timestamp":"2025-11-09T15:19:21.150448Z","level":"info","event":"Connected to: Apache Hive (version 4.1.0)","logger":"airflow.task.hooks.airflow.providers.standard.hooks.subprocess.SubprocessHook","filename":"subprocess.py","lineno":106}
{"timestamp":"2025-11-09T15:19:21.150643Z","level":"info","event":"Driver: Hive JDBC (version 2.3.10)","logger":"airflow.task.hooks.airflow.providers.standard.hooks.subprocess.SubprocessHook","filename":"subprocess.py","lineno":106}
{"timestamp":"2025-11-09T15:19:21.150683Z","level":"info","event":"Transaction isolation: TRANSACTION_REPEATABLE_READ","logger":"airflow.task.hooks.airflow.providers.standard.hooks.subprocess.SubprocessHook","filename":"subprocess.py","lineno":106}
{"timestamp":"2025-11-09T15:19:21.157582Z","level":"info","event":"0: jdbc:hive2://localhost:10000/default> USE default;","logger":"airflow.task.hooks.airflow.providers.standard.hooks.subprocess.SubprocessHook","filename":"subprocess.py","lineno":106}
{"timestamp":"2025-11-09T15:19:21.643564Z","level":"info","event":"INFO  : Compiling command(queryId=hadoop_20251109151921_544911e2-b127-4474-8b2d-0ac67de33802): USE default","logger":"airflow.task.hooks.airflow.providers.standard.hooks.subprocess.SubprocessHook","filename":"subprocess.py","lineno":106}
{"timestamp":"2025-11-09T15:19:21.643683Z","level":"info","event":"INFO  : Semantic Analysis Completed (retrial = false)","logger":"airflow.task.hooks.airflow.providers.standard.hooks.subprocess.SubprocessHook","filename":"subprocess.py","lineno":106}
{"timestamp":"2025-11-09T15:19:21.643713Z","level":"info","event":"INFO  : Created Hive schema: Schema(fieldSchemas:null, properties:null)","logger":"airflow.task.hooks.airflow.providers.standard.hooks.subprocess.SubprocessHook","filename":"subprocess.py","lineno":106}
{"timestamp":"2025-11-09T15:19:21.643733Z","level":"info","event":"INFO  : Completed compiling command(queryId=hadoop_20251109151921_544911e2-b127-4474-8b2d-0ac67de33802); Time taken: 0.393 seconds","logger":"airflow.task.hooks.airflow.providers.standard.hooks.subprocess.SubprocessHook","filename":"subprocess.py","lineno":106}
{"timestamp":"2025-11-09T15:19:21.643752Z","level":"info","event":"INFO  : Executing command(queryId=hadoop_20251109151921_544911e2-b127-4474-8b2d-0ac67de33802): USE default","logger":"airflow.task.hooks.airflow.providers.standard.hooks.subprocess.SubprocessHook","filename":"subprocess.py","lineno":106}
{"timestamp":"2025-11-09T15:19:21.643764Z","level":"info","event":"INFO  : Starting task [Stage-0:DDL] in serial mode","logger":"airflow.task.hooks.airflow.providers.standard.hooks.subprocess.SubprocessHook","filename":"subprocess.py","lineno":106}
{"timestamp":"2025-11-09T15:19:21.643777Z","level":"info","event":"INFO  : Completed executing command(queryId=hadoop_20251109151921_544911e2-b127-4474-8b2d-0ac67de33802); Time taken: 0.006 seconds","logger":"airflow.task.hooks.airflow.providers.standard.hooks.subprocess.SubprocessHook","filename":"subprocess.py","lineno":106}
{"timestamp":"2025-11-09T15:19:21.646140Z","level":"info","event":"No rows affected (0.488 seconds)","logger":"airflow.task.hooks.airflow.providers.standard.hooks.subprocess.SubprocessHook","filename":"subprocess.py","lineno":106}
{"timestamp":"2025-11-09T15:19:21.653857Z","level":"info","event":"0: jdbc:hive2://localhost:10000/default>","logger":"airflow.task.hooks.airflow.providers.standard.hooks.subprocess.SubprocessHook","filename":"subprocess.py","lineno":106}
{"timestamp":"2025-11-09T15:19:21.656733Z","level":"info","event":"0: jdbc:hive2://localhost:10000/default> DROP TABLE IF EXISTS datasource3;","logger":"airflow.task.hooks.airflow.providers.standard.hooks.subprocess.SubprocessHook","filename":"subprocess.py","lineno":106}
{"timestamp":"2025-11-09T15:19:21.681782Z","level":"info","event":"INFO  : Compiling command(queryId=hadoop_20251109151921_03d446cf-699d-4bd0-a17e-76b4c0ca5a2e): DROP TABLE IF EXISTS datasource3","logger":"airflow.task.hooks.airflow.providers.standard.hooks.subprocess.SubprocessHook","filename":"subprocess.py","lineno":106}
{"timestamp":"2025-11-09T15:19:21.681870Z","level":"info","event":"INFO  : Semantic Analysis Completed (retrial = false)","logger":"airflow.task.hooks.airflow.providers.standard.hooks.subprocess.SubprocessHook","filename":"subprocess.py","lineno":106}
{"timestamp":"2025-11-09T15:19:21.681901Z","level":"info","event":"INFO  : Created Hive schema: Schema(fieldSchemas:null, properties:null)","logger":"airflow.task.hooks.airflow.providers.standard.hooks.subprocess.SubprocessHook","filename":"subprocess.py","lineno":106}
{"timestamp":"2025-11-09T15:19:21.681919Z","level":"info","event":"INFO  : Completed compiling command(queryId=hadoop_20251109151921_03d446cf-699d-4bd0-a17e-76b4c0ca5a2e); Time taken: 0.015 seconds","logger":"airflow.task.hooks.airflow.providers.standard.hooks.subprocess.SubprocessHook","filename":"subprocess.py","lineno":106}
{"timestamp":"2025-11-09T15:19:21.681933Z","level":"info","event":"INFO  : Executing command(queryId=hadoop_20251109151921_03d446cf-699d-4bd0-a17e-76b4c0ca5a2e): DROP TABLE IF EXISTS datasource3","logger":"airflow.task.hooks.airflow.providers.standard.hooks.subprocess.SubprocessHook","filename":"subprocess.py","lineno":106}
{"timestamp":"2025-11-09T15:19:21.681950Z","level":"info","event":"INFO  : Starting task [Stage-0:DDL] in serial mode","logger":"airflow.task.hooks.airflow.providers.standard.hooks.subprocess.SubprocessHook","filename":"subprocess.py","lineno":106}
{"timestamp":"2025-11-09T15:19:21.681962Z","level":"info","event":"INFO  : Completed executing command(queryId=hadoop_20251109151921_03d446cf-699d-4bd0-a17e-76b4c0ca5a2e); Time taken: 0.007 seconds","logger":"airflow.task.hooks.airflow.providers.standard.hooks.subprocess.SubprocessHook","filename":"subprocess.py","lineno":106}
{"timestamp":"2025-11-09T15:19:21.682896Z","level":"info","event":"No rows affected (0.026 seconds)","logger":"airflow.task.hooks.airflow.providers.standard.hooks.subprocess.SubprocessHook","filename":"subprocess.py","lineno":106}
{"timestamp":"2025-11-09T15:19:21.686243Z","level":"info","event":"0: jdbc:hive2://localhost:10000/default> DROP TABLE IF EXISTS datasource4;","logger":"airflow.task.hooks.airflow.providers.standard.hooks.subprocess.SubprocessHook","filename":"subprocess.py","lineno":106}
{"timestamp":"2025-11-09T15:19:21.694091Z","level":"info","event":"INFO  : Compiling command(queryId=hadoop_20251109151921_77188ddd-09ca-4bc2-88a3-44e9d34d1b25): DROP TABLE IF EXISTS datasource4","logger":"airflow.task.hooks.airflow.providers.standard.hooks.subprocess.SubprocessHook","filename":"subprocess.py","lineno":106}
{"timestamp":"2025-11-09T15:19:21.694147Z","level":"info","event":"INFO  : Semantic Analysis Completed (retrial = false)","logger":"airflow.task.hooks.airflow.providers.standard.hooks.subprocess.SubprocessHook","filename":"subprocess.py","lineno":106}
{"timestamp":"2025-11-09T15:19:21.694173Z","level":"info","event":"INFO  : Created Hive schema: Schema(fieldSchemas:null, properties:null)","logger":"airflow.task.hooks.airflow.providers.standard.hooks.subprocess.SubprocessHook","filename":"subprocess.py","lineno":106}
{"timestamp":"2025-11-09T15:19:21.694195Z","level":"info","event":"INFO  : Completed compiling command(queryId=hadoop_20251109151921_77188ddd-09ca-4bc2-88a3-44e9d34d1b25); Time taken: 0.003 seconds","logger":"airflow.task.hooks.airflow.providers.standard.hooks.subprocess.SubprocessHook","filename":"subprocess.py","lineno":106}
{"timestamp":"2025-11-09T15:19:21.694252Z","level":"info","event":"INFO  : Executing command(queryId=hadoop_20251109151921_77188ddd-09ca-4bc2-88a3-44e9d34d1b25): DROP TABLE IF EXISTS datasource4","logger":"airflow.task.hooks.airflow.providers.standard.hooks.subprocess.SubprocessHook","filename":"subprocess.py","lineno":106}
{"timestamp":"2025-11-09T15:19:21.694289Z","level":"info","event":"INFO  : Starting task [Stage-0:DDL] in serial mode","logger":"airflow.task.hooks.airflow.providers.standard.hooks.subprocess.SubprocessHook","filename":"subprocess.py","lineno":106}
{"timestamp":"2025-11-09T15:19:21.694310Z","level":"info","event":"INFO  : Completed executing command(queryId=hadoop_20251109151921_77188ddd-09ca-4bc2-88a3-44e9d34d1b25); Time taken: 0.002 seconds","logger":"airflow.task.hooks.airflow.providers.standard.hooks.subprocess.SubprocessHook","filename":"subprocess.py","lineno":106}
{"timestamp":"2025-11-09T15:19:21.694853Z","level":"info","event":"No rows affected (0.008 seconds)","logger":"airflow.task.hooks.airflow.providers.standard.hooks.subprocess.SubprocessHook","filename":"subprocess.py","lineno":106}
{"timestamp":"2025-11-09T15:19:21.697027Z","level":"info","event":"0: jdbc:hive2://localhost:10000/default>","logger":"airflow.task.hooks.airflow.providers.standard.hooks.subprocess.SubprocessHook","filename":"subprocess.py","lineno":106}
{"timestamp":"2025-11-09T15:19:21.699718Z","level":"info","event":"0: jdbc:hive2://localhost:10000/default> CREATE EXTERNAL TABLE datasource3 (","logger":"airflow.task.hooks.airflow.providers.standard.hooks.subprocess.SubprocessHook","filename":"subprocess.py","lineno":106}
{"timestamp":"2025-11-09T15:19:21.702313Z","level":"info","event":". . . . . . . . . . . . . . . . . . . .>   restaurant_id STRING,","logger":"airflow.task.hooks.airflow.providers.standard.hooks.subprocess.SubprocessHook","filename":"subprocess.py","lineno":106}
{"timestamp":"2025-11-09T15:19:21.704132Z","level":"info","event":". . . . . . . . . . . . . . . . . . . .>   payment_type STRING,","logger":"airflow.task.hooks.airflow.providers.standard.hooks.subprocess.SubprocessHook","filename":"subprocess.py","lineno":106}
{"timestamp":"2025-11-09T15:19:21.706038Z","level":"info","event":". . . . . . . . . . . . . . . . . . . .>   total_orders INT,","logger":"airflow.task.hooks.airflow.providers.standard.hooks.subprocess.SubprocessHook","filename":"subprocess.py","lineno":106}
{"timestamp":"2025-11-09T15:19:21.707876Z","level":"info","event":". . . . . . . . . . . . . . . . . . . .>   avg_total_price DOUBLE","logger":"airflow.task.hooks.airflow.providers.standard.hooks.subprocess.SubprocessHook","filename":"subprocess.py","lineno":106}
{"timestamp":"2025-11-09T15:19:21.709311Z","level":"info","event":". . . . . . . . . . . . . . . . . . . .> )","logger":"airflow.task.hooks.airflow.providers.standard.hooks.subprocess.SubprocessHook","filename":"subprocess.py","lineno":106}
{"timestamp":"2025-11-09T15:19:21.711798Z","level":"info","event":". . . . . . . . . . . . . . . . . . . .> ROW FORMAT DELIMITED","logger":"airflow.task.hooks.airflow.providers.standard.hooks.subprocess.SubprocessHook","filename":"subprocess.py","lineno":106}
{"timestamp":"2025-11-09T15:19:21.714342Z","level":"info","event":". . . . . . . . . . . . . . . . . . . .> FIELDS TERMINATED BY '\\t'","logger":"airflow.task.hooks.airflow.providers.standard.hooks.subprocess.SubprocessHook","filename":"subprocess.py","lineno":106}
{"timestamp":"2025-11-09T15:19:21.716791Z","level":"info","event":". . . . . . . . . . . . . . . . . . . .> STORED AS TEXTFILE","logger":"airflow.task.hooks.airflow.providers.standard.hooks.subprocess.SubprocessHook","filename":"subprocess.py","lineno":106}
{"timestamp":"2025-11-09T15:19:21.718684Z","level":"info","event":". . . . . . . . . . . . . . . . . . . .> LOCATION '${hiveconf:input_dir3}';","logger":"airflow.task.hooks.airflow.providers.standard.hooks.subprocess.SubprocessHook","filename":"subprocess.py","lineno":106}
{"timestamp":"2025-11-09T15:19:22.139353Z","level":"info","event":"INFO  : Compiling command(queryId=hadoop_20251109151921_5b87f853-5419-46e2-958e-bdef6c655700): CREATE EXTERNAL TABLE datasource3 (","logger":"airflow.task.hooks.airflow.providers.standard.hooks.subprocess.SubprocessHook","filename":"subprocess.py","lineno":106}
{"timestamp":"2025-11-09T15:19:22.139421Z","level":"info","event":"restaurant_id STRING,","logger":"airflow.task.hooks.airflow.providers.standard.hooks.subprocess.SubprocessHook","filename":"subprocess.py","lineno":106}
{"timestamp":"2025-11-09T15:19:22.139440Z","level":"info","event":"payment_type STRING,","logger":"airflow.task.hooks.airflow.providers.standard.hooks.subprocess.SubprocessHook","filename":"subprocess.py","lineno":106}
{"timestamp":"2025-11-09T15:19:22.139455Z","level":"info","event":"total_orders INT,","logger":"airflow.task.hooks.airflow.providers.standard.hooks.subprocess.SubprocessHook","filename":"subprocess.py","lineno":106}
{"timestamp":"2025-11-09T15:19:22.139470Z","level":"info","event":"avg_total_price DOUBLE","logger":"airflow.task.hooks.airflow.providers.standard.hooks.subprocess.SubprocessHook","filename":"subprocess.py","lineno":106}
{"timestamp":"2025-11-09T15:19:22.139483Z","level":"info","event":")","logger":"airflow.task.hooks.airflow.providers.standard.hooks.subprocess.SubprocessHook","filename":"subprocess.py","lineno":106}
{"timestamp":"2025-11-09T15:19:22.139496Z","level":"info","event":"ROW FORMAT DELIMITED","logger":"airflow.task.hooks.airflow.providers.standard.hooks.subprocess.SubprocessHook","filename":"subprocess.py","lineno":106}
{"timestamp":"2025-11-09T15:19:22.139513Z","level":"info","event":"FIELDS TERMINATED BY '\\t'","logger":"airflow.task.hooks.airflow.providers.standard.hooks.subprocess.SubprocessHook","filename":"subprocess.py","lineno":106}
{"timestamp":"2025-11-09T15:19:22.139526Z","level":"info","event":"STORED AS TEXTFILE","logger":"airflow.task.hooks.airflow.providers.standard.hooks.subprocess.SubprocessHook","filename":"subprocess.py","lineno":106}
{"timestamp":"2025-11-09T15:19:22.139537Z","level":"info","event":"LOCATION '/datasource3'","logger":"airflow.task.hooks.airflow.providers.standard.hooks.subprocess.SubprocessHook","filename":"subprocess.py","lineno":106}
{"timestamp":"2025-11-09T15:19:22.139548Z","level":"info","event":"INFO  : Semantic Analysis Completed (retrial = false)","logger":"airflow.task.hooks.airflow.providers.standard.hooks.subprocess.SubprocessHook","filename":"subprocess.py","lineno":106}
{"timestamp":"2025-11-09T15:19:22.139560Z","level":"info","event":"INFO  : Created Hive schema: Schema(fieldSchemas:null, properties:null)","logger":"airflow.task.hooks.airflow.providers.standard.hooks.subprocess.SubprocessHook","filename":"subprocess.py","lineno":106}
{"timestamp":"2025-11-09T15:19:22.139571Z","level":"info","event":"INFO  : Completed compiling command(queryId=hadoop_20251109151921_5b87f853-5419-46e2-958e-bdef6c655700); Time taken: 0.022 seconds","logger":"airflow.task.hooks.airflow.providers.standard.hooks.subprocess.SubprocessHook","filename":"subprocess.py","lineno":106}
{"timestamp":"2025-11-09T15:19:22.139582Z","level":"info","event":"INFO  : Executing command(queryId=hadoop_20251109151921_5b87f853-5419-46e2-958e-bdef6c655700): CREATE EXTERNAL TABLE datasource3 (","logger":"airflow.task.hooks.airflow.providers.standard.hooks.subprocess.SubprocessHook","filename":"subprocess.py","lineno":106}
{"timestamp":"2025-11-09T15:19:22.139593Z","level":"info","event":"restaurant_id STRING,","logger":"airflow.task.hooks.airflow.providers.standard.hooks.subprocess.SubprocessHook","filename":"subprocess.py","lineno":106}
{"timestamp":"2025-11-09T15:19:22.139604Z","level":"info","event":"payment_type STRING,","logger":"airflow.task.hooks.airflow.providers.standard.hooks.subprocess.SubprocessHook","filename":"subprocess.py","lineno":106}
{"timestamp":"2025-11-09T15:19:22.139615Z","level":"info","event":"total_orders INT,","logger":"airflow.task.hooks.airflow.providers.standard.hooks.subprocess.SubprocessHook","filename":"subprocess.py","lineno":106}
{"timestamp":"2025-11-09T15:19:22.139625Z","level":"info","event":"avg_total_price DOUBLE","logger":"airflow.task.hooks.airflow.providers.standard.hooks.subprocess.SubprocessHook","filename":"subprocess.py","lineno":106}
{"timestamp":"2025-11-09T15:19:22.139636Z","level":"info","event":")","logger":"airflow.task.hooks.airflow.providers.standard.hooks.subprocess.SubprocessHook","filename":"subprocess.py","lineno":106}
{"timestamp":"2025-11-09T15:19:22.139647Z","level":"info","event":"ROW FORMAT DELIMITED","logger":"airflow.task.hooks.airflow.providers.standard.hooks.subprocess.SubprocessHook","filename":"subprocess.py","lineno":106}
{"timestamp":"2025-11-09T15:19:22.139660Z","level":"info","event":"FIELDS TERMINATED BY '\\t'","logger":"airflow.task.hooks.airflow.providers.standard.hooks.subprocess.SubprocessHook","filename":"subprocess.py","lineno":106}
{"timestamp":"2025-11-09T15:19:22.139673Z","level":"info","event":"STORED AS TEXTFILE","logger":"airflow.task.hooks.airflow.providers.standard.hooks.subprocess.SubprocessHook","filename":"subprocess.py","lineno":106}
{"timestamp":"2025-11-09T15:19:22.139684Z","level":"info","event":"LOCATION '/datasource3'","logger":"airflow.task.hooks.airflow.providers.standard.hooks.subprocess.SubprocessHook","filename":"subprocess.py","lineno":106}
{"timestamp":"2025-11-09T15:19:22.139695Z","level":"info","event":"INFO  : Starting task [Stage-0:DDL] in serial mode","logger":"airflow.task.hooks.airflow.providers.standard.hooks.subprocess.SubprocessHook","filename":"subprocess.py","lineno":106}
{"timestamp":"2025-11-09T15:19:22.139706Z","level":"info","event":"INFO  : Completed executing command(queryId=hadoop_20251109151921_5b87f853-5419-46e2-958e-bdef6c655700); Time taken: 0.394 seconds","logger":"airflow.task.hooks.airflow.providers.standard.hooks.subprocess.SubprocessHook","filename":"subprocess.py","lineno":106}
{"timestamp":"2025-11-09T15:19:22.140381Z","level":"info","event":"No rows affected (0.422 seconds)","logger":"airflow.task.hooks.airflow.providers.standard.hooks.subprocess.SubprocessHook","filename":"subprocess.py","lineno":106}
{"timestamp":"2025-11-09T15:19:22.144606Z","level":"info","event":"0: jdbc:hive2://localhost:10000/default>","logger":"airflow.task.hooks.airflow.providers.standard.hooks.subprocess.SubprocessHook","filename":"subprocess.py","lineno":106}
{"timestamp":"2025-11-09T15:19:22.146866Z","level":"info","event":"0: jdbc:hive2://localhost:10000/default> CREATE EXTERNAL TABLE datasource4 (","logger":"airflow.task.hooks.airflow.providers.standard.hooks.subprocess.SubprocessHook","filename":"subprocess.py","lineno":106}
{"timestamp":"2025-11-09T15:19:22.148727Z","level":"info","event":". . . . . . . . . . . . . . . . . . . .>   restaurant_id STRING,","logger":"airflow.task.hooks.airflow.providers.standard.hooks.subprocess.SubprocessHook","filename":"subprocess.py","lineno":106}
{"timestamp":"2025-11-09T15:19:22.150573Z","level":"info","event":". . . . . . . . . . . . . . . . . . . .>   name STRING,","logger":"airflow.task.hooks.airflow.providers.standard.hooks.subprocess.SubprocessHook","filename":"subprocess.py","lineno":106}
{"timestamp":"2025-11-09T15:19:22.152472Z","level":"info","event":". . . . . . . . . . . . . . . . . . . .>   city STRING,","logger":"airflow.task.hooks.airflow.providers.standard.hooks.subprocess.SubprocessHook","filename":"subprocess.py","lineno":106}
{"timestamp":"2025-11-09T15:19:22.154477Z","level":"info","event":". . . . . . . . . . . . . . . . . . . .>   country STRING,","logger":"airflow.task.hooks.airflow.providers.standard.hooks.subprocess.SubprocessHook","filename":"subprocess.py","lineno":106}
{"timestamp":"2025-11-09T15:19:22.156123Z","level":"info","event":". . . . . . . . . . . . . . . . . . . .>   cuisine STRING","logger":"airflow.task.hooks.airflow.providers.standard.hooks.subprocess.SubprocessHook","filename":"subprocess.py","lineno":106}
{"timestamp":"2025-11-09T15:19:22.157467Z","level":"info","event":". . . . . . . . . . . . . . . . . . . .> )","logger":"airflow.task.hooks.airflow.providers.standard.hooks.subprocess.SubprocessHook","filename":"subprocess.py","lineno":106}
{"timestamp":"2025-11-09T15:19:22.159315Z","level":"info","event":". . . . . . . . . . . . . . . . . . . .> ROW FORMAT DELIMITED","logger":"airflow.task.hooks.airflow.providers.standard.hooks.subprocess.SubprocessHook","filename":"subprocess.py","lineno":106}
{"timestamp":"2025-11-09T15:19:22.161567Z","level":"info","event":". . . . . . . . . . . . . . . . . . . .> FIELDS TERMINATED BY ','","logger":"airflow.task.hooks.airflow.providers.standard.hooks.subprocess.SubprocessHook","filename":"subprocess.py","lineno":106}
{"timestamp":"2025-11-09T15:19:22.163626Z","level":"info","event":". . . . . . . . . . . . . . . . . . . .> STORED AS TEXTFILE","logger":"airflow.task.hooks.airflow.providers.standard.hooks.subprocess.SubprocessHook","filename":"subprocess.py","lineno":106}
{"timestamp":"2025-11-09T15:19:22.165751Z","level":"info","event":". . . . . . . . . . . . . . . . . . . .> LOCATION '${hiveconf:input_dir4}'","logger":"airflow.task.hooks.airflow.providers.standard.hooks.subprocess.SubprocessHook","filename":"subprocess.py","lineno":106}
{"timestamp":"2025-11-09T15:19:22.168775Z","level":"info","event":". . . . . . . . . . . . . . . . . . . .> TBLPROPERTIES (\"skip.header.line.count\" \r=\"1\");","logger":"airflow.task.hooks.airflow.providers.standard.hooks.subprocess.SubprocessHook","filename":"subprocess.py","lineno":106}
{"timestamp":"2025-11-09T15:19:22.206656Z","level":"info","event":"INFO  : Compiling command(queryId=hadoop_20251109151922_55c3e672-66b0-4052-8935-6f5ee7278b49): CREATE EXTERNAL TABLE datasource4 (","logger":"airflow.task.hooks.airflow.providers.standard.hooks.subprocess.SubprocessHook","filename":"subprocess.py","lineno":106}
{"timestamp":"2025-11-09T15:19:22.206737Z","level":"info","event":"restaurant_id STRING,","logger":"airflow.task.hooks.airflow.providers.standard.hooks.subprocess.SubprocessHook","filename":"subprocess.py","lineno":106}
{"timestamp":"2025-11-09T15:19:22.206757Z","level":"info","event":"name STRING,","logger":"airflow.task.hooks.airflow.providers.standard.hooks.subprocess.SubprocessHook","filename":"subprocess.py","lineno":106}
{"timestamp":"2025-11-09T15:19:22.206771Z","level":"info","event":"city STRING,","logger":"airflow.task.hooks.airflow.providers.standard.hooks.subprocess.SubprocessHook","filename":"subprocess.py","lineno":106}
{"timestamp":"2025-11-09T15:19:22.206782Z","level":"info","event":"country STRING,","logger":"airflow.task.hooks.airflow.providers.standard.hooks.subprocess.SubprocessHook","filename":"subprocess.py","lineno":106}
{"timestamp":"2025-11-09T15:19:22.206793Z","level":"info","event":"cuisine STRING","logger":"airflow.task.hooks.airflow.providers.standard.hooks.subprocess.SubprocessHook","filename":"subprocess.py","lineno":106}
{"timestamp":"2025-11-09T15:19:22.206804Z","level":"info","event":")","logger":"airflow.task.hooks.airflow.providers.standard.hooks.subprocess.SubprocessHook","filename":"subprocess.py","lineno":106}
{"timestamp":"2025-11-09T15:19:22.206814Z","level":"info","event":"ROW FORMAT DELIMITED","logger":"airflow.task.hooks.airflow.providers.standard.hooks.subprocess.SubprocessHook","filename":"subprocess.py","lineno":106}
{"timestamp":"2025-11-09T15:19:22.206824Z","level":"info","event":"FIELDS TERMINATED BY ','","logger":"airflow.task.hooks.airflow.providers.standard.hooks.subprocess.SubprocessHook","filename":"subprocess.py","lineno":106}
{"timestamp":"2025-11-09T15:19:22.206834Z","level":"info","event":"STORED AS TEXTFILE","logger":"airflow.task.hooks.airflow.providers.standard.hooks.subprocess.SubprocessHook","filename":"subprocess.py","lineno":106}
{"timestamp":"2025-11-09T15:19:22.206843Z","level":"info","event":"LOCATION '/datasource4'","logger":"airflow.task.hooks.airflow.providers.standard.hooks.subprocess.SubprocessHook","filename":"subprocess.py","lineno":106}
{"timestamp":"2025-11-09T15:19:22.206853Z","level":"info","event":"TBLPROPERTIES (\"skip.header.line.count\"=\"1\")","logger":"airflow.task.hooks.airflow.providers.standard.hooks.subprocess.SubprocessHook","filename":"subprocess.py","lineno":106}
{"timestamp":"2025-11-09T15:19:22.206864Z","level":"info","event":"INFO  : Semantic Analysis Completed (retrial = false)","logger":"airflow.task.hooks.airflow.providers.standard.hooks.subprocess.SubprocessHook","filename":"subprocess.py","lineno":106}
{"timestamp":"2025-11-09T15:19:22.206874Z","level":"info","event":"INFO  : Created Hive schema: Schema(fieldSchemas:null, properties:null)","logger":"airflow.task.hooks.airflow.providers.standard.hooks.subprocess.SubprocessHook","filename":"subprocess.py","lineno":106}
{"timestamp":"2025-11-09T15:19:22.206886Z","level":"info","event":"INFO  : Completed compiling command(queryId=hadoop_20251109151922_55c3e672-66b0-4052-8935-6f5ee7278b49); Time taken: 0.014 seconds","logger":"airflow.task.hooks.airflow.providers.standard.hooks.subprocess.SubprocessHook","filename":"subprocess.py","lineno":106}
{"timestamp":"2025-11-09T15:19:22.206896Z","level":"info","event":"INFO  : Executing command(queryId=hadoop_20251109151922_55c3e672-66b0-4052-8935-6f5ee7278b49): CREATE EXTERNAL TABLE datasource4 (","logger":"airflow.task.hooks.airflow.providers.standard.hooks.subprocess.SubprocessHook","filename":"subprocess.py","lineno":106}
{"timestamp":"2025-11-09T15:19:22.206907Z","level":"info","event":"restaurant_id STRING,","logger":"airflow.task.hooks.airflow.providers.standard.hooks.subprocess.SubprocessHook","filename":"subprocess.py","lineno":106}
{"timestamp":"2025-11-09T15:19:22.206917Z","level":"info","event":"name STRING,","logger":"airflow.task.hooks.airflow.providers.standard.hooks.subprocess.SubprocessHook","filename":"subprocess.py","lineno":106}
{"timestamp":"2025-11-09T15:19:22.206926Z","level":"info","event":"city STRING,","logger":"airflow.task.hooks.airflow.providers.standard.hooks.subprocess.SubprocessHook","filename":"subprocess.py","lineno":106}
{"timestamp":"2025-11-09T15:19:22.206936Z","level":"info","event":"country STRING,","logger":"airflow.task.hooks.airflow.providers.standard.hooks.subprocess.SubprocessHook","filename":"subprocess.py","lineno":106}
{"timestamp":"2025-11-09T15:19:22.206946Z","level":"info","event":"cuisine STRING","logger":"airflow.task.hooks.airflow.providers.standard.hooks.subprocess.SubprocessHook","filename":"subprocess.py","lineno":106}
{"timestamp":"2025-11-09T15:19:22.206955Z","level":"info","event":")","logger":"airflow.task.hooks.airflow.providers.standard.hooks.subprocess.SubprocessHook","filename":"subprocess.py","lineno":106}
{"timestamp":"2025-11-09T15:19:22.206965Z","level":"info","event":"ROW FORMAT DELIMITED","logger":"airflow.task.hooks.airflow.providers.standard.hooks.subprocess.SubprocessHook","filename":"subprocess.py","lineno":106}
{"timestamp":"2025-11-09T15:19:22.206978Z","level":"info","event":"FIELDS TERMINATED BY ','","logger":"airflow.task.hooks.airflow.providers.standard.hooks.subprocess.SubprocessHook","filename":"subprocess.py","lineno":106}
{"timestamp":"2025-11-09T15:19:22.206989Z","level":"info","event":"STORED AS TEXTFILE","logger":"airflow.task.hooks.airflow.providers.standard.hooks.subprocess.SubprocessHook","filename":"subprocess.py","lineno":106}
{"timestamp":"2025-11-09T15:19:22.206999Z","level":"info","event":"LOCATION '/datasource4'","logger":"airflow.task.hooks.airflow.providers.standard.hooks.subprocess.SubprocessHook","filename":"subprocess.py","lineno":106}
{"timestamp":"2025-11-09T15:19:22.207008Z","level":"info","event":"TBLPROPERTIES (\"skip.header.line.count\"=\"1\")","logger":"airflow.task.hooks.airflow.providers.standard.hooks.subprocess.SubprocessHook","filename":"subprocess.py","lineno":106}
{"timestamp":"2025-11-09T15:19:22.207018Z","level":"info","event":"INFO  : Starting task [Stage-0:DDL] in serial mode","logger":"airflow.task.hooks.airflow.providers.standard.hooks.subprocess.SubprocessHook","filename":"subprocess.py","lineno":106}
{"timestamp":"2025-11-09T15:19:22.207027Z","level":"info","event":"INFO  : Completed executing command(queryId=hadoop_20251109151922_55c3e672-66b0-4052-8935-6f5ee7278b49); Time taken: 0.019 seconds","logger":"airflow.task.hooks.airflow.providers.standard.hooks.subprocess.SubprocessHook","filename":"subprocess.py","lineno":106}
{"timestamp":"2025-11-09T15:19:22.207882Z","level":"info","event":"No rows affected (0.039 seconds)","logger":"airflow.task.hooks.airflow.providers.standard.hooks.subprocess.SubprocessHook","filename":"subprocess.py","lineno":106}
{"timestamp":"2025-11-09T15:19:22.210324Z","level":"info","event":"0: jdbc:hive2://localhost:10000/default>","logger":"airflow.task.hooks.airflow.providers.standard.hooks.subprocess.SubprocessHook","filename":"subprocess.py","lineno":106}
{"timestamp":"2025-11-09T15:19:22.212386Z","level":"info","event":"0: jdbc:hive2://localhost:10000/default> INSERT OVERWRITE DIRECTORY '${hiveconf: \routput_dir6}'","logger":"airflow.task.hooks.airflow.providers.standard.hooks.subprocess.SubprocessHook","filename":"subprocess.py","lineno":106}
{"timestamp":"2025-11-09T15:19:22.214197Z","level":"info","event":". . . . . . . . . . . . . . . . . . . .> ROW FORMAT DELIMITED","logger":"airflow.task.hooks.airflow.providers.standard.hooks.subprocess.SubprocessHook","filename":"subprocess.py","lineno":106}
{"timestamp":"2025-11-09T15:19:22.216172Z","level":"info","event":". . . . . . . . . . . . . . . . . . . .> FIELDS TERMINATED BY '\\t'","logger":"airflow.task.hooks.airflow.providers.standard.hooks.subprocess.SubprocessHook","filename":"subprocess.py","lineno":106}
{"timestamp":"2025-11-09T15:19:22.217819Z","level":"info","event":". . . . . . . . . . . . . . . . . . . .> SELECT","logger":"airflow.task.hooks.airflow.providers.standard.hooks.subprocess.SubprocessHook","filename":"subprocess.py","lineno":106}
{"timestamp":"2025-11-09T15:19:22.219635Z","level":"info","event":". . . . . . . . . . . . . . . . . . . .>   concat(","logger":"airflow.task.hooks.airflow.providers.standard.hooks.subprocess.SubprocessHook","filename":"subprocess.py","lineno":106}
{"timestamp":"2025-11-09T15:19:22.222200Z","level":"info","event":". . . . . . . . . . . . . . . . . . . .>     '{\"country\":\"', regexp_replace(coun \rtry, '\"', ''), '\",',","logger":"airflow.task.hooks.airflow.providers.standard.hooks.subprocess.SubprocessHook","filename":"subprocess.py","lineno":106}
{"timestamp":"2025-11-09T15:19:22.224460Z","level":"info","event":". . . . . . . . . . . . . . . . . . . .>     '\"cuisine\":\"', regexp_replace(cuisi \rne, '\"', ''), '\",',","logger":"airflow.task.hooks.airflow.providers.standard.hooks.subprocess.SubprocessHook","filename":"subprocess.py","lineno":106}
{"timestamp":"2025-11-09T15:19:22.226529Z","level":"info","event":". . . . . . . . . . . . . . . . . . . .>     '\"total_orders\":', CAST(total_order \rs AS STRING), ',',","logger":"airflow.task.hooks.airflow.providers.standard.hooks.subprocess.SubprocessHook","filename":"subprocess.py","lineno":106}
{"timestamp":"2025-11-09T15:19:22.228771Z","level":"info","event":". . . . . . . . . . . . . . . . . . . .>     '\"avg_total_price\":', CAST(avg_tota \rl_price AS STRING), ',',","logger":"airflow.task.hooks.airflow.providers.standard.hooks.subprocess.SubprocessHook","filename":"subprocess.py","lineno":106}
{"timestamp":"2025-11-09T15:19:22.230899Z","level":"info","event":". . . . . . . . . . . . . . . . . . . .>     '\"rank_in_country\":', CAST(rank_in_ \rcountry AS STRING), '}'","logger":"airflow.task.hooks.airflow.providers.standard.hooks.subprocess.SubprocessHook","filename":"subprocess.py","lineno":106}
{"timestamp":"2025-11-09T15:19:22.232937Z","level":"info","event":". . . . . . . . . . . . . . . . . . . .>   ) AS json_output","logger":"airflow.task.hooks.airflow.providers.standard.hooks.subprocess.SubprocessHook","filename":"subprocess.py","lineno":106}
{"timestamp":"2025-11-09T15:19:22.234929Z","level":"info","event":". . . . . . . . . . . . . . . . . . . .> FROM (","logger":"airflow.task.hooks.airflow.providers.standard.hooks.subprocess.SubprocessHook","filename":"subprocess.py","lineno":106}
{"timestamp":"2025-11-09T15:19:22.236691Z","level":"info","event":". . . . . . . . . . . . . . . . . . . .>   SELECT","logger":"airflow.task.hooks.airflow.providers.standard.hooks.subprocess.SubprocessHook","filename":"subprocess.py","lineno":106}
{"timestamp":"2025-11-09T15:19:22.238401Z","level":"info","event":". . . . . . . . . . . . . . . . . . . .>     country,","logger":"airflow.task.hooks.airflow.providers.standard.hooks.subprocess.SubprocessHook","filename":"subprocess.py","lineno":106}
{"timestamp":"2025-11-09T15:19:22.239900Z","level":"info","event":". . . . . . . . . . . . . . . . . . . .>     cuisine,","logger":"airflow.task.hooks.airflow.providers.standard.hooks.subprocess.SubprocessHook","filename":"subprocess.py","lineno":106}
{"timestamp":"2025-11-09T15:19:22.241535Z","level":"info","event":". . . . . . . . . . . . . . . . . . . .>     total_orders,","logger":"airflow.task.hooks.airflow.providers.standard.hooks.subprocess.SubprocessHook","filename":"subprocess.py","lineno":106}
{"timestamp":"2025-11-09T15:19:22.243002Z","level":"info","event":". . . . . . . . . . . . . . . . . . . .>     avg_total_price,","logger":"airflow.task.hooks.airflow.providers.standard.hooks.subprocess.SubprocessHook","filename":"subprocess.py","lineno":106}
{"timestamp":"2025-11-09T15:19:22.245033Z","level":"info","event":". . . . . . . . . . . . . . . . . . . .>     ROW_NUMBER() OVER (PARTITION BY cou \rntry ORDER BY total_orders DESC) AS rank_in_country","logger":"airflow.task.hooks.airflow.providers.standard.hooks.subprocess.SubprocessHook","filename":"subprocess.py","lineno":106}
{"timestamp":"2025-11-09T15:19:22.246802Z","level":"info","event":". . . . . . . . . . . . . . . . . . . .>   FROM (","logger":"airflow.task.hooks.airflow.providers.standard.hooks.subprocess.SubprocessHook","filename":"subprocess.py","lineno":106}
{"timestamp":"2025-11-09T15:19:22.248537Z","level":"info","event":". . . . . . . . . . . . . . . . . . . .>     SELECT","logger":"airflow.task.hooks.airflow.providers.standard.hooks.subprocess.SubprocessHook","filename":"subprocess.py","lineno":106}
{"timestamp":"2025-11-09T15:19:22.250061Z","level":"info","event":". . . . . . . . . . . . . . . . . . . .>       r.country,","logger":"airflow.task.hooks.airflow.providers.standard.hooks.subprocess.SubprocessHook","filename":"subprocess.py","lineno":106}
{"timestamp":"2025-11-09T15:19:22.251549Z","level":"info","event":". . . . . . . . . . . . . . . . . . . .>       r.cuisine,","logger":"airflow.task.hooks.airflow.providers.standard.hooks.subprocess.SubprocessHook","filename":"subprocess.py","lineno":106}
{"timestamp":"2025-11-09T15:19:22.253695Z","level":"info","event":". . . . . . . . . . . . . . . . . . . .>       SUM(s.total_orders) AS total_orde \rrs,","logger":"airflow.task.hooks.airflow.providers.standard.hooks.subprocess.SubprocessHook","filename":"subprocess.py","lineno":106}
{"timestamp":"2025-11-09T15:19:22.255342Z","level":"info","event":". . . . . . . . . . . . . . . . . . . .>       ROUND(","logger":"airflow.task.hooks.airflow.providers.standard.hooks.subprocess.SubprocessHook","filename":"subprocess.py","lineno":106}
{"timestamp":"2025-11-09T15:19:22.257425Z","level":"info","event":". . . . . . . . . . . . . . . . . . . .>         SUM(s.total_orders * s.avg_tota \rl_price) / SUM(s.total_orders),","logger":"airflow.task.hooks.airflow.providers.standard.hooks.subprocess.SubprocessHook","filename":"subprocess.py","lineno":106}
{"timestamp":"2025-11-09T15:19:22.259312Z","level":"info","event":". . . . . . . . . . . . . . . . . . . .>         2","logger":"airflow.task.hooks.airflow.providers.standard.hooks.subprocess.SubprocessHook","filename":"subprocess.py","lineno":106}
{"timestamp":"2025-11-09T15:19:22.260966Z","level":"info","event":". . . . . . . . . . . . . . . . . . . .>       ) AS avg_total_price","logger":"airflow.task.hooks.airflow.providers.standard.hooks.subprocess.SubprocessHook","filename":"subprocess.py","lineno":106}
{"timestamp":"2025-11-09T15:19:22.262815Z","level":"info","event":". . . . . . . . . . . . . . . . . . . .>     FROM datasource3 s","logger":"airflow.task.hooks.airflow.providers.standard.hooks.subprocess.SubprocessHook","filename":"subprocess.py","lineno":106}
{"timestamp":"2025-11-09T15:19:22.264677Z","level":"info","event":". . . . . . . . . . . . . . . . . . . .>     INNER JOIN datasource4 r ON s.resta \rurant_id = r.restaurant_id","logger":"airflow.task.hooks.airflow.providers.standard.hooks.subprocess.SubprocessHook","filename":"subprocess.py","lineno":106}
{"timestamp":"2025-11-09T15:19:22.266493Z","level":"info","event":". . . . . . . . . . . . . . . . . . . .>     GROUP BY r.country, r.cuisine","logger":"airflow.task.hooks.airflow.providers.standard.hooks.subprocess.SubprocessHook","filename":"subprocess.py","lineno":106}
{"timestamp":"2025-11-09T15:19:22.268053Z","level":"info","event":". . . . . . . . . . . . . . . . . . . .>   ) aggregated","logger":"airflow.task.hooks.airflow.providers.standard.hooks.subprocess.SubprocessHook","filename":"subprocess.py","lineno":106}
{"timestamp":"2025-11-09T15:19:22.270016Z","level":"info","event":". . . . . . . . . . . . . . . . . . . .> ) ranked","logger":"airflow.task.hooks.airflow.providers.standard.hooks.subprocess.SubprocessHook","filename":"subprocess.py","lineno":106}
{"timestamp":"2025-11-09T15:19:22.271670Z","level":"info","event":". . . . . . . . . . . . . . . . . . . .> ORDER BY country, rank_in_country;","logger":"airflow.task.hooks.airflow.providers.standard.hooks.subprocess.SubprocessHook","filename":"subprocess.py","lineno":106}
{"timestamp":"2025-11-09T15:19:27.746811Z","level":"info","event":"INFO  : Compiling command(queryId=hadoop_20251109151922_3451479d-0e8b-463f-8150-064b3919f78a): INSERT OVERWRITE DIRECTORY '/datasource6'","logger":"airflow.task.hooks.airflow.providers.standard.hooks.subprocess.SubprocessHook","filename":"subprocess.py","lineno":106}
{"timestamp":"2025-11-09T15:19:27.746926Z","level":"info","event":"ROW FORMAT DELIMITED","logger":"airflow.task.hooks.airflow.providers.standard.hooks.subprocess.SubprocessHook","filename":"subprocess.py","lineno":106}
{"timestamp":"2025-11-09T15:19:27.746954Z","level":"info","event":"FIELDS TERMINATED BY '\\t'","logger":"airflow.task.hooks.airflow.providers.standard.hooks.subprocess.SubprocessHook","filename":"subprocess.py","lineno":106}
{"timestamp":"2025-11-09T15:19:27.746977Z","level":"info","event":"SELECT","logger":"airflow.task.hooks.airflow.providers.standard.hooks.subprocess.SubprocessHook","filename":"subprocess.py","lineno":106}
{"timestamp":"2025-11-09T15:19:27.746998Z","level":"info","event":"concat(","logger":"airflow.task.hooks.airflow.providers.standard.hooks.subprocess.SubprocessHook","filename":"subprocess.py","lineno":106}
{"timestamp":"2025-11-09T15:19:27.747018Z","level":"info","event":"'{\"country\":\"', regexp_replace(country, '\"', ''), '\",',","logger":"airflow.task.hooks.airflow.providers.standard.hooks.subprocess.SubprocessHook","filename":"subprocess.py","lineno":106}
{"timestamp":"2025-11-09T15:19:27.747039Z","level":"info","event":"'\"cuisine\":\"', regexp_replace(cuisine, '\"', ''), '\",',","logger":"airflow.task.hooks.airflow.providers.standard.hooks.subprocess.SubprocessHook","filename":"subprocess.py","lineno":106}
{"timestamp":"2025-11-09T15:19:27.747060Z","level":"info","event":"'\"total_orders\":', CAST(total_orders AS STRING), ',',","logger":"airflow.task.hooks.airflow.providers.standard.hooks.subprocess.SubprocessHook","filename":"subprocess.py","lineno":106}
{"timestamp":"2025-11-09T15:19:27.747080Z","level":"info","event":"'\"avg_total_price\":', CAST(avg_total_price AS STRING), ',',","logger":"airflow.task.hooks.airflow.providers.standard.hooks.subprocess.SubprocessHook","filename":"subprocess.py","lineno":106}
{"timestamp":"2025-11-09T15:19:27.747098Z","level":"info","event":"'\"rank_in_country\":', CAST(rank_in_country AS STRING), '}'","logger":"airflow.task.hooks.airflow.providers.standard.hooks.subprocess.SubprocessHook","filename":"subprocess.py","lineno":106}
{"timestamp":"2025-11-09T15:19:27.747127Z","level":"info","event":") AS json_output","logger":"airflow.task.hooks.airflow.providers.standard.hooks.subprocess.SubprocessHook","filename":"subprocess.py","lineno":106}
{"timestamp":"2025-11-09T15:19:27.747147Z","level":"info","event":"FROM (","logger":"airflow.task.hooks.airflow.providers.standard.hooks.subprocess.SubprocessHook","filename":"subprocess.py","lineno":106}
{"timestamp":"2025-11-09T15:19:27.747165Z","level":"info","event":"SELECT","logger":"airflow.task.hooks.airflow.providers.standard.hooks.subprocess.SubprocessHook","filename":"subprocess.py","lineno":106}
{"timestamp":"2025-11-09T15:19:27.747183Z","level":"info","event":"country,","logger":"airflow.task.hooks.airflow.providers.standard.hooks.subprocess.SubprocessHook","filename":"subprocess.py","lineno":106}
{"timestamp":"2025-11-09T15:19:27.747202Z","level":"info","event":"cuisine,","logger":"airflow.task.hooks.airflow.providers.standard.hooks.subprocess.SubprocessHook","filename":"subprocess.py","lineno":106}
{"timestamp":"2025-11-09T15:19:27.747219Z","level":"info","event":"total_orders,","logger":"airflow.task.hooks.airflow.providers.standard.hooks.subprocess.SubprocessHook","filename":"subprocess.py","lineno":106}
{"timestamp":"2025-11-09T15:19:27.747238Z","level":"info","event":"avg_total_price,","logger":"airflow.task.hooks.airflow.providers.standard.hooks.subprocess.SubprocessHook","filename":"subprocess.py","lineno":106}
{"timestamp":"2025-11-09T15:19:27.747256Z","level":"info","event":"ROW_NUMBER() OVER (PARTITION BY country ORDER BY total_orders DESC) AS rank_in_country","logger":"airflow.task.hooks.airflow.providers.standard.hooks.subprocess.SubprocessHook","filename":"subprocess.py","lineno":106}
{"timestamp":"2025-11-09T15:19:27.747274Z","level":"info","event":"FROM (","logger":"airflow.task.hooks.airflow.providers.standard.hooks.subprocess.SubprocessHook","filename":"subprocess.py","lineno":106}
{"timestamp":"2025-11-09T15:19:27.747291Z","level":"info","event":"SELECT","logger":"airflow.task.hooks.airflow.providers.standard.hooks.subprocess.SubprocessHook","filename":"subprocess.py","lineno":106}
{"timestamp":"2025-11-09T15:19:27.747309Z","level":"info","event":"r.country,","logger":"airflow.task.hooks.airflow.providers.standard.hooks.subprocess.SubprocessHook","filename":"subprocess.py","lineno":106}
{"timestamp":"2025-11-09T15:19:27.747327Z","level":"info","event":"r.cuisine,","logger":"airflow.task.hooks.airflow.providers.standard.hooks.subprocess.SubprocessHook","filename":"subprocess.py","lineno":106}
{"timestamp":"2025-11-09T15:19:27.747346Z","level":"info","event":"SUM(s.total_orders) AS total_orders,","logger":"airflow.task.hooks.airflow.providers.standard.hooks.subprocess.SubprocessHook","filename":"subprocess.py","lineno":106}
{"timestamp":"2025-11-09T15:19:27.747365Z","level":"info","event":"ROUND(","logger":"airflow.task.hooks.airflow.providers.standard.hooks.subprocess.SubprocessHook","filename":"subprocess.py","lineno":106}
{"timestamp":"2025-11-09T15:19:27.747383Z","level":"info","event":"SUM(s.total_orders * s.avg_total_price) / SUM(s.total_orders),","logger":"airflow.task.hooks.airflow.providers.standard.hooks.subprocess.SubprocessHook","filename":"subprocess.py","lineno":106}
{"timestamp":"2025-11-09T15:19:27.747402Z","level":"info","event":"2","logger":"airflow.task.hooks.airflow.providers.standard.hooks.subprocess.SubprocessHook","filename":"subprocess.py","lineno":106}
{"timestamp":"2025-11-09T15:19:27.747422Z","level":"info","event":") AS avg_total_price","logger":"airflow.task.hooks.airflow.providers.standard.hooks.subprocess.SubprocessHook","filename":"subprocess.py","lineno":106}
{"timestamp":"2025-11-09T15:19:27.747441Z","level":"info","event":"FROM datasource3 s","logger":"airflow.task.hooks.airflow.providers.standard.hooks.subprocess.SubprocessHook","filename":"subprocess.py","lineno":106}
{"timestamp":"2025-11-09T15:19:27.747462Z","level":"info","event":"INNER JOIN datasource4 r ON s.restaurant_id = r.restaurant_id","logger":"airflow.task.hooks.airflow.providers.standard.hooks.subprocess.SubprocessHook","filename":"subprocess.py","lineno":106}
{"timestamp":"2025-11-09T15:19:27.747478Z","level":"info","event":"GROUP BY r.country, r.cuisine","logger":"airflow.task.hooks.airflow.providers.standard.hooks.subprocess.SubprocessHook","filename":"subprocess.py","lineno":106}
{"timestamp":"2025-11-09T15:19:27.747497Z","level":"info","event":") aggregated","logger":"airflow.task.hooks.airflow.providers.standard.hooks.subprocess.SubprocessHook","filename":"subprocess.py","lineno":106}
{"timestamp":"2025-11-09T15:19:27.747516Z","level":"info","event":") ranked","logger":"airflow.task.hooks.airflow.providers.standard.hooks.subprocess.SubprocessHook","filename":"subprocess.py","lineno":106}
{"timestamp":"2025-11-09T15:19:27.747533Z","level":"info","event":"ORDER BY country, rank_in_country","logger":"airflow.task.hooks.airflow.providers.standard.hooks.subprocess.SubprocessHook","filename":"subprocess.py","lineno":106}
{"timestamp":"2025-11-09T15:19:27.747551Z","level":"info","event":"INFO  : No Stats for default@datasource3, Columns: restaurant_id, total_orders, avg_total_price","logger":"airflow.task.hooks.airflow.providers.standard.hooks.subprocess.SubprocessHook","filename":"subprocess.py","lineno":106}
{"timestamp":"2025-11-09T15:19:27.747570Z","level":"info","event":"INFO  : No Stats for default@datasource4, Columns: country, restaurant_id, cuisine","logger":"airflow.task.hooks.airflow.providers.standard.hooks.subprocess.SubprocessHook","filename":"subprocess.py","lineno":106}
{"timestamp":"2025-11-09T15:19:27.747588Z","level":"info","event":"INFO  : Semantic Analysis Completed (retrial = false)","logger":"airflow.task.hooks.airflow.providers.standard.hooks.subprocess.SubprocessHook","filename":"subprocess.py","lineno":106}
{"timestamp":"2025-11-09T15:19:27.747607Z","level":"info","event":"INFO  : Created Hive schema: Schema(fieldSchemas:[FieldSchema(name:json_output, type:string, comment:null)], properties:null)","logger":"airflow.task.hooks.airflow.providers.standard.hooks.subprocess.SubprocessHook","filename":"subprocess.py","lineno":106}
{"timestamp":"2025-11-09T15:19:27.747626Z","level":"info","event":"INFO  : Completed compiling command(queryId=hadoop_20251109151922_3451479d-0e8b-463f-8150-064b3919f78a); Time taken: 0.86 seconds","logger":"airflow.task.hooks.airflow.providers.standard.hooks.subprocess.SubprocessHook","filename":"subprocess.py","lineno":106}
{"timestamp":"2025-11-09T15:19:27.747646Z","level":"info","event":"INFO  : Executing command(queryId=hadoop_20251109151922_3451479d-0e8b-463f-8150-064b3919f78a): INSERT OVERWRITE DIRECTORY '/datasource6'","logger":"airflow.task.hooks.airflow.providers.standard.hooks.subprocess.SubprocessHook","filename":"subprocess.py","lineno":106}
{"timestamp":"2025-11-09T15:19:27.747663Z","level":"info","event":"ROW FORMAT DELIMITED","logger":"airflow.task.hooks.airflow.providers.standard.hooks.subprocess.SubprocessHook","filename":"subprocess.py","lineno":106}
{"timestamp":"2025-11-09T15:19:27.747682Z","level":"info","event":"FIELDS TERMINATED BY '\\t'","logger":"airflow.task.hooks.airflow.providers.standard.hooks.subprocess.SubprocessHook","filename":"subprocess.py","lineno":106}
{"timestamp":"2025-11-09T15:19:27.747701Z","level":"info","event":"SELECT","logger":"airflow.task.hooks.airflow.providers.standard.hooks.subprocess.SubprocessHook","filename":"subprocess.py","lineno":106}
{"timestamp":"2025-11-09T15:19:27.747718Z","level":"info","event":"concat(","logger":"airflow.task.hooks.airflow.providers.standard.hooks.subprocess.SubprocessHook","filename":"subprocess.py","lineno":106}
{"timestamp":"2025-11-09T15:19:27.747731Z","level":"info","event":"'{\"country\":\"', regexp_replace(country, '\"', ''), '\",',","logger":"airflow.task.hooks.airflow.providers.standard.hooks.subprocess.SubprocessHook","filename":"subprocess.py","lineno":106}
{"timestamp":"2025-11-09T15:19:27.747742Z","level":"info","event":"'\"cuisine\":\"', regexp_replace(cuisine, '\"', ''), '\",',","logger":"airflow.task.hooks.airflow.providers.standard.hooks.subprocess.SubprocessHook","filename":"subprocess.py","lineno":106}
{"timestamp":"2025-11-09T15:19:27.747752Z","level":"info","event":"'\"total_orders\":', CAST(total_orders AS STRING), ',',","logger":"airflow.task.hooks.airflow.providers.standard.hooks.subprocess.SubprocessHook","filename":"subprocess.py","lineno":106}
{"timestamp":"2025-11-09T15:19:27.747762Z","level":"info","event":"'\"avg_total_price\":', CAST(avg_total_price AS STRING), ',',","logger":"airflow.task.hooks.airflow.providers.standard.hooks.subprocess.SubprocessHook","filename":"subprocess.py","lineno":106}
{"timestamp":"2025-11-09T15:19:27.747772Z","level":"info","event":"'\"rank_in_country\":', CAST(rank_in_country AS STRING), '}'","logger":"airflow.task.hooks.airflow.providers.standard.hooks.subprocess.SubprocessHook","filename":"subprocess.py","lineno":106}
{"timestamp":"2025-11-09T15:19:27.747782Z","level":"info","event":") AS json_output","logger":"airflow.task.hooks.airflow.providers.standard.hooks.subprocess.SubprocessHook","filename":"subprocess.py","lineno":106}
{"timestamp":"2025-11-09T15:19:27.747791Z","level":"info","event":"FROM (","logger":"airflow.task.hooks.airflow.providers.standard.hooks.subprocess.SubprocessHook","filename":"subprocess.py","lineno":106}
{"timestamp":"2025-11-09T15:19:27.747801Z","level":"info","event":"SELECT","logger":"airflow.task.hooks.airflow.providers.standard.hooks.subprocess.SubprocessHook","filename":"subprocess.py","lineno":106}
{"timestamp":"2025-11-09T15:19:27.747810Z","level":"info","event":"country,","logger":"airflow.task.hooks.airflow.providers.standard.hooks.subprocess.SubprocessHook","filename":"subprocess.py","lineno":106}
{"timestamp":"2025-11-09T15:19:27.747820Z","level":"info","event":"cuisine,","logger":"airflow.task.hooks.airflow.providers.standard.hooks.subprocess.SubprocessHook","filename":"subprocess.py","lineno":106}
{"timestamp":"2025-11-09T15:19:27.747829Z","level":"info","event":"total_orders,","logger":"airflow.task.hooks.airflow.providers.standard.hooks.subprocess.SubprocessHook","filename":"subprocess.py","lineno":106}
{"timestamp":"2025-11-09T15:19:27.747839Z","level":"info","event":"avg_total_price,","logger":"airflow.task.hooks.airflow.providers.standard.hooks.subprocess.SubprocessHook","filename":"subprocess.py","lineno":106}
{"timestamp":"2025-11-09T15:19:27.747849Z","level":"info","event":"ROW_NUMBER() OVER (PARTITION BY country ORDER BY total_orders DESC) AS rank_in_country","logger":"airflow.task.hooks.airflow.providers.standard.hooks.subprocess.SubprocessHook","filename":"subprocess.py","lineno":106}
{"timestamp":"2025-11-09T15:19:27.747859Z","level":"info","event":"FROM (","logger":"airflow.task.hooks.airflow.providers.standard.hooks.subprocess.SubprocessHook","filename":"subprocess.py","lineno":106}
{"timestamp":"2025-11-09T15:19:27.747868Z","level":"info","event":"SELECT","logger":"airflow.task.hooks.airflow.providers.standard.hooks.subprocess.SubprocessHook","filename":"subprocess.py","lineno":106}
{"timestamp":"2025-11-09T15:19:27.747878Z","level":"info","event":"r.country,","logger":"airflow.task.hooks.airflow.providers.standard.hooks.subprocess.SubprocessHook","filename":"subprocess.py","lineno":106}
{"timestamp":"2025-11-09T15:19:27.747887Z","level":"info","event":"r.cuisine,","logger":"airflow.task.hooks.airflow.providers.standard.hooks.subprocess.SubprocessHook","filename":"subprocess.py","lineno":106}
{"timestamp":"2025-11-09T15:19:27.747897Z","level":"info","event":"SUM(s.total_orders) AS total_orders,","logger":"airflow.task.hooks.airflow.providers.standard.hooks.subprocess.SubprocessHook","filename":"subprocess.py","lineno":106}
{"timestamp":"2025-11-09T15:19:27.747907Z","level":"info","event":"ROUND(","logger":"airflow.task.hooks.airflow.providers.standard.hooks.subprocess.SubprocessHook","filename":"subprocess.py","lineno":106}
{"timestamp":"2025-11-09T15:19:27.747917Z","level":"info","event":"SUM(s.total_orders * s.avg_total_price) / SUM(s.total_orders),","logger":"airflow.task.hooks.airflow.providers.standard.hooks.subprocess.SubprocessHook","filename":"subprocess.py","lineno":106}
{"timestamp":"2025-11-09T15:19:27.747926Z","level":"info","event":"2","logger":"airflow.task.hooks.airflow.providers.standard.hooks.subprocess.SubprocessHook","filename":"subprocess.py","lineno":106}
{"timestamp":"2025-11-09T15:19:27.747936Z","level":"info","event":") AS avg_total_price","logger":"airflow.task.hooks.airflow.providers.standard.hooks.subprocess.SubprocessHook","filename":"subprocess.py","lineno":106}
{"timestamp":"2025-11-09T15:19:27.747946Z","level":"info","event":"FROM datasource3 s","logger":"airflow.task.hooks.airflow.providers.standard.hooks.subprocess.SubprocessHook","filename":"subprocess.py","lineno":106}
{"timestamp":"2025-11-09T15:19:27.747956Z","level":"info","event":"INNER JOIN datasource4 r ON s.restaurant_id = r.restaurant_id","logger":"airflow.task.hooks.airflow.providers.standard.hooks.subprocess.SubprocessHook","filename":"subprocess.py","lineno":106}
{"timestamp":"2025-11-09T15:19:27.747970Z","level":"info","event":"GROUP BY r.country, r.cuisine","logger":"airflow.task.hooks.airflow.providers.standard.hooks.subprocess.SubprocessHook","filename":"subprocess.py","lineno":106}
{"timestamp":"2025-11-09T15:19:27.747980Z","level":"info","event":") aggregated","logger":"airflow.task.hooks.airflow.providers.standard.hooks.subprocess.SubprocessHook","filename":"subprocess.py","lineno":106}
{"timestamp":"2025-11-09T15:19:27.747990Z","level":"info","event":") ranked","logger":"airflow.task.hooks.airflow.providers.standard.hooks.subprocess.SubprocessHook","filename":"subprocess.py","lineno":106}
{"timestamp":"2025-11-09T15:19:27.747999Z","level":"info","event":"ORDER BY country, rank_in_country","logger":"airflow.task.hooks.airflow.providers.standard.hooks.subprocess.SubprocessHook","filename":"subprocess.py","lineno":106}
{"timestamp":"2025-11-09T15:19:27.748009Z","level":"info","event":"INFO  : Query ID = hadoop_20251109151922_3451479d-0e8b-463f-8150-064b3919f78a","logger":"airflow.task.hooks.airflow.providers.standard.hooks.subprocess.SubprocessHook","filename":"subprocess.py","lineno":106}
{"timestamp":"2025-11-09T15:19:27.748019Z","level":"info","event":"INFO  : Total jobs = 1","logger":"airflow.task.hooks.airflow.providers.standard.hooks.subprocess.SubprocessHook","filename":"subprocess.py","lineno":106}
{"timestamp":"2025-11-09T15:19:27.748029Z","level":"info","event":"INFO  : Launching Job 1 out of 1","logger":"airflow.task.hooks.airflow.providers.standard.hooks.subprocess.SubprocessHook","filename":"subprocess.py","lineno":106}
{"timestamp":"2025-11-09T15:19:27.748039Z","level":"info","event":"INFO  : Starting task [Stage-1:MAPRED] in serial mode","logger":"airflow.task.hooks.airflow.providers.standard.hooks.subprocess.SubprocessHook","filename":"subprocess.py","lineno":106}
{"timestamp":"2025-11-09T15:19:27.748049Z","level":"info","event":"INFO  : Subscribed to counters: [] for queryId: hadoop_20251109151922_3451479d-0e8b-463f-8150-064b3919f78a","logger":"airflow.task.hooks.airflow.providers.standard.hooks.subprocess.SubprocessHook","filename":"subprocess.py","lineno":106}
{"timestamp":"2025-11-09T15:19:27.748060Z","level":"info","event":"INFO  : Tez session hasn't been created yet. Opening session","logger":"airflow.task.hooks.airflow.providers.standard.hooks.subprocess.SubprocessHook","filename":"subprocess.py","lineno":106}
{"timestamp":"2025-11-09T15:19:27.748070Z","level":"info","event":"INFO  : Dag name: INSERT OVERWRITE DIRE......, rank_in_country (Stage-1)","logger":"airflow.task.hooks.airflow.providers.standard.hooks.subprocess.SubprocessHook","filename":"subprocess.py","lineno":106}
{"timestamp":"2025-11-09T15:19:27.748080Z","level":"info","event":"INFO  : Setting tez.task.scale.memory.reserve-fraction to 0.30000001192092896","logger":"airflow.task.hooks.airflow.providers.standard.hooks.subprocess.SubprocessHook","filename":"subprocess.py","lineno":106}
{"timestamp":"2025-11-09T15:19:27.748090Z","level":"info","event":"INFO  : HS2 Host: [master], Query ID: [hadoop_20251109151922_3451479d-0e8b-463f-8150-064b3919f78a], Dag ID: [dag_1762698772878_0004_1], DAG App ID: [application_1762698772878_0004], DAG App address: [worker1]","logger":"airflow.task.hooks.airflow.providers.standard.hooks.subprocess.SubprocessHook","filename":"subprocess.py","lineno":106}
{"timestamp":"2025-11-09T15:19:27.748103Z","level":"info","event":"INFO  : Status: Running (Executing on YARN cluster with App id application_1762698772878_0004)","logger":"airflow.task.hooks.airflow.providers.standard.hooks.subprocess.SubprocessHook","filename":"subprocess.py","lineno":106}
{"timestamp":"2025-11-09T15:19:27.748122Z","level":"info","event":"","logger":"airflow.task.hooks.airflow.providers.standard.hooks.subprocess.SubprocessHook","filename":"subprocess.py","lineno":106}
{"timestamp":"2025-11-09T15:19:28.247685Z","level":"info","event":"\u001b[2K----------------------------------------------------------------------------------------------","logger":"airflow.task.hooks.airflow.providers.standard.hooks.subprocess.SubprocessHook","filename":"subprocess.py","lineno":106}
{"timestamp":"2025-11-09T15:19:28.247968Z","level":"info","event":"\u001b[2K\u001b[36;1m        VERTICES      MODE        STATUS  TOTAL  COMPLETED  RUNNING  PENDING  FAILED  KILLED","logger":"airflow.task.hooks.airflow.providers.standard.hooks.subprocess.SubprocessHook","filename":"subprocess.py","lineno":106}
{"timestamp":"2025-11-09T15:19:28.248023Z","level":"info","event":"\u001b[22;0m\u001b[2K----------------------------------------------------------------------------------------------","logger":"airflow.task.hooks.airflow.providers.standard.hooks.subprocess.SubprocessHook","filename":"subprocess.py","lineno":106}
{"timestamp":"2025-11-09T15:19:28.253537Z","level":"info","event":"\u001b[2KMap 5            container        INITED      1          0        0        1       0       0","logger":"airflow.task.hooks.airflow.providers.standard.hooks.subprocess.SubprocessHook","filename":"subprocess.py","lineno":106}
{"timestamp":"2025-11-09T15:19:28.253629Z","level":"info","event":"Map 1            container       RUNNING      1          0        1        0       0       0","logger":"airflow.task.hooks.airflow.providers.standard.hooks.subprocess.SubprocessHook","filename":"subprocess.py","lineno":106}
{"timestamp":"2025-11-09T15:19:28.253653Z","level":"info","event":"Reducer 2        container        INITED      1          0        0        1       0       0","logger":"airflow.task.hooks.airflow.providers.standard.hooks.subprocess.SubprocessHook","filename":"subprocess.py","lineno":106}
{"timestamp":"2025-11-09T15:19:28.253668Z","level":"info","event":"Reducer 3        container        INITED      1          0        0        1       0       0","logger":"airflow.task.hooks.airflow.providers.standard.hooks.subprocess.SubprocessHook","filename":"subprocess.py","lineno":106}
{"timestamp":"2025-11-09T15:19:28.253681Z","level":"info","event":"Reducer 4        container        INITED      1          0        0        1       0       0","logger":"airflow.task.hooks.airflow.providers.standard.hooks.subprocess.SubprocessHook","filename":"subprocess.py","lineno":106}
{"timestamp":"2025-11-09T15:19:28.253776Z","level":"info","event":"\u001b[2K----------------------------------------------------------------------------------------------","logger":"airflow.task.hooks.airflow.providers.standard.hooks.subprocess.SubprocessHook","filename":"subprocess.py","lineno":106}
{"timestamp":"2025-11-09T15:19:28.253789Z","level":"info","event":"\u001b[2K\u001b[31;1mVERTICES: 00/05  [>>--------------------------] 0%    ELAPSED TIME: 2.09 s","logger":"airflow.task.hooks.airflow.providers.standard.hooks.subprocess.SubprocessHook","filename":"subprocess.py","lineno":106}
{"timestamp":"2025-11-09T15:19:28.253802Z","level":"info","event":"\u001b[22;0m\u001b[2K----------------------------------------------------------------------------------------------","logger":"airflow.task.hooks.airflow.providers.standard.hooks.subprocess.SubprocessHook","filename":"subprocess.py","lineno":106}
{"timestamp":"2025-11-09T15:19:28.754854Z","level":"info","event":"\u001b[11A\u001b[2K----------------------------------------------------------------------------------------------","logger":"airflow.task.hooks.airflow.providers.standard.hooks.subprocess.SubprocessHook","filename":"subprocess.py","lineno":106}
{"timestamp":"2025-11-09T15:19:28.754959Z","level":"info","event":"\u001b[2K\u001b[36;1m        VERTICES      MODE        STATUS  TOTAL  COMPLETED  RUNNING  PENDING  FAILED  KILLED","logger":"airflow.task.hooks.airflow.providers.standard.hooks.subprocess.SubprocessHook","filename":"subprocess.py","lineno":106}
{"timestamp":"2025-11-09T15:19:28.754991Z","level":"info","event":"\u001b[22;0m\u001b[2K----------------------------------------------------------------------------------------------","logger":"airflow.task.hooks.airflow.providers.standard.hooks.subprocess.SubprocessHook","filename":"subprocess.py","lineno":106}
{"timestamp":"2025-11-09T15:19:28.755244Z","level":"info","event":"\u001b[2KMap 5            container       RUNNING      1          0        1        0       0       0","logger":"airflow.task.hooks.airflow.providers.standard.hooks.subprocess.SubprocessHook","filename":"subprocess.py","lineno":106}
{"timestamp":"2025-11-09T15:19:28.755289Z","level":"info","event":"Map 1            container       RUNNING      1          0        1        0       0       0","logger":"airflow.task.hooks.airflow.providers.standard.hooks.subprocess.SubprocessHook","filename":"subprocess.py","lineno":106}
{"timestamp":"2025-11-09T15:19:28.755307Z","level":"info","event":"Reducer 2        container        INITED      1          0        0        1       0       0","logger":"airflow.task.hooks.airflow.providers.standard.hooks.subprocess.SubprocessHook","filename":"subprocess.py","lineno":106}
{"timestamp":"2025-11-09T15:19:28.755323Z","level":"info","event":"Reducer 3        container        INITED      1          0        0        1       0       0","logger":"airflow.task.hooks.airflow.providers.standard.hooks.subprocess.SubprocessHook","filename":"subprocess.py","lineno":106}
{"timestamp":"2025-11-09T15:19:28.755415Z","level":"info","event":"Reducer 4        container        INITED      1          0        0        1       0       0","logger":"airflow.task.hooks.airflow.providers.standard.hooks.subprocess.SubprocessHook","filename":"subprocess.py","lineno":106}
{"timestamp":"2025-11-09T15:19:28.755554Z","level":"info","event":"\u001b[2K----------------------------------------------------------------------------------------------","logger":"airflow.task.hooks.airflow.providers.standard.hooks.subprocess.SubprocessHook","filename":"subprocess.py","lineno":106}
{"timestamp":"2025-11-09T15:19:28.755575Z","level":"info","event":"\u001b[2K\u001b[31;1mVERTICES: 00/05  [>>--------------------------] 0%    ELAPSED TIME: 2.60 s","logger":"airflow.task.hooks.airflow.providers.standard.hooks.subprocess.SubprocessHook","filename":"subprocess.py","lineno":106}
{"timestamp":"2025-11-09T15:19:28.755590Z","level":"info","event":"\u001b[22;0m\u001b[2K----------------------------------------------------------------------------------------------","logger":"airflow.task.hooks.airflow.providers.standard.hooks.subprocess.SubprocessHook","filename":"subprocess.py","lineno":106}
{"timestamp":"2025-11-09T15:19:29.256504Z","level":"info","event":"\u001b[11A\u001b[2K----------------------------------------------------------------------------------------------","logger":"airflow.task.hooks.airflow.providers.standard.hooks.subprocess.SubprocessHook","filename":"subprocess.py","lineno":106}
{"timestamp":"2025-11-09T15:19:29.256607Z","level":"info","event":"\u001b[2K\u001b[36;1m        VERTICES      MODE        STATUS  TOTAL  COMPLETED  RUNNING  PENDING  FAILED  KILLED","logger":"airflow.task.hooks.airflow.providers.standard.hooks.subprocess.SubprocessHook","filename":"subprocess.py","lineno":106}
{"timestamp":"2025-11-09T15:19:29.256637Z","level":"info","event":"\u001b[22;0m\u001b[2K----------------------------------------------------------------------------------------------","logger":"airflow.task.hooks.airflow.providers.standard.hooks.subprocess.SubprocessHook","filename":"subprocess.py","lineno":106}
{"timestamp":"2025-11-09T15:19:29.256871Z","level":"info","event":"\u001b[2KMap 5 .......... container     SUCCEEDED      1          1        0        0       0       0","logger":"airflow.task.hooks.airflow.providers.standard.hooks.subprocess.SubprocessHook","filename":"subprocess.py","lineno":106}
{"timestamp":"2025-11-09T15:19:29.256907Z","level":"info","event":"Map 1            container       RUNNING      1          0        1        0       0       0","logger":"airflow.task.hooks.airflow.providers.standard.hooks.subprocess.SubprocessHook","filename":"subprocess.py","lineno":106}
{"timestamp":"2025-11-09T15:19:29.256928Z","level":"info","event":"Reducer 2        container        INITED      1          0        0        1       0       0","logger":"airflow.task.hooks.airflow.providers.standard.hooks.subprocess.SubprocessHook","filename":"subprocess.py","lineno":106}
{"timestamp":"2025-11-09T15:19:29.256947Z","level":"info","event":"Reducer 3        container        INITED      1          0        0        1       0       0","logger":"airflow.task.hooks.airflow.providers.standard.hooks.subprocess.SubprocessHook","filename":"subprocess.py","lineno":106}
{"timestamp":"2025-11-09T15:19:29.256965Z","level":"info","event":"Reducer 4        container        INITED      1          0        0        1       0       0","logger":"airflow.task.hooks.airflow.providers.standard.hooks.subprocess.SubprocessHook","filename":"subprocess.py","lineno":106}
{"timestamp":"2025-11-09T15:19:29.256983Z","level":"info","event":"\u001b[2K----------------------------------------------------------------------------------------------","logger":"airflow.task.hooks.airflow.providers.standard.hooks.subprocess.SubprocessHook","filename":"subprocess.py","lineno":106}
{"timestamp":"2025-11-09T15:19:29.256998Z","level":"info","event":"\u001b[2K\u001b[31;1mVERTICES: 01/05  [=====>>---------------------] 20%   ELAPSED TIME: 3.10 s","logger":"airflow.task.hooks.airflow.providers.standard.hooks.subprocess.SubprocessHook","filename":"subprocess.py","lineno":106}
{"timestamp":"2025-11-09T15:19:29.257012Z","level":"info","event":"\u001b[22;0m\u001b[2K----------------------------------------------------------------------------------------------","logger":"airflow.task.hooks.airflow.providers.standard.hooks.subprocess.SubprocessHook","filename":"subprocess.py","lineno":106}
{"timestamp":"2025-11-09T15:19:29.670535Z","level":"info","event":"\u001b[11A\u001b[2K----------------------------------------------------------------------------------------------","logger":"airflow.task.hooks.airflow.providers.standard.hooks.subprocess.SubprocessHook","filename":"subprocess.py","lineno":106}
{"timestamp":"2025-11-09T15:19:29.670638Z","level":"info","event":"\u001b[2K\u001b[36;1m        VERTICES      MODE        STATUS  TOTAL  COMPLETED  RUNNING  PENDING  FAILED  KILLED","logger":"airflow.task.hooks.airflow.providers.standard.hooks.subprocess.SubprocessHook","filename":"subprocess.py","lineno":106}
{"timestamp":"2025-11-09T15:19:29.670667Z","level":"info","event":"\u001b[22;0m\u001b[2K----------------------------------------------------------------------------------------------","logger":"airflow.task.hooks.airflow.providers.standard.hooks.subprocess.SubprocessHook","filename":"subprocess.py","lineno":106}
{"timestamp":"2025-11-09T15:19:29.670868Z","level":"info","event":"\u001b[2KMap 5 .......... container     SUCCEEDED      1          1        0        0       0       0","logger":"airflow.task.hooks.airflow.providers.standard.hooks.subprocess.SubprocessHook","filename":"subprocess.py","lineno":106}
{"timestamp":"2025-11-09T15:19:29.670904Z","level":"info","event":"Map 1 .......... container     SUCCEEDED      1          1        0        0       0       0","logger":"airflow.task.hooks.airflow.providers.standard.hooks.subprocess.SubprocessHook","filename":"subprocess.py","lineno":106}
{"timestamp":"2025-11-09T15:19:29.670926Z","level":"info","event":"Reducer 2 ...... container     SUCCEEDED      1          1        0        0       0       0","logger":"airflow.task.hooks.airflow.providers.standard.hooks.subprocess.SubprocessHook","filename":"subprocess.py","lineno":106}
{"timestamp":"2025-11-09T15:19:29.670945Z","level":"info","event":"Reducer 3 ...... container     SUCCEEDED      1          1        0        0       0       0","logger":"airflow.task.hooks.airflow.providers.standard.hooks.subprocess.SubprocessHook","filename":"subprocess.py","lineno":106}
{"timestamp":"2025-11-09T15:19:29.670963Z","level":"info","event":"Reducer 4 ...... container     SUCCEEDED      1          1        0        0       0       0","logger":"airflow.task.hooks.airflow.providers.standard.hooks.subprocess.SubprocessHook","filename":"subprocess.py","lineno":106}
{"timestamp":"2025-11-09T15:19:29.670980Z","level":"info","event":"\u001b[2K----------------------------------------------------------------------------------------------","logger":"airflow.task.hooks.airflow.providers.standard.hooks.subprocess.SubprocessHook","filename":"subprocess.py","lineno":106}
{"timestamp":"2025-11-09T15:19:29.670993Z","level":"info","event":"\u001b[2K\u001b[31;1mVERTICES: 05/05  [==========================>>] 100%  ELAPSED TIME: 3.51 s","logger":"airflow.task.hooks.airflow.providers.standard.hooks.subprocess.SubprocessHook","filename":"subprocess.py","lineno":106}
{"timestamp":"2025-11-09T15:19:29.671003Z","level":"info","event":"\u001b[22;0m\u001b[2K----------------------------------------------------------------------------------------------","logger":"airflow.task.hooks.airflow.providers.standard.hooks.subprocess.SubprocessHook","filename":"subprocess.py","lineno":106}
{"timestamp":"2025-11-09T15:19:29.671527Z","level":"info","event":"INFO  : Starting task [Stage-2:DEPENDENCY_COLLECTION] in serial mode","logger":"airflow.task.hooks.airflow.providers.standard.hooks.subprocess.SubprocessHook","filename":"subprocess.py","lineno":106}
{"timestamp":"2025-11-09T15:19:29.671543Z","level":"info","event":"INFO  : Starting task [Stage-0:MOVE] in serial mode","logger":"airflow.task.hooks.airflow.providers.standard.hooks.subprocess.SubprocessHook","filename":"subprocess.py","lineno":106}
{"timestamp":"2025-11-09T15:19:29.671554Z","level":"info","event":"INFO  : Moving data to directory /datasource6 from hdfs://master:8020/datasource6/.hive-staging_hive_2025-11-09_15-19-22_273_4882230078936472498-1/-ext-10000","logger":"airflow.task.hooks.airflow.providers.standard.hooks.subprocess.SubprocessHook","filename":"subprocess.py","lineno":106}
{"timestamp":"2025-11-09T15:19:29.671567Z","level":"info","event":"INFO  : Time taken to move files:\t 2 ms","logger":"airflow.task.hooks.airflow.providers.standard.hooks.subprocess.SubprocessHook","filename":"subprocess.py","lineno":106}
{"timestamp":"2025-11-09T15:19:29.671577Z","level":"info","event":"INFO  : Completed executing command(queryId=hadoop_20251109151922_3451479d-0e8b-463f-8150-064b3919f78a); Time taken: 6.534 seconds","logger":"airflow.task.hooks.airflow.providers.standard.hooks.subprocess.SubprocessHook","filename":"subprocess.py","lineno":106}
{"timestamp":"2025-11-09T15:19:29.672302Z","level":"info","event":"\u001b[11A\u001b[2K----------------------------------------------------------------------------------------------","logger":"airflow.task.hooks.airflow.providers.standard.hooks.subprocess.SubprocessHook","filename":"subprocess.py","lineno":106}
{"timestamp":"2025-11-09T15:19:29.672386Z","level":"info","event":"\u001b[2K\u001b[36;1m        VERTICES      MODE        STATUS  TOTAL  COMPLETED  RUNNING  PENDING  FAILED  KILLED","logger":"airflow.task.hooks.airflow.providers.standard.hooks.subprocess.SubprocessHook","filename":"subprocess.py","lineno":106}
{"timestamp":"2025-11-09T15:19:29.672414Z","level":"info","event":"\u001b[22;0m\u001b[2K----------------------------------------------------------------------------------------------","logger":"airflow.task.hooks.airflow.providers.standard.hooks.subprocess.SubprocessHook","filename":"subprocess.py","lineno":106}
{"timestamp":"2025-11-09T15:19:29.672618Z","level":"info","event":"\u001b[2KMap 5 .......... container     SUCCEEDED      1          1        0        0       0       0","logger":"airflow.task.hooks.airflow.providers.standard.hooks.subprocess.SubprocessHook","filename":"subprocess.py","lineno":106}
{"timestamp":"2025-11-09T15:19:29.672648Z","level":"info","event":"Map 1 .......... container     SUCCEEDED      1          1        0        0       0       0","logger":"airflow.task.hooks.airflow.providers.standard.hooks.subprocess.SubprocessHook","filename":"subprocess.py","lineno":106}
{"timestamp":"2025-11-09T15:19:29.672669Z","level":"info","event":"Reducer 2 ...... container     SUCCEEDED      1          1        0        0       0       0","logger":"airflow.task.hooks.airflow.providers.standard.hooks.subprocess.SubprocessHook","filename":"subprocess.py","lineno":106}
{"timestamp":"2025-11-09T15:19:29.672688Z","level":"info","event":"Reducer 3 ...... container     SUCCEEDED      1          1        0        0       0       0","logger":"airflow.task.hooks.airflow.providers.standard.hooks.subprocess.SubprocessHook","filename":"subprocess.py","lineno":106}
{"timestamp":"2025-11-09T15:19:29.672705Z","level":"info","event":"Reducer 4 ...... container     SUCCEEDED      1          1        0        0       0       0","logger":"airflow.task.hooks.airflow.providers.standard.hooks.subprocess.SubprocessHook","filename":"subprocess.py","lineno":106}
{"timestamp":"2025-11-09T15:19:29.672723Z","level":"info","event":"\u001b[2K----------------------------------------------------------------------------------------------","logger":"airflow.task.hooks.airflow.providers.standard.hooks.subprocess.SubprocessHook","filename":"subprocess.py","lineno":106}
{"timestamp":"2025-11-09T15:19:29.672738Z","level":"info","event":"\u001b[2K\u001b[31;1mVERTICES: 05/05  [==========================>>] 100%  ELAPSED TIME: 3.51 s","logger":"airflow.task.hooks.airflow.providers.standard.hooks.subprocess.SubprocessHook","filename":"subprocess.py","lineno":106}
{"timestamp":"2025-11-09T15:19:29.672753Z","level":"info","event":"\u001b[22;0m\u001b[2K----------------------------------------------------------------------------------------------","logger":"airflow.task.hooks.airflow.providers.standard.hooks.subprocess.SubprocessHook","filename":"subprocess.py","lineno":106}
{"timestamp":"2025-11-09T15:19:29.672881Z","level":"info","event":"No rows affected (7.401 seconds)","logger":"airflow.task.hooks.airflow.providers.standard.hooks.subprocess.SubprocessHook","filename":"subprocess.py","lineno":106}
{"timestamp":"2025-11-09T15:19:29.677227Z","level":"info","event":"0: jdbc:hive2://localhost:10000/default>","logger":"airflow.task.hooks.airflow.providers.standard.hooks.subprocess.SubprocessHook","filename":"subprocess.py","lineno":106}
{"timestamp":"2025-11-09T15:19:29.681996Z","level":"info","event":"0: jdbc:hive2://localhost:10000/default> Closing: 0: jdbc:hive2://localhost:10000/default","logger":"airflow.task.hooks.airflow.providers.standard.hooks.subprocess.SubprocessHook","filename":"subprocess.py","lineno":106}
{"timestamp":"2025-11-09T15:19:29.709888Z","level":"info","event":"Command exited with return code 0","logger":"airflow.task.hooks.airflow.providers.standard.hooks.subprocess.SubprocessHook","filename":"subprocess.py","lineno":110}
{"timestamp":"2025-11-09T15:19:29.710343Z","level":"info","event":"Pushing xcom","ti":"RuntimeTaskInstance(id=UUID('019a6932-aa70-7643-b739-1a5b057fedd9'), task_id='hive', dag_id='project1-workflow', run_id='manual__2025-11-09T15:18:39.455218+00:00', try_number=1, dag_version_id=UUID('019a6931-5447-7527-b6d0-a4ea81a3b88a'), map_index=-1, hostname='master', context_carrier={}, task=<Task(BashOperator): hive>, bundle_instance=LocalDagBundle(name=dags-folder), max_tries=0, start_date=datetime.datetime(2025, 11, 9, 15, 19, 17, 898912, tzinfo=datetime.timezone.utc), end_date=None, state=<TaskInstanceState.RUNNING: 'running'>, is_mapped=False, rendered_map_index=None)","logger":"task","filename":"task_runner.py","lineno":1352}
