{"timestamp":"2025-11-14T07:59:22.244176Z","level":"info","event":"DAG bundles loaded: dags-folder, example_dags","logger":"airflow.dag_processing.bundles.manager.DagBundlesManager","filename":"manager.py","lineno":179}
{"timestamp":"2025-11-14T07:59:22.245444Z","level":"info","event":"Filling up the DagBag from /home/hadoop/airflow/dags/projekt1.py","logger":"airflow.models.dagbag.DagBag","filename":"dagbag.py","lineno":593}
{"timestamp":"2025-11-14T07:59:22.340383Z","level":"info","event":"Task instance is in running state","logger":"task.stdout"}
{"timestamp":"2025-11-14T07:59:22.340601Z","level":"info","event":" Previous state of the Task instance: TaskInstanceState.QUEUED","logger":"task.stdout"}
{"timestamp":"2025-11-14T07:59:22.347776Z","level":"info","event":"Current task name:hive","logger":"task.stdout"}
{"timestamp":"2025-11-14T07:59:22.347951Z","level":"info","event":"Dag name:project1-workflow","logger":"task.stdout"}
{"timestamp":"2025-11-14T07:59:22.348768Z","level":"info","event":"Tmp dir root location: /tmp","logger":"airflow.task.hooks.airflow.providers.standard.hooks.subprocess.SubprocessHook","filename":"subprocess.py","lineno":78}
{"timestamp":"2025-11-14T07:59:22.349706Z","level":"info","event":"Running command: ['/usr/bin/bash', '-c', 'beeline -n hadoop -u jdbc:hive2://localhost:10000/default -f /home/hadoop/airflow/dags/project_files/hive.hql                  --hiveconf input_dir3=/project1/output_mr3                  --hiveconf input_dir4=/tmp/input/datasource4                  --hiveconf output_dir6=/project1/output6 ']","logger":"airflow.task.hooks.airflow.providers.standard.hooks.subprocess.SubprocessHook","filename":"subprocess.py","lineno":88}
{"timestamp":"2025-11-14T07:59:22.370169Z","level":"info","event":"Output:","logger":"airflow.task.hooks.airflow.providers.standard.hooks.subprocess.SubprocessHook","filename":"subprocess.py","lineno":99}
{"timestamp":"2025-11-14T07:59:22.804157Z","level":"info","event":"WARNING: Using incubator modules: jdk.incubator.vector","logger":"airflow.task.hooks.airflow.providers.standard.hooks.subprocess.SubprocessHook","filename":"subprocess.py","lineno":106}
{"timestamp":"2025-11-14T07:59:25.331075Z","level":"info","event":"Connecting to jdbc:hive2://localhost:10000/default","logger":"airflow.task.hooks.airflow.providers.standard.hooks.subprocess.SubprocessHook","filename":"subprocess.py","lineno":106}
{"timestamp":"2025-11-14T07:59:25.759426Z","level":"info","event":"Connected to: Apache Hive (version 4.1.0)","logger":"airflow.task.hooks.airflow.providers.standard.hooks.subprocess.SubprocessHook","filename":"subprocess.py","lineno":106}
{"timestamp":"2025-11-14T07:59:25.760237Z","level":"info","event":"Driver: Hive JDBC (version 2.3.10)","logger":"airflow.task.hooks.airflow.providers.standard.hooks.subprocess.SubprocessHook","filename":"subprocess.py","lineno":106}
{"timestamp":"2025-11-14T07:59:25.760411Z","level":"info","event":"Transaction isolation: TRANSACTION_REPEATABLE_READ","logger":"airflow.task.hooks.airflow.providers.standard.hooks.subprocess.SubprocessHook","filename":"subprocess.py","lineno":106}
{"timestamp":"2025-11-14T07:59:25.804308Z","level":"info","event":"0: jdbc:hive2://localhost:10000/default> DROP TABLE food_orders_ext;","logger":"airflow.task.hooks.airflow.providers.standard.hooks.subprocess.SubprocessHook","filename":"subprocess.py","lineno":106}
{"timestamp":"2025-11-14T07:59:26.278774Z","level":"info","event":"INFO  : Compiling command(queryId=hadoop_20251114075925_cf4a978e-379c-474a-9bcb-b68291444c48): DROP TABLE food_orders_ext","logger":"airflow.task.hooks.airflow.providers.standard.hooks.subprocess.SubprocessHook","filename":"subprocess.py","lineno":106}
{"timestamp":"2025-11-14T07:59:26.278965Z","level":"info","event":"INFO  : Semantic Analysis Completed (retrial = false)","logger":"airflow.task.hooks.airflow.providers.standard.hooks.subprocess.SubprocessHook","filename":"subprocess.py","lineno":106}
{"timestamp":"2025-11-14T07:59:26.279100Z","level":"info","event":"INFO  : Created Hive schema: Schema(fieldSchemas:null, properties:null)","logger":"airflow.task.hooks.airflow.providers.standard.hooks.subprocess.SubprocessHook","filename":"subprocess.py","lineno":106}
{"timestamp":"2025-11-14T07:59:26.279169Z","level":"info","event":"INFO  : Completed compiling command(queryId=hadoop_20251114075925_cf4a978e-379c-474a-9bcb-b68291444c48); Time taken: 0.052 seconds","logger":"airflow.task.hooks.airflow.providers.standard.hooks.subprocess.SubprocessHook","filename":"subprocess.py","lineno":106}
{"timestamp":"2025-11-14T07:59:26.279224Z","level":"info","event":"INFO  : Executing command(queryId=hadoop_20251114075925_cf4a978e-379c-474a-9bcb-b68291444c48): DROP TABLE food_orders_ext","logger":"airflow.task.hooks.airflow.providers.standard.hooks.subprocess.SubprocessHook","filename":"subprocess.py","lineno":106}
{"timestamp":"2025-11-14T07:59:26.279276Z","level":"info","event":"INFO  : Starting task [Stage-0:DDL] in serial mode","logger":"airflow.task.hooks.airflow.providers.standard.hooks.subprocess.SubprocessHook","filename":"subprocess.py","lineno":106}
{"timestamp":"2025-11-14T07:59:26.279327Z","level":"info","event":"INFO  : Completed executing command(queryId=hadoop_20251114075925_cf4a978e-379c-474a-9bcb-b68291444c48); Time taken: 0.354 seconds","logger":"airflow.task.hooks.airflow.providers.standard.hooks.subprocess.SubprocessHook","filename":"subprocess.py","lineno":106}
{"timestamp":"2025-11-14T07:59:26.283329Z","level":"info","event":"No rows affected (0.477 seconds)","logger":"airflow.task.hooks.airflow.providers.standard.hooks.subprocess.SubprocessHook","filename":"subprocess.py","lineno":106}
{"timestamp":"2025-11-14T07:59:26.304849Z","level":"info","event":"0: jdbc:hive2://localhost:10000/default> DROP TABLE restaurants_ext;","logger":"airflow.task.hooks.airflow.providers.standard.hooks.subprocess.SubprocessHook","filename":"subprocess.py","lineno":106}
{"timestamp":"2025-11-14T07:59:26.466484Z","level":"info","event":"INFO  : Compiling command(queryId=hadoop_20251114075926_67b62257-ca34-4441-adaa-6ccd7c21a2ff): DROP TABLE restaurants_ext","logger":"airflow.task.hooks.airflow.providers.standard.hooks.subprocess.SubprocessHook","filename":"subprocess.py","lineno":106}
{"timestamp":"2025-11-14T07:59:26.466632Z","level":"info","event":"INFO  : Semantic Analysis Completed (retrial = false)","logger":"airflow.task.hooks.airflow.providers.standard.hooks.subprocess.SubprocessHook","filename":"subprocess.py","lineno":106}
{"timestamp":"2025-11-14T07:59:26.466699Z","level":"info","event":"INFO  : Created Hive schema: Schema(fieldSchemas:null, properties:null)","logger":"airflow.task.hooks.airflow.providers.standard.hooks.subprocess.SubprocessHook","filename":"subprocess.py","lineno":106}
{"timestamp":"2025-11-14T07:59:26.466749Z","level":"info","event":"INFO  : Completed compiling command(queryId=hadoop_20251114075926_67b62257-ca34-4441-adaa-6ccd7c21a2ff); Time taken: 0.033 seconds","logger":"airflow.task.hooks.airflow.providers.standard.hooks.subprocess.SubprocessHook","filename":"subprocess.py","lineno":106}
{"timestamp":"2025-11-14T07:59:26.466794Z","level":"info","event":"INFO  : Executing command(queryId=hadoop_20251114075926_67b62257-ca34-4441-adaa-6ccd7c21a2ff): DROP TABLE restaurants_ext","logger":"airflow.task.hooks.airflow.providers.standard.hooks.subprocess.SubprocessHook","filename":"subprocess.py","lineno":106}
{"timestamp":"2025-11-14T07:59:26.466855Z","level":"info","event":"INFO  : Starting task [Stage-0:DDL] in serial mode","logger":"airflow.task.hooks.airflow.providers.standard.hooks.subprocess.SubprocessHook","filename":"subprocess.py","lineno":106}
{"timestamp":"2025-11-14T07:59:26.466898Z","level":"info","event":"INFO  : Completed executing command(queryId=hadoop_20251114075926_67b62257-ca34-4441-adaa-6ccd7c21a2ff); Time taken: 0.119 seconds","logger":"airflow.task.hooks.airflow.providers.standard.hooks.subprocess.SubprocessHook","filename":"subprocess.py","lineno":106}
{"timestamp":"2025-11-14T07:59:26.468933Z","level":"info","event":"No rows affected (0.164 seconds)","logger":"airflow.task.hooks.airflow.providers.standard.hooks.subprocess.SubprocessHook","filename":"subprocess.py","lineno":106}
{"timestamp":"2025-11-14T07:59:26.478593Z","level":"info","event":"0: jdbc:hive2://localhost:10000/default> DROP VIEW cuisines;","logger":"airflow.task.hooks.airflow.providers.standard.hooks.subprocess.SubprocessHook","filename":"subprocess.py","lineno":106}
{"timestamp":"2025-11-14T07:59:26.617875Z","level":"info","event":"INFO  : Compiling command(queryId=hadoop_20251114075926_96be5860-52c0-459a-97ad-a0f8440a6362): DROP VIEW cuisines","logger":"airflow.task.hooks.airflow.providers.standard.hooks.subprocess.SubprocessHook","filename":"subprocess.py","lineno":106}
{"timestamp":"2025-11-14T07:59:26.618116Z","level":"info","event":"INFO  : Semantic Analysis Completed (retrial = false)","logger":"airflow.task.hooks.airflow.providers.standard.hooks.subprocess.SubprocessHook","filename":"subprocess.py","lineno":106}
{"timestamp":"2025-11-14T07:59:26.618203Z","level":"info","event":"INFO  : Created Hive schema: Schema(fieldSchemas:null, properties:null)","logger":"airflow.task.hooks.airflow.providers.standard.hooks.subprocess.SubprocessHook","filename":"subprocess.py","lineno":106}
{"timestamp":"2025-11-14T07:59:26.618273Z","level":"info","event":"INFO  : Completed compiling command(queryId=hadoop_20251114075926_96be5860-52c0-459a-97ad-a0f8440a6362); Time taken: 0.023 seconds","logger":"airflow.task.hooks.airflow.providers.standard.hooks.subprocess.SubprocessHook","filename":"subprocess.py","lineno":106}
{"timestamp":"2025-11-14T07:59:26.618505Z","level":"info","event":"INFO  : Executing command(queryId=hadoop_20251114075926_96be5860-52c0-459a-97ad-a0f8440a6362): DROP VIEW cuisines","logger":"airflow.task.hooks.airflow.providers.standard.hooks.subprocess.SubprocessHook","filename":"subprocess.py","lineno":106}
{"timestamp":"2025-11-14T07:59:26.618557Z","level":"info","event":"INFO  : Starting task [Stage-0:DDL] in serial mode","logger":"airflow.task.hooks.airflow.providers.standard.hooks.subprocess.SubprocessHook","filename":"subprocess.py","lineno":106}
{"timestamp":"2025-11-14T07:59:26.618603Z","level":"info","event":"INFO  : Completed executing command(queryId=hadoop_20251114075926_96be5860-52c0-459a-97ad-a0f8440a6362); Time taken: 0.106 seconds","logger":"airflow.task.hooks.airflow.providers.standard.hooks.subprocess.SubprocessHook","filename":"subprocess.py","lineno":106}
{"timestamp":"2025-11-14T07:59:26.620957Z","level":"info","event":"No rows affected (0.142 seconds)","logger":"airflow.task.hooks.airflow.providers.standard.hooks.subprocess.SubprocessHook","filename":"subprocess.py","lineno":106}
{"timestamp":"2025-11-14T07:59:26.631542Z","level":"info","event":"0: jdbc:hive2://localhost:10000/default> DROP VIEW cuisines_ranked;","logger":"airflow.task.hooks.airflow.providers.standard.hooks.subprocess.SubprocessHook","filename":"subprocess.py","lineno":106}
{"timestamp":"2025-11-14T07:59:26.692819Z","level":"info","event":"INFO  : Compiling command(queryId=hadoop_20251114075926_69ffa259-0c87-411f-bb2e-ab969a7af515): DROP VIEW cuisines_ranked","logger":"airflow.task.hooks.airflow.providers.standard.hooks.subprocess.SubprocessHook","filename":"subprocess.py","lineno":106}
{"timestamp":"2025-11-14T07:59:26.693044Z","level":"info","event":"INFO  : Semantic Analysis Completed (retrial = false)","logger":"airflow.task.hooks.airflow.providers.standard.hooks.subprocess.SubprocessHook","filename":"subprocess.py","lineno":106}
{"timestamp":"2025-11-14T07:59:26.693146Z","level":"info","event":"INFO  : Created Hive schema: Schema(fieldSchemas:null, properties:null)","logger":"airflow.task.hooks.airflow.providers.standard.hooks.subprocess.SubprocessHook","filename":"subprocess.py","lineno":106}
{"timestamp":"2025-11-14T07:59:26.693218Z","level":"info","event":"INFO  : Completed compiling command(queryId=hadoop_20251114075926_69ffa259-0c87-411f-bb2e-ab969a7af515); Time taken: 0.021 seconds","logger":"airflow.task.hooks.airflow.providers.standard.hooks.subprocess.SubprocessHook","filename":"subprocess.py","lineno":106}
{"timestamp":"2025-11-14T07:59:26.693293Z","level":"info","event":"INFO  : Executing command(queryId=hadoop_20251114075926_69ffa259-0c87-411f-bb2e-ab969a7af515): DROP VIEW cuisines_ranked","logger":"airflow.task.hooks.airflow.providers.standard.hooks.subprocess.SubprocessHook","filename":"subprocess.py","lineno":106}
{"timestamp":"2025-11-14T07:59:26.693372Z","level":"info","event":"INFO  : Starting task [Stage-0:DDL] in serial mode","logger":"airflow.task.hooks.airflow.providers.standard.hooks.subprocess.SubprocessHook","filename":"subprocess.py","lineno":106}
{"timestamp":"2025-11-14T07:59:26.696420Z","level":"info","event":"Error: Error while compiling statement: FAILED: Execution Error, return code 40000 from org.apache.hadoop.hive.ql.ddl.DDLTask. Cannot drop a base table with DROP VIEW; Query ID: hadoop_20251114075926_69ffa259-0c87-411f-bb2e-ab969a7af515 (state=08S01,code=40000)","logger":"airflow.task.hooks.airflow.providers.standard.hooks.subprocess.SubprocessHook","filename":"subprocess.py","lineno":106}
{"timestamp":"2025-11-14T07:59:26.708779Z","level":"info","event":"Closing: 0: jdbc:hive2://localhost:10000/default","logger":"airflow.task.hooks.airflow.providers.standard.hooks.subprocess.SubprocessHook","filename":"subprocess.py","lineno":106}
{"timestamp":"2025-11-14T07:59:26.768905Z","level":"info","event":"Command exited with return code 2","logger":"airflow.task.hooks.airflow.providers.standard.hooks.subprocess.SubprocessHook","filename":"subprocess.py","lineno":110}
{"timestamp":"2025-11-14T07:59:26.770146Z","level":"error","event":"Task failed with exception","logger":"task","filename":"task_runner.py","lineno":972,"error_detail":[{"exc_type":"AirflowException","exc_value":"Bash command failed. The command returned a non-zero exit code 2.","exc_notes":[],"syntax_error":null,"is_cause":false,"frames":[{"filename":"/home/hadoop/.venv/lib/python3.11/site-packages/airflow/sdk/execution_time/task_runner.py","lineno":920,"name":"run"},{"filename":"/home/hadoop/.venv/lib/python3.11/site-packages/airflow/sdk/execution_time/task_runner.py","lineno":1307,"name":"_execute_task"},{"filename":"/home/hadoop/.venv/lib/python3.11/site-packages/airflow/sdk/bases/operator.py","lineno":416,"name":"wrapper"},{"filename":"/home/hadoop/.venv/lib/python3.11/site-packages/airflow/providers/standard/operators/bash.py","lineno":232,"name":"execute"}],"is_group":false,"exceptions":[]}]}
{"timestamp":"2025-11-14T07:59:26.772050Z","level":"info","event":"Task instance in failure state","logger":"task.stdout"}
{"timestamp":"2025-11-14T07:59:26.778261Z","level":"info","event":"Task start","logger":"task.stdout"}
{"timestamp":"2025-11-14T07:59:26.778444Z","level":"info","event":"Task:<Task(BashOperator): hive>","logger":"task.stdout"}
{"timestamp":"2025-11-14T07:59:26.778525Z","level":"info","event":"Failure caused by Bash command failed. The command returned a non-zero exit code 2.","logger":"task.stdout"}
