{"timestamp":"2025-11-09T15:18:41.701014Z","level":"info","event":"DAG bundles loaded: dags-folder","logger":"airflow.dag_processing.bundles.manager.DagBundlesManager","filename":"manager.py","lineno":179}
{"timestamp":"2025-11-09T15:18:41.701371Z","level":"info","event":"Filling up the DagBag from /home/hadoop/airflow/dags/projekt1.py","logger":"airflow.models.dagbag.DagBag","filename":"dagbag.py","lineno":593}
{"timestamp":"2025-11-09T15:18:41.719278Z","level":"info","event":"Tmp dir root location: /tmp","logger":"airflow.task.hooks.airflow.providers.standard.hooks.subprocess.SubprocessHook","filename":"subprocess.py","lineno":78}
{"timestamp":"2025-11-09T15:18:41.719516Z","level":"info","event":"Running command: ['/usr/bin/bash', '-c', 'hdfs dfs -rm -r -f /datasource3 && hadoop jar $HADOOP_HOME/share/hadoop/tools/lib/hadoop-streaming*.jar -input /datasource1 -output /datasource3 -mapper /home/hadoop/airflow/dags/project_files/mapper.py -combiner /home/hadoop/airflow/dags/project_files/combiner.py -reducer /home/hadoop/airflow/dags/project_files/reducer.py -file /home/hadoop/airflow/dags/project_files/mapper.py -file /home/hadoop/airflow/dags/project_files/combiner.py -file /home/hadoop/airflow/dags/project_files/reducer.py']","logger":"airflow.task.hooks.airflow.providers.standard.hooks.subprocess.SubprocessHook","filename":"subprocess.py","lineno":88}
{"timestamp":"2025-11-09T15:18:41.725035Z","level":"info","event":"Output:","logger":"airflow.task.hooks.airflow.providers.standard.hooks.subprocess.SubprocessHook","filename":"subprocess.py","lineno":99}
{"timestamp":"2025-11-09T15:18:42.814009Z","level":"info","event":"2025-11-09 15:18:42,813 [main] WARN  org.apache.hadoop.streaming.StreamJob  - -file option is deprecated, please use generic option -files instead.","logger":"airflow.task.hooks.airflow.providers.standard.hooks.subprocess.SubprocessHook","filename":"subprocess.py","lineno":106}
{"timestamp":"2025-11-09T15:18:43.052281Z","level":"info","event":"packageJobJar: [/home/hadoop/airflow/dags/project_files/mapper.py, /home/hadoop/airflow/dags/project_files/combiner.py, /home/hadoop/airflow/dags/project_files/reducer.py, /tmp/hadoop-unjar5851844771977410474/] [] /tmp/streamjob17538058289415095640.jar tmpDir=null","logger":"airflow.task.hooks.airflow.providers.standard.hooks.subprocess.SubprocessHook","filename":"subprocess.py","lineno":106}
{"timestamp":"2025-11-09T15:18:43.147574Z","level":"info","event":"2025-11-09 15:18:43,147 [main] INFO  org.apache.hadoop.yarn.client.DefaultNoHARMFailoverProxyProvider  - Connecting to ResourceManager at master/172.28.1.2:8032","logger":"airflow.task.hooks.airflow.providers.standard.hooks.subprocess.SubprocessHook","filename":"subprocess.py","lineno":106}
{"timestamp":"2025-11-09T15:18:43.182210Z","level":"info","event":"2025-11-09 15:18:43,182 [main] INFO  org.apache.hadoop.yarn.client.AHSProxy  - Connecting to Application History server at master/172.28.1.2:10200","logger":"airflow.task.hooks.airflow.providers.standard.hooks.subprocess.SubprocessHook","filename":"subprocess.py","lineno":106}
{"timestamp":"2025-11-09T15:18:43.198117Z","level":"info","event":"2025-11-09 15:18:43,198 [main] INFO  org.apache.hadoop.yarn.client.DefaultNoHARMFailoverProxyProvider  - Connecting to ResourceManager at master/172.28.1.2:8032","logger":"airflow.task.hooks.airflow.providers.standard.hooks.subprocess.SubprocessHook","filename":"subprocess.py","lineno":106}
{"timestamp":"2025-11-09T15:18:43.198248Z","level":"info","event":"2025-11-09 15:18:43,198 [main] INFO  org.apache.hadoop.yarn.client.AHSProxy  - Connecting to Application History server at master/172.28.1.2:10200","logger":"airflow.task.hooks.airflow.providers.standard.hooks.subprocess.SubprocessHook","filename":"subprocess.py","lineno":106}
{"timestamp":"2025-11-09T15:18:43.284738Z","level":"info","event":"2025-11-09 15:18:43,284 [main] INFO  org.apache.hadoop.mapreduce.JobResourceUploader  - Disabling Erasure Coding for path: /tmp/hadoop-yarn/staging/hadoop/.staging/job_1762698772878_0003","logger":"airflow.task.hooks.airflow.providers.standard.hooks.subprocess.SubprocessHook","filename":"subprocess.py","lineno":106}
{"timestamp":"2025-11-09T15:18:43.453419Z","level":"info","event":"2025-11-09 15:18:43,453 [main] INFO  org.apache.hadoop.mapred.FileInputFormat  - Total input files to process : 100","logger":"airflow.task.hooks.airflow.providers.standard.hooks.subprocess.SubprocessHook","filename":"subprocess.py","lineno":106}
{"timestamp":"2025-11-09T15:18:43.477653Z","level":"info","event":"2025-11-09 15:18:43,477 [main] INFO  org.apache.hadoop.mapreduce.JobSubmitter  - number of splits:100","logger":"airflow.task.hooks.airflow.providers.standard.hooks.subprocess.SubprocessHook","filename":"subprocess.py","lineno":106}
{"timestamp":"2025-11-09T15:18:43.534912Z","level":"info","event":"2025-11-09 15:18:43,534 [main] INFO  org.apache.hadoop.mapreduce.JobSubmitter  - Submitting tokens for job: job_1762698772878_0003","logger":"airflow.task.hooks.airflow.providers.standard.hooks.subprocess.SubprocessHook","filename":"subprocess.py","lineno":106}
{"timestamp":"2025-11-09T15:18:43.534994Z","level":"info","event":"2025-11-09 15:18:43,534 [main] INFO  org.apache.hadoop.mapreduce.JobSubmitter  - Executing with tokens: []","logger":"airflow.task.hooks.airflow.providers.standard.hooks.subprocess.SubprocessHook","filename":"subprocess.py","lineno":106}
{"timestamp":"2025-11-09T15:18:43.594553Z","level":"info","event":"2025-11-09 15:18:43,594 [main] INFO  org.apache.hadoop.conf.Configuration  - resource-types.xml not found","logger":"airflow.task.hooks.airflow.providers.standard.hooks.subprocess.SubprocessHook","filename":"subprocess.py","lineno":106}
{"timestamp":"2025-11-09T15:18:43.594637Z","level":"info","event":"2025-11-09 15:18:43,594 [main] INFO  org.apache.hadoop.yarn.util.resource.ResourceUtils  - Unable to find 'resource-types.xml'.","logger":"airflow.task.hooks.airflow.providers.standard.hooks.subprocess.SubprocessHook","filename":"subprocess.py","lineno":106}
{"timestamp":"2025-11-09T15:18:43.870864Z","level":"info","event":"2025-11-09 15:18:43,870 [main] INFO  org.apache.hadoop.yarn.client.api.impl.YarnClientImpl  - Submitted application application_1762698772878_0003","logger":"airflow.task.hooks.airflow.providers.standard.hooks.subprocess.SubprocessHook","filename":"subprocess.py","lineno":106}
{"timestamp":"2025-11-09T15:18:43.882245Z","level":"info","event":"2025-11-09 15:18:43,882 [main] INFO  org.apache.hadoop.mapreduce.Job  - The url to track the job: http://master:8088/proxy/application_1762698772878_0003/","logger":"airflow.task.hooks.airflow.providers.standard.hooks.subprocess.SubprocessHook","filename":"subprocess.py","lineno":106}
{"timestamp":"2025-11-09T15:18:43.882662Z","level":"info","event":"2025-11-09 15:18:43,882 [main] INFO  org.apache.hadoop.mapreduce.Job  - Running job: job_1762698772878_0003","logger":"airflow.task.hooks.airflow.providers.standard.hooks.subprocess.SubprocessHook","filename":"subprocess.py","lineno":106}
{"timestamp":"2025-11-09T15:18:47.918531Z","level":"info","event":"2025-11-09 15:18:47,918 [main] INFO  org.apache.hadoop.mapreduce.Job  - Job job_1762698772878_0003 running in uber mode : false","logger":"airflow.task.hooks.airflow.providers.standard.hooks.subprocess.SubprocessHook","filename":"subprocess.py","lineno":106}
{"timestamp":"2025-11-09T15:18:47.918932Z","level":"info","event":"2025-11-09 15:18:47,918 [main] INFO  org.apache.hadoop.mapreduce.Job  -  map 0% reduce 0%","logger":"airflow.task.hooks.airflow.providers.standard.hooks.subprocess.SubprocessHook","filename":"subprocess.py","lineno":106}
{"timestamp":"2025-11-09T15:18:50.992028Z","level":"info","event":"2025-11-09 15:18:50,991 [main] INFO  org.apache.hadoop.mapreduce.Job  -  map 3% reduce 0%","logger":"airflow.task.hooks.airflow.providers.standard.hooks.subprocess.SubprocessHook","filename":"subprocess.py","lineno":106}
{"timestamp":"2025-11-09T15:18:51.995588Z","level":"info","event":"2025-11-09 15:18:51,995 [main] INFO  org.apache.hadoop.mapreduce.Job  -  map 14% reduce 0%","logger":"airflow.task.hooks.airflow.providers.standard.hooks.subprocess.SubprocessHook","filename":"subprocess.py","lineno":106}
{"timestamp":"2025-11-09T15:18:54.006190Z","level":"info","event":"2025-11-09 15:18:54,004 [main] INFO  org.apache.hadoop.mapreduce.Job  -  map 20% reduce 0%","logger":"airflow.task.hooks.airflow.providers.standard.hooks.subprocess.SubprocessHook","filename":"subprocess.py","lineno":106}
{"timestamp":"2025-11-09T15:18:56.013102Z","level":"info","event":"2025-11-09 15:18:56,012 [main] INFO  org.apache.hadoop.mapreduce.Job  -  map 31% reduce 0%","logger":"airflow.task.hooks.airflow.providers.standard.hooks.subprocess.SubprocessHook","filename":"subprocess.py","lineno":106}
{"timestamp":"2025-11-09T15:18:57.016322Z","level":"info","event":"2025-11-09 15:18:57,016 [main] INFO  org.apache.hadoop.mapreduce.Job  -  map 33% reduce 0%","logger":"airflow.task.hooks.airflow.providers.standard.hooks.subprocess.SubprocessHook","filename":"subprocess.py","lineno":106}
{"timestamp":"2025-11-09T15:18:58.019968Z","level":"info","event":"2025-11-09 15:18:58,019 [main] INFO  org.apache.hadoop.mapreduce.Job  -  map 38% reduce 0%","logger":"airflow.task.hooks.airflow.providers.standard.hooks.subprocess.SubprocessHook","filename":"subprocess.py","lineno":106}
{"timestamp":"2025-11-09T15:18:59.024195Z","level":"info","event":"2025-11-09 15:18:59,022 [main] INFO  org.apache.hadoop.mapreduce.Job  -  map 44% reduce 0%","logger":"airflow.task.hooks.airflow.providers.standard.hooks.subprocess.SubprocessHook","filename":"subprocess.py","lineno":106}
{"timestamp":"2025-11-09T15:19:01.031056Z","level":"info","event":"2025-11-09 15:19:01,030 [main] INFO  org.apache.hadoop.mapreduce.Job  -  map 50% reduce 0%","logger":"airflow.task.hooks.airflow.providers.standard.hooks.subprocess.SubprocessHook","filename":"subprocess.py","lineno":106}
{"timestamp":"2025-11-09T15:19:02.033962Z","level":"info","event":"2025-11-09 15:19:02,033 [main] INFO  org.apache.hadoop.mapreduce.Job  -  map 55% reduce 0%","logger":"airflow.task.hooks.airflow.providers.standard.hooks.subprocess.SubprocessHook","filename":"subprocess.py","lineno":106}
{"timestamp":"2025-11-09T15:19:04.041929Z","level":"info","event":"2025-11-09 15:19:04,041 [main] INFO  org.apache.hadoop.mapreduce.Job  -  map 61% reduce 0%","logger":"airflow.task.hooks.airflow.providers.standard.hooks.subprocess.SubprocessHook","filename":"subprocess.py","lineno":106}
{"timestamp":"2025-11-09T15:19:05.046865Z","level":"info","event":"2025-11-09 15:19:05,044 [main] INFO  org.apache.hadoop.mapreduce.Job  -  map 66% reduce 0%","logger":"airflow.task.hooks.airflow.providers.standard.hooks.subprocess.SubprocessHook","filename":"subprocess.py","lineno":106}
{"timestamp":"2025-11-09T15:19:07.064778Z","level":"info","event":"2025-11-09 15:19:07,064 [main] INFO  org.apache.hadoop.mapreduce.Job  -  map 72% reduce 0%","logger":"airflow.task.hooks.airflow.providers.standard.hooks.subprocess.SubprocessHook","filename":"subprocess.py","lineno":106}
{"timestamp":"2025-11-09T15:19:08.067326Z","level":"info","event":"2025-11-09 15:19:08,067 [main] INFO  org.apache.hadoop.mapreduce.Job  -  map 77% reduce 7%","logger":"airflow.task.hooks.airflow.providers.standard.hooks.subprocess.SubprocessHook","filename":"subprocess.py","lineno":106}
{"timestamp":"2025-11-09T15:19:10.077416Z","level":"info","event":"2025-11-09 15:19:10,077 [main] INFO  org.apache.hadoop.mapreduce.Job  -  map 84% reduce 16%","logger":"airflow.task.hooks.airflow.providers.standard.hooks.subprocess.SubprocessHook","filename":"subprocess.py","lineno":106}
{"timestamp":"2025-11-09T15:19:11.083659Z","level":"info","event":"2025-11-09 15:19:11,083 [main] INFO  org.apache.hadoop.mapreduce.Job  -  map 88% reduce 25%","logger":"airflow.task.hooks.airflow.providers.standard.hooks.subprocess.SubprocessHook","filename":"subprocess.py","lineno":106}
{"timestamp":"2025-11-09T15:19:13.095219Z","level":"info","event":"2025-11-09 15:19:13,095 [main] INFO  org.apache.hadoop.mapreduce.Job  -  map 94% reduce 25%","logger":"airflow.task.hooks.airflow.providers.standard.hooks.subprocess.SubprocessHook","filename":"subprocess.py","lineno":106}
{"timestamp":"2025-11-09T15:19:14.097267Z","level":"info","event":"2025-11-09 15:19:14,097 [main] INFO  org.apache.hadoop.mapreduce.Job  -  map 99% reduce 27%","logger":"airflow.task.hooks.airflow.providers.standard.hooks.subprocess.SubprocessHook","filename":"subprocess.py","lineno":106}
{"timestamp":"2025-11-09T15:19:15.099409Z","level":"info","event":"2025-11-09 15:19:15,099 [main] INFO  org.apache.hadoop.mapreduce.Job  -  map 100% reduce 27%","logger":"airflow.task.hooks.airflow.providers.standard.hooks.subprocess.SubprocessHook","filename":"subprocess.py","lineno":106}
{"timestamp":"2025-11-09T15:19:16.101775Z","level":"info","event":"2025-11-09 15:19:16,101 [main] INFO  org.apache.hadoop.mapreduce.Job  -  map 100% reduce 76%","logger":"airflow.task.hooks.airflow.providers.standard.hooks.subprocess.SubprocessHook","filename":"subprocess.py","lineno":106}
{"timestamp":"2025-11-09T15:19:17.104280Z","level":"info","event":"2025-11-09 15:19:17,104 [main] INFO  org.apache.hadoop.mapreduce.Job  -  map 100% reduce 100%","logger":"airflow.task.hooks.airflow.providers.standard.hooks.subprocess.SubprocessHook","filename":"subprocess.py","lineno":106}
{"timestamp":"2025-11-09T15:19:17.107030Z","level":"info","event":"2025-11-09 15:19:17,106 [main] INFO  org.apache.hadoop.mapreduce.Job  - Job job_1762698772878_0003 completed successfully","logger":"airflow.task.hooks.airflow.providers.standard.hooks.subprocess.SubprocessHook","filename":"subprocess.py","lineno":106}
{"timestamp":"2025-11-09T15:19:17.143854Z","level":"info","event":"2025-11-09 15:19:17,143 [main] INFO  org.apache.hadoop.mapreduce.Job  - Counters: 55","logger":"airflow.task.hooks.airflow.providers.standard.hooks.subprocess.SubprocessHook","filename":"subprocess.py","lineno":106}
{"timestamp":"2025-11-09T15:19:17.143968Z","level":"info","event":"\tFile System Counters","logger":"airflow.task.hooks.airflow.providers.standard.hooks.subprocess.SubprocessHook","filename":"subprocess.py","lineno":106}
{"timestamp":"2025-11-09T15:19:17.144011Z","level":"info","event":"\t\tFILE: Number of bytes read=3660918","logger":"airflow.task.hooks.airflow.providers.standard.hooks.subprocess.SubprocessHook","filename":"subprocess.py","lineno":106}
{"timestamp":"2025-11-09T15:19:17.144047Z","level":"info","event":"\t\tFILE: Number of bytes written=39676008","logger":"airflow.task.hooks.airflow.providers.standard.hooks.subprocess.SubprocessHook","filename":"subprocess.py","lineno":106}
{"timestamp":"2025-11-09T15:19:17.144070Z","level":"info","event":"\t\tFILE: Number of read operations=0","logger":"airflow.task.hooks.airflow.providers.standard.hooks.subprocess.SubprocessHook","filename":"subprocess.py","lineno":106}
{"timestamp":"2025-11-09T15:19:17.144088Z","level":"info","event":"\t\tFILE: Number of large read operations=0","logger":"airflow.task.hooks.airflow.providers.standard.hooks.subprocess.SubprocessHook","filename":"subprocess.py","lineno":106}
{"timestamp":"2025-11-09T15:19:17.144131Z","level":"info","event":"\t\tFILE: Number of write operations=0","logger":"airflow.task.hooks.airflow.providers.standard.hooks.subprocess.SubprocessHook","filename":"subprocess.py","lineno":106}
{"timestamp":"2025-11-09T15:19:17.144149Z","level":"info","event":"\t\tHDFS: Number of bytes read=114351851","logger":"airflow.task.hooks.airflow.providers.standard.hooks.subprocess.SubprocessHook","filename":"subprocess.py","lineno":106}
{"timestamp":"2025-11-09T15:19:17.144165Z","level":"info","event":"\t\tHDFS: Number of bytes written=32200","logger":"airflow.task.hooks.airflow.providers.standard.hooks.subprocess.SubprocessHook","filename":"subprocess.py","lineno":106}
{"timestamp":"2025-11-09T15:19:17.144176Z","level":"info","event":"\t\tHDFS: Number of read operations=315","logger":"airflow.task.hooks.airflow.providers.standard.hooks.subprocess.SubprocessHook","filename":"subprocess.py","lineno":106}
{"timestamp":"2025-11-09T15:19:17.144188Z","level":"info","event":"\t\tHDFS: Number of large read operations=0","logger":"airflow.task.hooks.airflow.providers.standard.hooks.subprocess.SubprocessHook","filename":"subprocess.py","lineno":106}
{"timestamp":"2025-11-09T15:19:17.144199Z","level":"info","event":"\t\tHDFS: Number of write operations=6","logger":"airflow.task.hooks.airflow.providers.standard.hooks.subprocess.SubprocessHook","filename":"subprocess.py","lineno":106}
{"timestamp":"2025-11-09T15:19:17.144212Z","level":"info","event":"\t\tHDFS: Number of bytes read erasure-coded=0","logger":"airflow.task.hooks.airflow.providers.standard.hooks.subprocess.SubprocessHook","filename":"subprocess.py","lineno":106}
{"timestamp":"2025-11-09T15:19:17.144224Z","level":"info","event":"\tJob Counters","logger":"airflow.task.hooks.airflow.providers.standard.hooks.subprocess.SubprocessHook","filename":"subprocess.py","lineno":106}
{"timestamp":"2025-11-09T15:19:17.144237Z","level":"info","event":"\t\tKilled reduce tasks=1","logger":"airflow.task.hooks.airflow.providers.standard.hooks.subprocess.SubprocessHook","filename":"subprocess.py","lineno":106}
{"timestamp":"2025-11-09T15:19:17.144250Z","level":"info","event":"\t\tLaunched map tasks=100","logger":"airflow.task.hooks.airflow.providers.standard.hooks.subprocess.SubprocessHook","filename":"subprocess.py","lineno":106}
{"timestamp":"2025-11-09T15:19:17.144260Z","level":"info","event":"\t\tLaunched reduce tasks=3","logger":"airflow.task.hooks.airflow.providers.standard.hooks.subprocess.SubprocessHook","filename":"subprocess.py","lineno":106}
{"timestamp":"2025-11-09T15:19:17.144271Z","level":"info","event":"\t\tData-local map tasks=100","logger":"airflow.task.hooks.airflow.providers.standard.hooks.subprocess.SubprocessHook","filename":"subprocess.py","lineno":106}
{"timestamp":"2025-11-09T15:19:17.144281Z","level":"info","event":"\t\tTotal time spent by all maps in occupied slots (ms)=390864","logger":"airflow.task.hooks.airflow.providers.standard.hooks.subprocess.SubprocessHook","filename":"subprocess.py","lineno":106}
{"timestamp":"2025-11-09T15:19:17.144292Z","level":"info","event":"\t\tTotal time spent by all reduces in occupied slots (ms)=119440","logger":"airflow.task.hooks.airflow.providers.standard.hooks.subprocess.SubprocessHook","filename":"subprocess.py","lineno":106}
{"timestamp":"2025-11-09T15:19:17.144302Z","level":"info","event":"\t\tTotal time spent by all map tasks (ms)=195432","logger":"airflow.task.hooks.airflow.providers.standard.hooks.subprocess.SubprocessHook","filename":"subprocess.py","lineno":106}
{"timestamp":"2025-11-09T15:19:17.144313Z","level":"info","event":"\t\tTotal time spent by all reduce tasks (ms)=59720","logger":"airflow.task.hooks.airflow.providers.standard.hooks.subprocess.SubprocessHook","filename":"subprocess.py","lineno":106}
{"timestamp":"2025-11-09T15:19:17.144323Z","level":"info","event":"\t\tTotal vcore-milliseconds taken by all map tasks=195432","logger":"airflow.task.hooks.airflow.providers.standard.hooks.subprocess.SubprocessHook","filename":"subprocess.py","lineno":106}
{"timestamp":"2025-11-09T15:19:17.144333Z","level":"info","event":"\t\tTotal vcore-milliseconds taken by all reduce tasks=59720","logger":"airflow.task.hooks.airflow.providers.standard.hooks.subprocess.SubprocessHook","filename":"subprocess.py","lineno":106}
{"timestamp":"2025-11-09T15:19:17.144344Z","level":"info","event":"\t\tTotal megabyte-milliseconds taken by all map tasks=200122368","logger":"airflow.task.hooks.airflow.providers.standard.hooks.subprocess.SubprocessHook","filename":"subprocess.py","lineno":106}
{"timestamp":"2025-11-09T15:19:17.144354Z","level":"info","event":"\t\tTotal megabyte-milliseconds taken by all reduce tasks=61153280","logger":"airflow.task.hooks.airflow.providers.standard.hooks.subprocess.SubprocessHook","filename":"subprocess.py","lineno":106}
{"timestamp":"2025-11-09T15:19:17.144364Z","level":"info","event":"\tMap-Reduce Framework","logger":"airflow.task.hooks.airflow.providers.standard.hooks.subprocess.SubprocessHook","filename":"subprocess.py","lineno":106}
{"timestamp":"2025-11-09T15:19:17.144377Z","level":"info","event":"\t\tMap input records=1000100","logger":"airflow.task.hooks.airflow.providers.standard.hooks.subprocess.SubprocessHook","filename":"subprocess.py","lineno":106}
{"timestamp":"2025-11-09T15:19:17.144405Z","level":"info","event":"\t\tMap output records=1000000","logger":"airflow.task.hooks.airflow.providers.standard.hooks.subprocess.SubprocessHook","filename":"subprocess.py","lineno":106}
{"timestamp":"2025-11-09T15:19:17.144417Z","level":"info","event":"\t\tMap output bytes=50810937","logger":"airflow.task.hooks.airflow.providers.standard.hooks.subprocess.SubprocessHook","filename":"subprocess.py","lineno":106}
{"timestamp":"2025-11-09T15:19:17.144427Z","level":"info","event":"\t\tMap output materialized bytes=3662700","logger":"airflow.task.hooks.airflow.providers.standard.hooks.subprocess.SubprocessHook","filename":"subprocess.py","lineno":106}
{"timestamp":"2025-11-09T15:19:17.144438Z","level":"info","event":"\t\tInput split bytes=9500","logger":"airflow.task.hooks.airflow.providers.standard.hooks.subprocess.SubprocessHook","filename":"subprocess.py","lineno":106}
{"timestamp":"2025-11-09T15:19:17.144449Z","level":"info","event":"\t\tCombine input records=1000000","logger":"airflow.task.hooks.airflow.providers.standard.hooks.subprocess.SubprocessHook","filename":"subprocess.py","lineno":106}
{"timestamp":"2025-11-09T15:19:17.144459Z","level":"info","event":"\t\tCombine output records=60000","logger":"airflow.task.hooks.airflow.providers.standard.hooks.subprocess.SubprocessHook","filename":"subprocess.py","lineno":106}
{"timestamp":"2025-11-09T15:19:17.144475Z","level":"info","event":"\t\tReduce input groups=600","logger":"airflow.task.hooks.airflow.providers.standard.hooks.subprocess.SubprocessHook","filename":"subprocess.py","lineno":106}
{"timestamp":"2025-11-09T15:19:17.144487Z","level":"info","event":"\t\tReduce shuffle bytes=3662700","logger":"airflow.task.hooks.airflow.providers.standard.hooks.subprocess.SubprocessHook","filename":"subprocess.py","lineno":106}
{"timestamp":"2025-11-09T15:19:17.144498Z","level":"info","event":"\t\tReduce input records=60000","logger":"airflow.task.hooks.airflow.providers.standard.hooks.subprocess.SubprocessHook","filename":"subprocess.py","lineno":106}
{"timestamp":"2025-11-09T15:19:17.144510Z","level":"info","event":"\t\tReduce output records=600","logger":"airflow.task.hooks.airflow.providers.standard.hooks.subprocess.SubprocessHook","filename":"subprocess.py","lineno":106}
{"timestamp":"2025-11-09T15:19:17.144521Z","level":"info","event":"\t\tSpilled Records=120000","logger":"airflow.task.hooks.airflow.providers.standard.hooks.subprocess.SubprocessHook","filename":"subprocess.py","lineno":106}
{"timestamp":"2025-11-09T15:19:17.144533Z","level":"info","event":"\t\tShuffled Maps =300","logger":"airflow.task.hooks.airflow.providers.standard.hooks.subprocess.SubprocessHook","filename":"subprocess.py","lineno":106}
{"timestamp":"2025-11-09T15:19:17.144546Z","level":"info","event":"\t\tFailed Shuffles=0","logger":"airflow.task.hooks.airflow.providers.standard.hooks.subprocess.SubprocessHook","filename":"subprocess.py","lineno":106}
{"timestamp":"2025-11-09T15:19:17.144558Z","level":"info","event":"\t\tMerged Map outputs=300","logger":"airflow.task.hooks.airflow.providers.standard.hooks.subprocess.SubprocessHook","filename":"subprocess.py","lineno":106}
{"timestamp":"2025-11-09T15:19:17.144568Z","level":"info","event":"\t\tGC time elapsed (ms)=2417","logger":"airflow.task.hooks.airflow.providers.standard.hooks.subprocess.SubprocessHook","filename":"subprocess.py","lineno":106}
{"timestamp":"2025-11-09T15:19:17.144579Z","level":"info","event":"\t\tCPU time spent (ms)=110050","logger":"airflow.task.hooks.airflow.providers.standard.hooks.subprocess.SubprocessHook","filename":"subprocess.py","lineno":106}
{"timestamp":"2025-11-09T15:19:17.144589Z","level":"info","event":"\t\tPhysical memory (bytes) snapshot=30164779008","logger":"airflow.task.hooks.airflow.providers.standard.hooks.subprocess.SubprocessHook","filename":"subprocess.py","lineno":106}
{"timestamp":"2025-11-09T15:19:17.144599Z","level":"info","event":"\t\tVirtual memory (bytes) snapshot=285475463168","logger":"airflow.task.hooks.airflow.providers.standard.hooks.subprocess.SubprocessHook","filename":"subprocess.py","lineno":106}
{"timestamp":"2025-11-09T15:19:17.144609Z","level":"info","event":"\t\tTotal committed heap usage (bytes)=16272850944","logger":"airflow.task.hooks.airflow.providers.standard.hooks.subprocess.SubprocessHook","filename":"subprocess.py","lineno":106}
{"timestamp":"2025-11-09T15:19:17.144619Z","level":"info","event":"\t\tPeak Map Physical memory (bytes)=339505152","logger":"airflow.task.hooks.airflow.providers.standard.hooks.subprocess.SubprocessHook","filename":"subprocess.py","lineno":106}
{"timestamp":"2025-11-09T15:19:17.144630Z","level":"info","event":"\t\tPeak Map Virtual memory (bytes)=2782093312","logger":"airflow.task.hooks.airflow.providers.standard.hooks.subprocess.SubprocessHook","filename":"subprocess.py","lineno":106}
{"timestamp":"2025-11-09T15:19:17.144640Z","level":"info","event":"\t\tPeak Reduce Physical memory (bytes)=239677440","logger":"airflow.task.hooks.airflow.providers.standard.hooks.subprocess.SubprocessHook","filename":"subprocess.py","lineno":106}
{"timestamp":"2025-11-09T15:19:17.144650Z","level":"info","event":"\t\tPeak Reduce Virtual memory (bytes)=2835292160","logger":"airflow.task.hooks.airflow.providers.standard.hooks.subprocess.SubprocessHook","filename":"subprocess.py","lineno":106}
{"timestamp":"2025-11-09T15:19:17.144661Z","level":"info","event":"\tShuffle Errors","logger":"airflow.task.hooks.airflow.providers.standard.hooks.subprocess.SubprocessHook","filename":"subprocess.py","lineno":106}
{"timestamp":"2025-11-09T15:19:17.144671Z","level":"info","event":"\t\tBAD_ID=0","logger":"airflow.task.hooks.airflow.providers.standard.hooks.subprocess.SubprocessHook","filename":"subprocess.py","lineno":106}
{"timestamp":"2025-11-09T15:19:17.144682Z","level":"info","event":"\t\tCONNECTION=0","logger":"airflow.task.hooks.airflow.providers.standard.hooks.subprocess.SubprocessHook","filename":"subprocess.py","lineno":106}
{"timestamp":"2025-11-09T15:19:17.144692Z","level":"info","event":"\t\tIO_ERROR=0","logger":"airflow.task.hooks.airflow.providers.standard.hooks.subprocess.SubprocessHook","filename":"subprocess.py","lineno":106}
{"timestamp":"2025-11-09T15:19:17.144702Z","level":"info","event":"\t\tWRONG_LENGTH=0","logger":"airflow.task.hooks.airflow.providers.standard.hooks.subprocess.SubprocessHook","filename":"subprocess.py","lineno":106}
{"timestamp":"2025-11-09T15:19:17.144712Z","level":"info","event":"\t\tWRONG_MAP=0","logger":"airflow.task.hooks.airflow.providers.standard.hooks.subprocess.SubprocessHook","filename":"subprocess.py","lineno":106}
{"timestamp":"2025-11-09T15:19:17.144722Z","level":"info","event":"\t\tWRONG_REDUCE=0","logger":"airflow.task.hooks.airflow.providers.standard.hooks.subprocess.SubprocessHook","filename":"subprocess.py","lineno":106}
{"timestamp":"2025-11-09T15:19:17.144732Z","level":"info","event":"\tFile Input Format Counters","logger":"airflow.task.hooks.airflow.providers.standard.hooks.subprocess.SubprocessHook","filename":"subprocess.py","lineno":106}
{"timestamp":"2025-11-09T15:19:17.144742Z","level":"info","event":"\t\tBytes Read=114342351","logger":"airflow.task.hooks.airflow.providers.standard.hooks.subprocess.SubprocessHook","filename":"subprocess.py","lineno":106}
{"timestamp":"2025-11-09T15:19:17.144752Z","level":"info","event":"\tFile Output Format Counters","logger":"airflow.task.hooks.airflow.providers.standard.hooks.subprocess.SubprocessHook","filename":"subprocess.py","lineno":106}
{"timestamp":"2025-11-09T15:19:17.144763Z","level":"info","event":"\t\tBytes Written=32200","logger":"airflow.task.hooks.airflow.providers.standard.hooks.subprocess.SubprocessHook","filename":"subprocess.py","lineno":106}
{"timestamp":"2025-11-09T15:19:17.144776Z","level":"info","event":"2025-11-09 15:19:17,143 [main] INFO  org.apache.hadoop.streaming.StreamJob  - Output directory: /datasource3","logger":"airflow.task.hooks.airflow.providers.standard.hooks.subprocess.SubprocessHook","filename":"subprocess.py","lineno":106}
{"timestamp":"2025-11-09T15:19:17.475836Z","level":"info","event":"Command exited with return code 0","logger":"airflow.task.hooks.airflow.providers.standard.hooks.subprocess.SubprocessHook","filename":"subprocess.py","lineno":110}
{"timestamp":"2025-11-09T15:19:17.476337Z","level":"info","event":"Pushing xcom","ti":"RuntimeTaskInstance(id=UUID('019a6932-aa6f-7526-895d-1ad272706e94'), task_id='hadoop_streaming', dag_id='project1-workflow', run_id='manual__2025-11-09T15:18:39.455218+00:00', try_number=1, dag_version_id=UUID('019a6931-5447-7527-b6d0-a4ea81a3b88a'), map_index=-1, hostname='master', context_carrier={}, task=<Task(BashOperator): hadoop_streaming>, bundle_instance=LocalDagBundle(name=dags-folder), max_tries=0, start_date=datetime.datetime(2025, 11, 9, 15, 18, 41, 682370, tzinfo=datetime.timezone.utc), end_date=None, state=<TaskInstanceState.RUNNING: 'running'>, is_mapped=False, rendered_map_index=None)","logger":"task","filename":"task_runner.py","lineno":1352}
