{"timestamp":"2025-11-14T07:33:08.702685Z","level":"info","event":"DAG bundles loaded: dags-folder, example_dags","logger":"airflow.dag_processing.bundles.manager.DagBundlesManager","filename":"manager.py","lineno":179}
{"timestamp":"2025-11-14T07:33:08.703843Z","level":"info","event":"Filling up the DagBag from /home/hadoop/airflow/dags/projekt1.py","logger":"airflow.models.dagbag.DagBag","filename":"dagbag.py","lineno":593}
{"timestamp":"2025-11-14T07:33:08.766231Z","level":"info","event":"Task instance is in running state","logger":"task.stdout"}
{"timestamp":"2025-11-14T07:33:08.766412Z","level":"info","event":" Previous state of the Task instance: TaskInstanceState.QUEUED","logger":"task.stdout"}
{"timestamp":"2025-11-14T07:33:08.770950Z","level":"info","event":"Current task name:hadoop_streaming","logger":"task.stdout"}
{"timestamp":"2025-11-14T07:33:08.771130Z","level":"info","event":"Dag name:project1-workflow","logger":"task.stdout"}
{"timestamp":"2025-11-14T07:33:08.771658Z","level":"info","event":"Tmp dir root location: /tmp","logger":"airflow.task.hooks.airflow.providers.standard.hooks.subprocess.SubprocessHook","filename":"subprocess.py","lineno":78}
{"timestamp":"2025-11-14T07:33:08.772279Z","level":"info","event":"Running command: ['/usr/bin/bash', '-c', 'mapred streaming -files /home/hadoop/airflow/dags/project_files/mapper.py,/home/hadoop/airflow/dags/project_files/combiner.py,/home/hadoop/airflow/dags/project_files/reducer.py -input /tmp/input/datasource1 -output /project1/output_mr3 -mapper \"python mapper.py\" -combiner \"python combiner.py\" -reducer \"python reducer.py\" ']","logger":"airflow.task.hooks.airflow.providers.standard.hooks.subprocess.SubprocessHook","filename":"subprocess.py","lineno":88}
{"timestamp":"2025-11-14T07:33:08.786597Z","level":"info","event":"Output:","logger":"airflow.task.hooks.airflow.providers.standard.hooks.subprocess.SubprocessHook","filename":"subprocess.py","lineno":99}
{"timestamp":"2025-11-14T07:33:10.428020Z","level":"info","event":"packageJobJar: [] [/opt/hadoop/share/hadoop/tools/lib/hadoop-streaming-3.4.1.jar] /tmp/streamjob9277319595793828165.jar tmpDir=null","logger":"airflow.task.hooks.airflow.providers.standard.hooks.subprocess.SubprocessHook","filename":"subprocess.py","lineno":106}
{"timestamp":"2025-11-14T07:33:10.762203Z","level":"info","event":"2025-11-14 07:33:10,761 [main] INFO  org.apache.hadoop.yarn.client.DefaultNoHARMFailoverProxyProvider  - Connecting to ResourceManager at master/172.28.1.2:8032","logger":"airflow.task.hooks.airflow.providers.standard.hooks.subprocess.SubprocessHook","filename":"subprocess.py","lineno":106}
{"timestamp":"2025-11-14T07:33:10.887162Z","level":"info","event":"2025-11-14 07:33:10,886 [main] INFO  org.apache.hadoop.yarn.client.AHSProxy  - Connecting to Application History server at master/172.28.1.2:10200","logger":"airflow.task.hooks.airflow.providers.standard.hooks.subprocess.SubprocessHook","filename":"subprocess.py","lineno":106}
{"timestamp":"2025-11-14T07:33:10.937123Z","level":"info","event":"2025-11-14 07:33:10,936 [main] INFO  org.apache.hadoop.yarn.client.DefaultNoHARMFailoverProxyProvider  - Connecting to ResourceManager at master/172.28.1.2:8032","logger":"airflow.task.hooks.airflow.providers.standard.hooks.subprocess.SubprocessHook","filename":"subprocess.py","lineno":106}
{"timestamp":"2025-11-14T07:33:10.937580Z","level":"info","event":"2025-11-14 07:33:10,937 [main] INFO  org.apache.hadoop.yarn.client.AHSProxy  - Connecting to Application History server at master/172.28.1.2:10200","logger":"airflow.task.hooks.airflow.providers.standard.hooks.subprocess.SubprocessHook","filename":"subprocess.py","lineno":106}
{"timestamp":"2025-11-14T07:33:11.241870Z","level":"info","event":"2025-11-14 07:33:11,241 [main] INFO  org.apache.hadoop.mapreduce.JobResourceUploader  - Disabling Erasure Coding for path: /tmp/hadoop-yarn/staging/hadoop/.staging/job_1763103721848_0001","logger":"airflow.task.hooks.airflow.providers.standard.hooks.subprocess.SubprocessHook","filename":"subprocess.py","lineno":106}
{"timestamp":"2025-11-14T07:33:11.854445Z","level":"info","event":"2025-11-14 07:33:11,854 [main] INFO  org.apache.hadoop.mapred.FileInputFormat  - Total input files to process : 50","logger":"airflow.task.hooks.airflow.providers.standard.hooks.subprocess.SubprocessHook","filename":"subprocess.py","lineno":106}
{"timestamp":"2025-11-14T07:33:11.947449Z","level":"info","event":"2025-11-14 07:33:11,947 [main] INFO  org.apache.hadoop.mapreduce.JobSubmitter  - number of splits:50","logger":"airflow.task.hooks.airflow.providers.standard.hooks.subprocess.SubprocessHook","filename":"subprocess.py","lineno":106}
{"timestamp":"2025-11-14T07:33:12.154897Z","level":"info","event":"2025-11-14 07:33:12,154 [main] INFO  org.apache.hadoop.mapreduce.JobSubmitter  - Submitting tokens for job: job_1763103721848_0001","logger":"airflow.task.hooks.airflow.providers.standard.hooks.subprocess.SubprocessHook","filename":"subprocess.py","lineno":106}
{"timestamp":"2025-11-14T07:33:12.155140Z","level":"info","event":"2025-11-14 07:33:12,154 [main] INFO  org.apache.hadoop.mapreduce.JobSubmitter  - Executing with tokens: []","logger":"airflow.task.hooks.airflow.providers.standard.hooks.subprocess.SubprocessHook","filename":"subprocess.py","lineno":106}
{"timestamp":"2025-11-14T07:33:12.347771Z","level":"info","event":"2025-11-14 07:33:12,347 [main] INFO  org.apache.hadoop.conf.Configuration  - resource-types.xml not found","logger":"airflow.task.hooks.airflow.providers.standard.hooks.subprocess.SubprocessHook","filename":"subprocess.py","lineno":106}
{"timestamp":"2025-11-14T07:33:12.347975Z","level":"info","event":"2025-11-14 07:33:12,347 [main] INFO  org.apache.hadoop.yarn.util.resource.ResourceUtils  - Unable to find 'resource-types.xml'.","logger":"airflow.task.hooks.airflow.providers.standard.hooks.subprocess.SubprocessHook","filename":"subprocess.py","lineno":106}
{"timestamp":"2025-11-14T07:33:12.785189Z","level":"info","event":"2025-11-14 07:33:12,784 [main] INFO  org.apache.hadoop.yarn.client.api.impl.YarnClientImpl  - Submitted application application_1763103721848_0001","logger":"airflow.task.hooks.airflow.providers.standard.hooks.subprocess.SubprocessHook","filename":"subprocess.py","lineno":106}
{"timestamp":"2025-11-14T07:33:12.821778Z","level":"info","event":"2025-11-14 07:33:12,821 [main] INFO  org.apache.hadoop.mapreduce.Job  - The url to track the job: http://master:8088/proxy/application_1763103721848_0001/","logger":"airflow.task.hooks.airflow.providers.standard.hooks.subprocess.SubprocessHook","filename":"subprocess.py","lineno":106}
{"timestamp":"2025-11-14T07:33:12.823332Z","level":"info","event":"2025-11-14 07:33:12,823 [main] INFO  org.apache.hadoop.mapreduce.Job  - Running job: job_1763103721848_0001","logger":"airflow.task.hooks.airflow.providers.standard.hooks.subprocess.SubprocessHook","filename":"subprocess.py","lineno":106}
{"timestamp":"2025-11-14T07:33:21.976550Z","level":"info","event":"2025-11-14 07:33:21,976 [main] INFO  org.apache.hadoop.mapreduce.Job  - Job job_1763103721848_0001 running in uber mode : false","logger":"airflow.task.hooks.airflow.providers.standard.hooks.subprocess.SubprocessHook","filename":"subprocess.py","lineno":106}
{"timestamp":"2025-11-14T07:33:21.977810Z","level":"info","event":"2025-11-14 07:33:21,977 [main] INFO  org.apache.hadoop.mapreduce.Job  -  map 0% reduce 0%","logger":"airflow.task.hooks.airflow.providers.standard.hooks.subprocess.SubprocessHook","filename":"subprocess.py","lineno":106}
{"timestamp":"2025-11-14T07:33:39.229134Z","level":"info","event":"2025-11-14 07:33:39,228 [main] INFO  org.apache.hadoop.mapreduce.Job  -  map 10% reduce 0%","logger":"airflow.task.hooks.airflow.providers.standard.hooks.subprocess.SubprocessHook","filename":"subprocess.py","lineno":106}
{"timestamp":"2025-11-14T07:33:40.269810Z","level":"info","event":"2025-11-14 07:33:40,268 [main] INFO  org.apache.hadoop.mapreduce.Job  -  map 12% reduce 0%","logger":"airflow.task.hooks.airflow.providers.standard.hooks.subprocess.SubprocessHook","filename":"subprocess.py","lineno":106}
{"timestamp":"2025-11-14T07:33:45.808131Z","level":"info","event":"2025-11-14 07:33:45,804 [main] INFO  org.apache.hadoop.mapreduce.Job  -  map 14% reduce 0%","logger":"airflow.task.hooks.airflow.providers.standard.hooks.subprocess.SubprocessHook","filename":"subprocess.py","lineno":106}
{"timestamp":"2025-11-14T07:33:46.856930Z","level":"info","event":"2025-11-14 07:33:46,856 [main] INFO  org.apache.hadoop.mapreduce.Job  -  map 16% reduce 0%","logger":"airflow.task.hooks.airflow.providers.standard.hooks.subprocess.SubprocessHook","filename":"subprocess.py","lineno":106}
{"timestamp":"2025-11-14T07:33:47.874608Z","level":"info","event":"2025-11-14 07:33:47,873 [main] INFO  org.apache.hadoop.mapreduce.Job  -  map 26% reduce 0%","logger":"airflow.task.hooks.airflow.providers.standard.hooks.subprocess.SubprocessHook","filename":"subprocess.py","lineno":106}
{"timestamp":"2025-11-14T07:33:49.013892Z","level":"info","event":"2025-11-14 07:33:49,013 [main] INFO  org.apache.hadoop.mapreduce.Job  -  map 28% reduce 0%","logger":"airflow.task.hooks.airflow.providers.standard.hooks.subprocess.SubprocessHook","filename":"subprocess.py","lineno":106}
{"timestamp":"2025-11-14T07:33:54.229114Z","level":"info","event":"2025-11-14 07:33:54,200 [main] INFO  org.apache.hadoop.mapreduce.Job  -  map 30% reduce 0%","logger":"airflow.task.hooks.airflow.providers.standard.hooks.subprocess.SubprocessHook","filename":"subprocess.py","lineno":106}
{"timestamp":"2025-11-14T07:33:55.281157Z","level":"info","event":"2025-11-14 07:33:55,280 [main] INFO  org.apache.hadoop.mapreduce.Job  -  map 38% reduce 0%","logger":"airflow.task.hooks.airflow.providers.standard.hooks.subprocess.SubprocessHook","filename":"subprocess.py","lineno":106}
{"timestamp":"2025-11-14T07:33:56.498318Z","level":"info","event":"2025-11-14 07:33:56,434 [main] INFO  org.apache.hadoop.mapreduce.Job  -  map 40% reduce 0%","logger":"airflow.task.hooks.airflow.providers.standard.hooks.subprocess.SubprocessHook","filename":"subprocess.py","lineno":106}
{"timestamp":"2025-11-14T07:34:05.155335Z","level":"info","event":"2025-11-14 07:34:05,154 [main] INFO  org.apache.hadoop.mapreduce.Job  -  map 48% reduce 0%","logger":"airflow.task.hooks.airflow.providers.standard.hooks.subprocess.SubprocessHook","filename":"subprocess.py","lineno":106}
{"timestamp":"2025-11-14T07:34:07.209350Z","level":"info","event":"2025-11-14 07:34:07,208 [main] INFO  org.apache.hadoop.mapreduce.Job  -  map 50% reduce 0%","logger":"airflow.task.hooks.airflow.providers.standard.hooks.subprocess.SubprocessHook","filename":"subprocess.py","lineno":106}
{"timestamp":"2025-11-14T07:34:09.302096Z","level":"info","event":"2025-11-14 07:34:09,301 [main] INFO  org.apache.hadoop.mapreduce.Job  -  map 52% reduce 0%","logger":"airflow.task.hooks.airflow.providers.standard.hooks.subprocess.SubprocessHook","filename":"subprocess.py","lineno":106}
{"timestamp":"2025-11-14T07:34:10.326385Z","level":"info","event":"2025-11-14 07:34:10,326 [main] INFO  org.apache.hadoop.mapreduce.Job  -  map 56% reduce 0%","logger":"airflow.task.hooks.airflow.providers.standard.hooks.subprocess.SubprocessHook","filename":"subprocess.py","lineno":106}
{"timestamp":"2025-11-14T07:34:11.404831Z","level":"info","event":"2025-11-14 07:34:11,402 [main] INFO  org.apache.hadoop.mapreduce.Job  -  map 60% reduce 0%","logger":"airflow.task.hooks.airflow.providers.standard.hooks.subprocess.SubprocessHook","filename":"subprocess.py","lineno":106}
{"timestamp":"2025-11-14T07:34:12.566903Z","level":"info","event":"2025-11-14 07:34:12,566 [main] INFO  org.apache.hadoop.mapreduce.Job  -  map 62% reduce 0%","logger":"airflow.task.hooks.airflow.providers.standard.hooks.subprocess.SubprocessHook","filename":"subprocess.py","lineno":106}
{"timestamp":"2025-11-14T07:34:14.673159Z","level":"info","event":"2025-11-14 07:34:14,672 [main] INFO  org.apache.hadoop.mapreduce.Job  -  map 62% reduce 14%","logger":"airflow.task.hooks.airflow.providers.standard.hooks.subprocess.SubprocessHook","filename":"subprocess.py","lineno":106}
{"timestamp":"2025-11-14T07:34:15.772952Z","level":"info","event":"2025-11-14 07:34:15,772 [main] INFO  org.apache.hadoop.mapreduce.Job  -  map 62% reduce 21%","logger":"airflow.task.hooks.airflow.providers.standard.hooks.subprocess.SubprocessHook","filename":"subprocess.py","lineno":106}
{"timestamp":"2025-11-14T07:34:18.957024Z","level":"info","event":"2025-11-14 07:34:18,956 [main] INFO  org.apache.hadoop.mapreduce.Job  -  map 68% reduce 21%","logger":"airflow.task.hooks.airflow.providers.standard.hooks.subprocess.SubprocessHook","filename":"subprocess.py","lineno":106}
{"timestamp":"2025-11-14T07:34:20.003975Z","level":"info","event":"2025-11-14 07:34:20,003 [main] INFO  org.apache.hadoop.mapreduce.Job  -  map 72% reduce 21%","logger":"airflow.task.hooks.airflow.providers.standard.hooks.subprocess.SubprocessHook","filename":"subprocess.py","lineno":106}
{"timestamp":"2025-11-14T07:34:21.135406Z","level":"info","event":"2025-11-14 07:34:21,134 [main] INFO  org.apache.hadoop.mapreduce.Job  -  map 72% reduce 24%","logger":"airflow.task.hooks.airflow.providers.standard.hooks.subprocess.SubprocessHook","filename":"subprocess.py","lineno":106}
{"timestamp":"2025-11-14T07:34:25.375485Z","level":"info","event":"2025-11-14 07:34:25,374 [main] INFO  org.apache.hadoop.mapreduce.Job  -  map 74% reduce 24%","logger":"airflow.task.hooks.airflow.providers.standard.hooks.subprocess.SubprocessHook","filename":"subprocess.py","lineno":106}
{"timestamp":"2025-11-14T07:34:26.406178Z","level":"info","event":"2025-11-14 07:34:26,405 [main] INFO  org.apache.hadoop.mapreduce.Job  -  map 80% reduce 25%","logger":"airflow.task.hooks.airflow.providers.standard.hooks.subprocess.SubprocessHook","filename":"subprocess.py","lineno":106}
{"timestamp":"2025-11-14T07:34:27.472834Z","level":"info","event":"2025-11-14 07:34:27,472 [main] INFO  org.apache.hadoop.mapreduce.Job  -  map 84% reduce 27%","logger":"airflow.task.hooks.airflow.providers.standard.hooks.subprocess.SubprocessHook","filename":"subprocess.py","lineno":106}
{"timestamp":"2025-11-14T07:34:31.572384Z","level":"info","event":"2025-11-14 07:34:31,572 [main] INFO  org.apache.hadoop.mapreduce.Job  -  map 90% reduce 27%","logger":"airflow.task.hooks.airflow.providers.standard.hooks.subprocess.SubprocessHook","filename":"subprocess.py","lineno":106}
{"timestamp":"2025-11-14T07:34:32.586661Z","level":"info","event":"2025-11-14 07:34:32,586 [main] INFO  org.apache.hadoop.mapreduce.Job  -  map 94% reduce 28%","logger":"airflow.task.hooks.airflow.providers.standard.hooks.subprocess.SubprocessHook","filename":"subprocess.py","lineno":106}
{"timestamp":"2025-11-14T07:34:33.594122Z","level":"info","event":"2025-11-14 07:34:33,593 [main] INFO  org.apache.hadoop.mapreduce.Job  -  map 100% reduce 31%","logger":"airflow.task.hooks.airflow.providers.standard.hooks.subprocess.SubprocessHook","filename":"subprocess.py","lineno":106}
{"timestamp":"2025-11-14T07:34:35.617775Z","level":"info","event":"2025-11-14 07:34:35,617 [main] INFO  org.apache.hadoop.mapreduce.Job  -  map 100% reduce 100%","logger":"airflow.task.hooks.airflow.providers.standard.hooks.subprocess.SubprocessHook","filename":"subprocess.py","lineno":106}
{"timestamp":"2025-11-14T07:34:35.628629Z","level":"info","event":"2025-11-14 07:34:35,628 [main] INFO  org.apache.hadoop.mapreduce.Job  - Job job_1763103721848_0001 completed successfully","logger":"airflow.task.hooks.airflow.providers.standard.hooks.subprocess.SubprocessHook","filename":"subprocess.py","lineno":106}
{"timestamp":"2025-11-14T07:34:35.806422Z","level":"info","event":"2025-11-14 07:34:35,806 [main] INFO  org.apache.hadoop.mapreduce.Job  - Counters: 55","logger":"airflow.task.hooks.airflow.providers.standard.hooks.subprocess.SubprocessHook","filename":"subprocess.py","lineno":106}
{"timestamp":"2025-11-14T07:34:35.806647Z","level":"info","event":"\tFile System Counters","logger":"airflow.task.hooks.airflow.providers.standard.hooks.subprocess.SubprocessHook","filename":"subprocess.py","lineno":106}
{"timestamp":"2025-11-14T07:34:35.806789Z","level":"info","event":"\t\tFILE: Number of bytes read=1388862","logger":"airflow.task.hooks.airflow.providers.standard.hooks.subprocess.SubprocessHook","filename":"subprocess.py","lineno":106}
{"timestamp":"2025-11-14T07:34:35.806918Z","level":"info","event":"\t\tFILE: Number of bytes written=19428605","logger":"airflow.task.hooks.airflow.providers.standard.hooks.subprocess.SubprocessHook","filename":"subprocess.py","lineno":106}
{"timestamp":"2025-11-14T07:34:35.807062Z","level":"info","event":"\t\tFILE: Number of read operations=0","logger":"airflow.task.hooks.airflow.providers.standard.hooks.subprocess.SubprocessHook","filename":"subprocess.py","lineno":106}
{"timestamp":"2025-11-14T07:34:35.807212Z","level":"info","event":"\t\tFILE: Number of large read operations=0","logger":"airflow.task.hooks.airflow.providers.standard.hooks.subprocess.SubprocessHook","filename":"subprocess.py","lineno":106}
{"timestamp":"2025-11-14T07:34:35.807347Z","level":"info","event":"\t\tFILE: Number of write operations=0","logger":"airflow.task.hooks.airflow.providers.standard.hooks.subprocess.SubprocessHook","filename":"subprocess.py","lineno":106}
{"timestamp":"2025-11-14T07:34:35.807492Z","level":"info","event":"\t\tHDFS: Number of bytes read=5726322","logger":"airflow.task.hooks.airflow.providers.standard.hooks.subprocess.SubprocessHook","filename":"subprocess.py","lineno":106}
{"timestamp":"2025-11-14T07:34:35.807608Z","level":"info","event":"\t\tHDFS: Number of bytes written=31904","logger":"airflow.task.hooks.airflow.providers.standard.hooks.subprocess.SubprocessHook","filename":"subprocess.py","lineno":106}
{"timestamp":"2025-11-14T07:34:35.807782Z","level":"info","event":"\t\tHDFS: Number of read operations=165","logger":"airflow.task.hooks.airflow.providers.standard.hooks.subprocess.SubprocessHook","filename":"subprocess.py","lineno":106}
{"timestamp":"2025-11-14T07:34:35.807949Z","level":"info","event":"\t\tHDFS: Number of large read operations=0","logger":"airflow.task.hooks.airflow.providers.standard.hooks.subprocess.SubprocessHook","filename":"subprocess.py","lineno":106}
{"timestamp":"2025-11-14T07:34:35.808118Z","level":"info","event":"\t\tHDFS: Number of write operations=6","logger":"airflow.task.hooks.airflow.providers.standard.hooks.subprocess.SubprocessHook","filename":"subprocess.py","lineno":106}
{"timestamp":"2025-11-14T07:34:35.808228Z","level":"info","event":"\t\tHDFS: Number of bytes read erasure-coded=0","logger":"airflow.task.hooks.airflow.providers.standard.hooks.subprocess.SubprocessHook","filename":"subprocess.py","lineno":106}
{"timestamp":"2025-11-14T07:34:35.808347Z","level":"info","event":"\tJob Counters","logger":"airflow.task.hooks.airflow.providers.standard.hooks.subprocess.SubprocessHook","filename":"subprocess.py","lineno":106}
{"timestamp":"2025-11-14T07:34:35.808485Z","level":"info","event":"\t\tKilled map tasks=1","logger":"airflow.task.hooks.airflow.providers.standard.hooks.subprocess.SubprocessHook","filename":"subprocess.py","lineno":106}
{"timestamp":"2025-11-14T07:34:35.808610Z","level":"info","event":"\t\tLaunched map tasks=50","logger":"airflow.task.hooks.airflow.providers.standard.hooks.subprocess.SubprocessHook","filename":"subprocess.py","lineno":106}
{"timestamp":"2025-11-14T07:34:35.808752Z","level":"info","event":"\t\tLaunched reduce tasks=3","logger":"airflow.task.hooks.airflow.providers.standard.hooks.subprocess.SubprocessHook","filename":"subprocess.py","lineno":106}
{"timestamp":"2025-11-14T07:34:35.808868Z","level":"info","event":"\t\tData-local map tasks=50","logger":"airflow.task.hooks.airflow.providers.standard.hooks.subprocess.SubprocessHook","filename":"subprocess.py","lineno":106}
{"timestamp":"2025-11-14T07:34:35.809010Z","level":"info","event":"\t\tTotal time spent by all maps in occupied slots (ms)=1475890","logger":"airflow.task.hooks.airflow.providers.standard.hooks.subprocess.SubprocessHook","filename":"subprocess.py","lineno":106}
{"timestamp":"2025-11-14T07:34:35.809137Z","level":"info","event":"\t\tTotal time spent by all reduces in occupied slots (ms)=275254","logger":"airflow.task.hooks.airflow.providers.standard.hooks.subprocess.SubprocessHook","filename":"subprocess.py","lineno":106}
{"timestamp":"2025-11-14T07:34:35.809241Z","level":"info","event":"\t\tTotal time spent by all map tasks (ms)=737945","logger":"airflow.task.hooks.airflow.providers.standard.hooks.subprocess.SubprocessHook","filename":"subprocess.py","lineno":106}
{"timestamp":"2025-11-14T07:34:35.809393Z","level":"info","event":"\t\tTotal time spent by all reduce tasks (ms)=137627","logger":"airflow.task.hooks.airflow.providers.standard.hooks.subprocess.SubprocessHook","filename":"subprocess.py","lineno":106}
{"timestamp":"2025-11-14T07:34:35.809514Z","level":"info","event":"\t\tTotal vcore-milliseconds taken by all map tasks=737945","logger":"airflow.task.hooks.airflow.providers.standard.hooks.subprocess.SubprocessHook","filename":"subprocess.py","lineno":106}
{"timestamp":"2025-11-14T07:34:35.809621Z","level":"info","event":"\t\tTotal vcore-milliseconds taken by all reduce tasks=137627","logger":"airflow.task.hooks.airflow.providers.standard.hooks.subprocess.SubprocessHook","filename":"subprocess.py","lineno":106}
{"timestamp":"2025-11-14T07:34:35.809771Z","level":"info","event":"\t\tTotal megabyte-milliseconds taken by all map tasks=755655680","logger":"airflow.task.hooks.airflow.providers.standard.hooks.subprocess.SubprocessHook","filename":"subprocess.py","lineno":106}
{"timestamp":"2025-11-14T07:34:35.809888Z","level":"info","event":"\t\tTotal megabyte-milliseconds taken by all reduce tasks=140930048","logger":"airflow.task.hooks.airflow.providers.standard.hooks.subprocess.SubprocessHook","filename":"subprocess.py","lineno":106}
{"timestamp":"2025-11-14T07:34:35.810015Z","level":"info","event":"\tMap-Reduce Framework","logger":"airflow.task.hooks.airflow.providers.standard.hooks.subprocess.SubprocessHook","filename":"subprocess.py","lineno":106}
{"timestamp":"2025-11-14T07:34:35.810214Z","level":"info","event":"\t\tMap input records=50050","logger":"airflow.task.hooks.airflow.providers.standard.hooks.subprocess.SubprocessHook","filename":"subprocess.py","lineno":106}
{"timestamp":"2025-11-14T07:34:35.810339Z","level":"info","event":"\t\tMap output records=50000","logger":"airflow.task.hooks.airflow.providers.standard.hooks.subprocess.SubprocessHook","filename":"subprocess.py","lineno":106}
{"timestamp":"2025-11-14T07:34:35.810417Z","level":"info","event":"\t\tMap output bytes=2550302","logger":"airflow.task.hooks.airflow.providers.standard.hooks.subprocess.SubprocessHook","filename":"subprocess.py","lineno":106}
{"timestamp":"2025-11-14T07:34:35.810485Z","level":"info","event":"\t\tMap output materialized bytes=1389744","logger":"airflow.task.hooks.airflow.providers.standard.hooks.subprocess.SubprocessHook","filename":"subprocess.py","lineno":106}
{"timestamp":"2025-11-14T07:34:35.810552Z","level":"info","event":"\t\tInput split bytes=5250","logger":"airflow.task.hooks.airflow.providers.standard.hooks.subprocess.SubprocessHook","filename":"subprocess.py","lineno":106}
{"timestamp":"2025-11-14T07:34:35.810615Z","level":"info","event":"\t\tCombine input records=50000","logger":"airflow.task.hooks.airflow.providers.standard.hooks.subprocess.SubprocessHook","filename":"subprocess.py","lineno":106}
{"timestamp":"2025-11-14T07:34:35.810688Z","level":"info","event":"\t\tCombine output records=24161","logger":"airflow.task.hooks.airflow.providers.standard.hooks.subprocess.SubprocessHook","filename":"subprocess.py","lineno":106}
{"timestamp":"2025-11-14T07:34:35.810799Z","level":"info","event":"\t\tReduce input groups=597","logger":"airflow.task.hooks.airflow.providers.standard.hooks.subprocess.SubprocessHook","filename":"subprocess.py","lineno":106}
{"timestamp":"2025-11-14T07:34:35.810924Z","level":"info","event":"\t\tReduce shuffle bytes=1389744","logger":"airflow.task.hooks.airflow.providers.standard.hooks.subprocess.SubprocessHook","filename":"subprocess.py","lineno":106}
{"timestamp":"2025-11-14T07:34:35.811050Z","level":"info","event":"\t\tReduce input records=24161","logger":"airflow.task.hooks.airflow.providers.standard.hooks.subprocess.SubprocessHook","filename":"subprocess.py","lineno":106}
{"timestamp":"2025-11-14T07:34:35.811120Z","level":"info","event":"\t\tReduce output records=594","logger":"airflow.task.hooks.airflow.providers.standard.hooks.subprocess.SubprocessHook","filename":"subprocess.py","lineno":106}
{"timestamp":"2025-11-14T07:34:35.811179Z","level":"info","event":"\t\tSpilled Records=48322","logger":"airflow.task.hooks.airflow.providers.standard.hooks.subprocess.SubprocessHook","filename":"subprocess.py","lineno":106}
{"timestamp":"2025-11-14T07:34:35.811248Z","level":"info","event":"\t\tShuffled Maps =150","logger":"airflow.task.hooks.airflow.providers.standard.hooks.subprocess.SubprocessHook","filename":"subprocess.py","lineno":106}
{"timestamp":"2025-11-14T07:34:35.811344Z","level":"info","event":"\t\tFailed Shuffles=0","logger":"airflow.task.hooks.airflow.providers.standard.hooks.subprocess.SubprocessHook","filename":"subprocess.py","lineno":106}
{"timestamp":"2025-11-14T07:34:35.811405Z","level":"info","event":"\t\tMerged Map outputs=150","logger":"airflow.task.hooks.airflow.providers.standard.hooks.subprocess.SubprocessHook","filename":"subprocess.py","lineno":106}
{"timestamp":"2025-11-14T07:34:35.811584Z","level":"info","event":"\t\tGC time elapsed (ms)=8741","logger":"airflow.task.hooks.airflow.providers.standard.hooks.subprocess.SubprocessHook","filename":"subprocess.py","lineno":106}
{"timestamp":"2025-11-14T07:34:35.811677Z","level":"info","event":"\t\tCPU time spent (ms)=92650","logger":"airflow.task.hooks.airflow.providers.standard.hooks.subprocess.SubprocessHook","filename":"subprocess.py","lineno":106}
{"timestamp":"2025-11-14T07:34:35.811750Z","level":"info","event":"\t\tPhysical memory (bytes) snapshot=13920657408","logger":"airflow.task.hooks.airflow.providers.standard.hooks.subprocess.SubprocessHook","filename":"subprocess.py","lineno":106}
{"timestamp":"2025-11-14T07:34:35.811816Z","level":"info","event":"\t\tVirtual memory (bytes) snapshot=144077455360","logger":"airflow.task.hooks.airflow.providers.standard.hooks.subprocess.SubprocessHook","filename":"subprocess.py","lineno":106}
{"timestamp":"2025-11-14T07:34:35.811879Z","level":"info","event":"\t\tTotal committed heap usage (bytes)=8423211008","logger":"airflow.task.hooks.airflow.providers.standard.hooks.subprocess.SubprocessHook","filename":"subprocess.py","lineno":106}
{"timestamp":"2025-11-14T07:34:35.811939Z","level":"info","event":"\t\tPeak Map Physical memory (bytes)=294158336","logger":"airflow.task.hooks.airflow.providers.standard.hooks.subprocess.SubprocessHook","filename":"subprocess.py","lineno":106}
{"timestamp":"2025-11-14T07:34:35.812021Z","level":"info","event":"\t\tPeak Map Virtual memory (bytes)=2722775040","logger":"airflow.task.hooks.airflow.providers.standard.hooks.subprocess.SubprocessHook","filename":"subprocess.py","lineno":106}
{"timestamp":"2025-11-14T07:34:35.812084Z","level":"info","event":"\t\tPeak Reduce Physical memory (bytes)=205451264","logger":"airflow.task.hooks.airflow.providers.standard.hooks.subprocess.SubprocessHook","filename":"subprocess.py","lineno":106}
{"timestamp":"2025-11-14T07:34:35.812142Z","level":"info","event":"\t\tPeak Reduce Virtual memory (bytes)=2790633472","logger":"airflow.task.hooks.airflow.providers.standard.hooks.subprocess.SubprocessHook","filename":"subprocess.py","lineno":106}
{"timestamp":"2025-11-14T07:34:35.812196Z","level":"info","event":"\tShuffle Errors","logger":"airflow.task.hooks.airflow.providers.standard.hooks.subprocess.SubprocessHook","filename":"subprocess.py","lineno":106}
{"timestamp":"2025-11-14T07:34:35.812252Z","level":"info","event":"\t\tBAD_ID=0","logger":"airflow.task.hooks.airflow.providers.standard.hooks.subprocess.SubprocessHook","filename":"subprocess.py","lineno":106}
{"timestamp":"2025-11-14T07:34:35.812315Z","level":"info","event":"\t\tCONNECTION=0","logger":"airflow.task.hooks.airflow.providers.standard.hooks.subprocess.SubprocessHook","filename":"subprocess.py","lineno":106}
{"timestamp":"2025-11-14T07:34:35.812369Z","level":"info","event":"\t\tIO_ERROR=0","logger":"airflow.task.hooks.airflow.providers.standard.hooks.subprocess.SubprocessHook","filename":"subprocess.py","lineno":106}
{"timestamp":"2025-11-14T07:34:35.812423Z","level":"info","event":"\t\tWRONG_LENGTH=0","logger":"airflow.task.hooks.airflow.providers.standard.hooks.subprocess.SubprocessHook","filename":"subprocess.py","lineno":106}
{"timestamp":"2025-11-14T07:34:35.812478Z","level":"info","event":"\t\tWRONG_MAP=0","logger":"airflow.task.hooks.airflow.providers.standard.hooks.subprocess.SubprocessHook","filename":"subprocess.py","lineno":106}
{"timestamp":"2025-11-14T07:34:35.812572Z","level":"info","event":"\t\tWRONG_REDUCE=0","logger":"airflow.task.hooks.airflow.providers.standard.hooks.subprocess.SubprocessHook","filename":"subprocess.py","lineno":106}
{"timestamp":"2025-11-14T07:34:35.812627Z","level":"info","event":"\tFile Input Format Counters","logger":"airflow.task.hooks.airflow.providers.standard.hooks.subprocess.SubprocessHook","filename":"subprocess.py","lineno":106}
{"timestamp":"2025-11-14T07:34:35.812680Z","level":"info","event":"\t\tBytes Read=5721072","logger":"airflow.task.hooks.airflow.providers.standard.hooks.subprocess.SubprocessHook","filename":"subprocess.py","lineno":106}
{"timestamp":"2025-11-14T07:34:35.812767Z","level":"info","event":"\tFile Output Format Counters","logger":"airflow.task.hooks.airflow.providers.standard.hooks.subprocess.SubprocessHook","filename":"subprocess.py","lineno":106}
{"timestamp":"2025-11-14T07:34:35.812843Z","level":"info","event":"\t\tBytes Written=31904","logger":"airflow.task.hooks.airflow.providers.standard.hooks.subprocess.SubprocessHook","filename":"subprocess.py","lineno":106}
{"timestamp":"2025-11-14T07:34:35.812914Z","level":"info","event":"2025-11-14 07:34:35,806 [main] INFO  org.apache.hadoop.streaming.StreamJob  - Output directory: /project1/output_mr3","logger":"airflow.task.hooks.airflow.providers.standard.hooks.subprocess.SubprocessHook","filename":"subprocess.py","lineno":106}
{"timestamp":"2025-11-14T07:34:36.223039Z","level":"info","event":"Command exited with return code 0","logger":"airflow.task.hooks.airflow.providers.standard.hooks.subprocess.SubprocessHook","filename":"subprocess.py","lineno":110}
{"timestamp":"2025-11-14T07:34:36.224621Z","level":"info","event":"Pushing xcom","ti":"RuntimeTaskInstance(id=UUID('019a8148-2e6b-7da1-b7d7-22d8730f43df'), task_id='hadoop_streaming', dag_id='project1-workflow', run_id='manual__2025-11-14T07:33:02.664892+00:00', try_number=1, dag_version_id=UUID('019a813e-13a2-7d1f-b421-33f388a0b795'), map_index=-1, hostname='master', context_carrier={}, task=<Task(BashOperator): hadoop_streaming>, bundle_instance=LocalDagBundle(name=dags-folder), max_tries=0, start_date=datetime.datetime(2025, 11, 14, 7, 33, 8, 654337, tzinfo=datetime.timezone.utc), end_date=None, state=<TaskInstanceState.RUNNING: 'running'>, is_mapped=False, rendered_map_index=None)","logger":"task","filename":"task_runner.py","lineno":1352}
{"timestamp":"2025-11-14T07:34:36.298833Z","level":"info","event":"Task instance in success state","logger":"task.stdout"}
{"timestamp":"2025-11-14T07:34:36.299067Z","level":"info","event":" Previous state of the Task instance: TaskInstanceState.RUNNING","logger":"task.stdout"}
{"timestamp":"2025-11-14T07:34:36.308289Z","level":"info","event":"Task operator:<Task(BashOperator): hadoop_streaming>","logger":"task.stdout"}
