{"timestamp":"2025-11-14T07:42:59.841859Z","level":"info","event":"DAG bundles loaded: dags-folder, example_dags","logger":"airflow.dag_processing.bundles.manager.DagBundlesManager","filename":"manager.py","lineno":179}
{"timestamp":"2025-11-14T07:42:59.842714Z","level":"info","event":"Filling up the DagBag from /home/hadoop/airflow/dags/projekt1.py","logger":"airflow.models.dagbag.DagBag","filename":"dagbag.py","lineno":593}
{"timestamp":"2025-11-14T07:42:59.908488Z","level":"info","event":"Task instance is in running state","logger":"task.stdout"}
{"timestamp":"2025-11-14T07:42:59.908639Z","level":"info","event":" Previous state of the Task instance: TaskInstanceState.QUEUED","logger":"task.stdout"}
{"timestamp":"2025-11-14T07:42:59.913274Z","level":"info","event":"Current task name:get_output","logger":"task.stdout"}
{"timestamp":"2025-11-14T07:42:59.913429Z","level":"info","event":"Dag name:project1-workflow","logger":"task.stdout"}
{"timestamp":"2025-11-14T07:42:59.913953Z","level":"info","event":"Tmp dir root location: /tmp","logger":"airflow.task.hooks.airflow.providers.standard.hooks.subprocess.SubprocessHook","filename":"subprocess.py","lineno":78}
{"timestamp":"2025-11-14T07:42:59.914714Z","level":"info","event":"Running command: ['/usr/bin/bash', '-c', 'hadoop fs -getmerge /project1/output6 output6.json && head output6.json']","logger":"airflow.task.hooks.airflow.providers.standard.hooks.subprocess.SubprocessHook","filename":"subprocess.py","lineno":88}
{"timestamp":"2025-11-14T07:42:59.929078Z","level":"info","event":"Output:","logger":"airflow.task.hooks.airflow.providers.standard.hooks.subprocess.SubprocessHook","filename":"subprocess.py","lineno":99}
{"timestamp":"2025-11-14T07:43:02.140593Z","level":"info","event":"{\"country\":\"\\\"Algeria\\\"\",\"cuisine\":\"Chinese\",\"total_orders\":1277,\"avg_total_price\":81.82,\"rank_in_country\":1}","logger":"airflow.task.hooks.airflow.providers.standard.hooks.subprocess.SubprocessHook","filename":"subprocess.py","lineno":106}
{"timestamp":"2025-11-14T07:43:02.140797Z","level":"info","event":"{\"country\":\"\\\"Andorra\\\"\",\"cuisine\":\"Mexican\",\"total_orders\":1262,\"avg_total_price\":83.183334,\"rank_in_country\":1}","logger":"airflow.task.hooks.airflow.providers.standard.hooks.subprocess.SubprocessHook","filename":"subprocess.py","lineno":106}
{"timestamp":"2025-11-14T07:43:02.141099Z","level":"info","event":"{\"country\":\"\\\"Andorra\\\"\",\"cuisine\":\"Italian\",\"total_orders\":1229,\"avg_total_price\":90.46,\"rank_in_country\":2}","logger":"airflow.task.hooks.airflow.providers.standard.hooks.subprocess.SubprocessHook","filename":"subprocess.py","lineno":106}
{"timestamp":"2025-11-14T07:43:02.141250Z","level":"info","event":"{\"country\":\"\\\"Andorra\\\"\",\"cuisine\":\"Japanese\",\"total_orders\":1139,\"avg_total_price\":79.62666,\"rank_in_country\":3}","logger":"airflow.task.hooks.airflow.providers.standard.hooks.subprocess.SubprocessHook","filename":"subprocess.py","lineno":106}
{"timestamp":"2025-11-14T07:43:02.141334Z","level":"info","event":"{\"country\":\"\\\"Angola\\\"\",\"cuisine\":\"Italian\",\"total_orders\":1400,\"avg_total_price\":95.35667,\"rank_in_country\":1}","logger":"airflow.task.hooks.airflow.providers.standard.hooks.subprocess.SubprocessHook","filename":"subprocess.py","lineno":106}
{"timestamp":"2025-11-14T07:43:02.141396Z","level":"info","event":"{\"country\":\"\\\"Angola\\\"\",\"cuisine\":\"American\",\"total_orders\":1203,\"avg_total_price\":83.083336,\"rank_in_country\":2}","logger":"airflow.task.hooks.airflow.providers.standard.hooks.subprocess.SubprocessHook","filename":"subprocess.py","lineno":106}
{"timestamp":"2025-11-14T07:43:02.141449Z","level":"info","event":"{\"country\":\"\\\"Angola\\\"\",\"cuisine\":\"Chinese\",\"total_orders\":1175,\"avg_total_price\":85.98334,\"rank_in_country\":3}","logger":"airflow.task.hooks.airflow.providers.standard.hooks.subprocess.SubprocessHook","filename":"subprocess.py","lineno":106}
{"timestamp":"2025-11-14T07:43:02.141509Z","level":"info","event":"{\"country\":\"\\\"Anguilla\\\"\",\"cuisine\":\"Polish\",\"total_orders\":1326,\"avg_total_price\":90.253334,\"rank_in_country\":1}","logger":"airflow.task.hooks.airflow.providers.standard.hooks.subprocess.SubprocessHook","filename":"subprocess.py","lineno":106}
{"timestamp":"2025-11-14T07:43:02.141561Z","level":"info","event":"{\"country\":\"\\\"Argentina\\\"\",\"cuisine\":\"Greek\",\"total_orders\":1163,\"avg_total_price\":84.85333,\"rank_in_country\":1}","logger":"airflow.task.hooks.airflow.providers.standard.hooks.subprocess.SubprocessHook","filename":"subprocess.py","lineno":106}
{"timestamp":"2025-11-14T07:43:02.141615Z","level":"info","event":"{\"country\":\"\\\"Bahamas\\\"\",\"cuisine\":\"Thai\",\"total_orders\":1509,\"avg_total_price\":90.91,\"rank_in_country\":1}","logger":"airflow.task.hooks.airflow.providers.standard.hooks.subprocess.SubprocessHook","filename":"subprocess.py","lineno":106}
{"timestamp":"2025-11-14T07:43:02.141779Z","level":"info","event":"Command exited with return code 0","logger":"airflow.task.hooks.airflow.providers.standard.hooks.subprocess.SubprocessHook","filename":"subprocess.py","lineno":110}
{"timestamp":"2025-11-14T07:43:02.143009Z","level":"info","event":"Pushing xcom","ti":"RuntimeTaskInstance(id=UUID('019a814f-6440-7fd3-9fb6-13a5abb52396'), task_id='get_output', dag_id='project1-workflow', run_id='manual__2025-11-14T07:40:55.173338+00:00', try_number=1, dag_version_id=UUID('019a814e-814c-7e5f-a372-345f98ea7f8d'), map_index=-1, hostname='master', context_carrier={}, task=<Task(BashOperator): get_output>, bundle_instance=LocalDagBundle(name=dags-folder), max_tries=0, start_date=datetime.datetime(2025, 11, 14, 7, 42, 59, 811232, tzinfo=datetime.timezone.utc), end_date=None, state=<TaskInstanceState.RUNNING: 'running'>, is_mapped=False, rendered_map_index=None)","logger":"task","filename":"task_runner.py","lineno":1352}
{"timestamp":"2025-11-14T07:43:02.210451Z","level":"info","event":"Task instance in success state","logger":"task.stdout"}
{"timestamp":"2025-11-14T07:43:02.210621Z","level":"info","event":" Previous state of the Task instance: TaskInstanceState.RUNNING","logger":"task.stdout"}
{"timestamp":"2025-11-14T07:43:02.216270Z","level":"info","event":"Task operator:<Task(BashOperator): get_output>","logger":"task.stdout"}
