{"timestamp":"2025-11-14T07:41:05.592655Z","level":"info","event":"DAG bundles loaded: dags-folder, example_dags","logger":"airflow.dag_processing.bundles.manager.DagBundlesManager","filename":"manager.py","lineno":179}
{"timestamp":"2025-11-14T07:41:05.593987Z","level":"info","event":"Filling up the DagBag from /home/hadoop/airflow/dags/projekt1.py","logger":"airflow.models.dagbag.DagBag","filename":"dagbag.py","lineno":593}
{"timestamp":"2025-11-14T07:41:05.663965Z","level":"info","event":"Task instance is in running state","logger":"task.stdout"}
{"timestamp":"2025-11-14T07:41:05.664218Z","level":"info","event":" Previous state of the Task instance: TaskInstanceState.QUEUED","logger":"task.stdout"}
{"timestamp":"2025-11-14T07:41:05.671654Z","level":"info","event":"Current task name:hadoop_streaming","logger":"task.stdout"}
{"timestamp":"2025-11-14T07:41:05.671828Z","level":"info","event":"Dag name:project1-workflow","logger":"task.stdout"}
{"timestamp":"2025-11-14T07:41:05.672670Z","level":"info","event":"Tmp dir root location: /tmp","logger":"airflow.task.hooks.airflow.providers.standard.hooks.subprocess.SubprocessHook","filename":"subprocess.py","lineno":78}
{"timestamp":"2025-11-14T07:41:05.673563Z","level":"info","event":"Running command: ['/usr/bin/bash', '-c', 'mapred streaming -files /home/hadoop/airflow/dags/project_files/mapper.py,/home/hadoop/airflow/dags/project_files/combiner.py,/home/hadoop/airflow/dags/project_files/reducer.py -input /tmp/input/datasource1 -output /project1/output_mr3 -mapper \"python mapper.py\" -combiner \"python combiner.py\" -reducer \"python reducer.py\" ']","logger":"airflow.task.hooks.airflow.providers.standard.hooks.subprocess.SubprocessHook","filename":"subprocess.py","lineno":88}
{"timestamp":"2025-11-14T07:41:05.693348Z","level":"info","event":"Output:","logger":"airflow.task.hooks.airflow.providers.standard.hooks.subprocess.SubprocessHook","filename":"subprocess.py","lineno":99}
{"timestamp":"2025-11-14T07:41:08.079765Z","level":"info","event":"packageJobJar: [] [/opt/hadoop/share/hadoop/tools/lib/hadoop-streaming-3.4.1.jar] /tmp/streamjob15244865775459272841.jar tmpDir=null","logger":"airflow.task.hooks.airflow.providers.standard.hooks.subprocess.SubprocessHook","filename":"subprocess.py","lineno":106}
{"timestamp":"2025-11-14T07:41:08.609645Z","level":"info","event":"2025-11-14 07:41:08,608 [main] INFO  org.apache.hadoop.yarn.client.DefaultNoHARMFailoverProxyProvider  - Connecting to ResourceManager at master/172.28.1.2:8032","logger":"airflow.task.hooks.airflow.providers.standard.hooks.subprocess.SubprocessHook","filename":"subprocess.py","lineno":106}
{"timestamp":"2025-11-14T07:41:08.854793Z","level":"info","event":"2025-11-14 07:41:08,854 [main] INFO  org.apache.hadoop.yarn.client.AHSProxy  - Connecting to Application History server at master/172.28.1.2:10200","logger":"airflow.task.hooks.airflow.providers.standard.hooks.subprocess.SubprocessHook","filename":"subprocess.py","lineno":106}
{"timestamp":"2025-11-14T07:41:08.928036Z","level":"info","event":"2025-11-14 07:41:08,927 [main] INFO  org.apache.hadoop.yarn.client.DefaultNoHARMFailoverProxyProvider  - Connecting to ResourceManager at master/172.28.1.2:8032","logger":"airflow.task.hooks.airflow.providers.standard.hooks.subprocess.SubprocessHook","filename":"subprocess.py","lineno":106}
{"timestamp":"2025-11-14T07:41:08.928785Z","level":"info","event":"2025-11-14 07:41:08,928 [main] INFO  org.apache.hadoop.yarn.client.AHSProxy  - Connecting to Application History server at master/172.28.1.2:10200","logger":"airflow.task.hooks.airflow.providers.standard.hooks.subprocess.SubprocessHook","filename":"subprocess.py","lineno":106}
{"timestamp":"2025-11-14T07:41:09.303864Z","level":"info","event":"2025-11-14 07:41:09,303 [main] INFO  org.apache.hadoop.mapreduce.JobResourceUploader  - Disabling Erasure Coding for path: /tmp/hadoop-yarn/staging/hadoop/.staging/job_1763103721848_0002","logger":"airflow.task.hooks.airflow.providers.standard.hooks.subprocess.SubprocessHook","filename":"subprocess.py","lineno":106}
{"timestamp":"2025-11-14T07:41:09.978209Z","level":"info","event":"2025-11-14 07:41:09,977 [main] INFO  org.apache.hadoop.mapred.FileInputFormat  - Total input files to process : 50","logger":"airflow.task.hooks.airflow.providers.standard.hooks.subprocess.SubprocessHook","filename":"subprocess.py","lineno":106}
{"timestamp":"2025-11-14T07:41:10.093167Z","level":"info","event":"2025-11-14 07:41:10,092 [main] INFO  org.apache.hadoop.mapreduce.JobSubmitter  - number of splits:50","logger":"airflow.task.hooks.airflow.providers.standard.hooks.subprocess.SubprocessHook","filename":"subprocess.py","lineno":106}
{"timestamp":"2025-11-14T07:41:10.311679Z","level":"info","event":"2025-11-14 07:41:10,311 [main] INFO  org.apache.hadoop.mapreduce.JobSubmitter  - Submitting tokens for job: job_1763103721848_0002","logger":"airflow.task.hooks.airflow.providers.standard.hooks.subprocess.SubprocessHook","filename":"subprocess.py","lineno":106}
{"timestamp":"2025-11-14T07:41:10.311909Z","level":"info","event":"2025-11-14 07:41:10,311 [main] INFO  org.apache.hadoop.mapreduce.JobSubmitter  - Executing with tokens: []","logger":"airflow.task.hooks.airflow.providers.standard.hooks.subprocess.SubprocessHook","filename":"subprocess.py","lineno":106}
{"timestamp":"2025-11-14T07:41:10.513086Z","level":"info","event":"2025-11-14 07:41:10,512 [main] INFO  org.apache.hadoop.conf.Configuration  - resource-types.xml not found","logger":"airflow.task.hooks.airflow.providers.standard.hooks.subprocess.SubprocessHook","filename":"subprocess.py","lineno":106}
{"timestamp":"2025-11-14T07:41:10.513314Z","level":"info","event":"2025-11-14 07:41:10,513 [main] INFO  org.apache.hadoop.yarn.util.resource.ResourceUtils  - Unable to find 'resource-types.xml'.","logger":"airflow.task.hooks.airflow.providers.standard.hooks.subprocess.SubprocessHook","filename":"subprocess.py","lineno":106}
{"timestamp":"2025-11-14T07:41:10.594743Z","level":"info","event":"2025-11-14 07:41:10,594 [main] INFO  org.apache.hadoop.yarn.client.api.impl.YarnClientImpl  - Submitted application application_1763103721848_0002","logger":"airflow.task.hooks.airflow.providers.standard.hooks.subprocess.SubprocessHook","filename":"subprocess.py","lineno":106}
{"timestamp":"2025-11-14T07:41:10.629590Z","level":"info","event":"2025-11-14 07:41:10,629 [main] INFO  org.apache.hadoop.mapreduce.Job  - The url to track the job: http://master:8088/proxy/application_1763103721848_0002/","logger":"airflow.task.hooks.airflow.providers.standard.hooks.subprocess.SubprocessHook","filename":"subprocess.py","lineno":106}
{"timestamp":"2025-11-14T07:41:10.630924Z","level":"info","event":"2025-11-14 07:41:10,630 [main] INFO  org.apache.hadoop.mapreduce.Job  - Running job: job_1763103721848_0002","logger":"airflow.task.hooks.airflow.providers.standard.hooks.subprocess.SubprocessHook","filename":"subprocess.py","lineno":106}
{"timestamp":"2025-11-14T07:41:18.768476Z","level":"info","event":"2025-11-14 07:41:18,768 [main] INFO  org.apache.hadoop.mapreduce.Job  - Job job_1763103721848_0002 running in uber mode : false","logger":"airflow.task.hooks.airflow.providers.standard.hooks.subprocess.SubprocessHook","filename":"subprocess.py","lineno":106}
{"timestamp":"2025-11-14T07:41:18.770062Z","level":"info","event":"2025-11-14 07:41:18,769 [main] INFO  org.apache.hadoop.mapreduce.Job  -  map 0% reduce 0%","logger":"airflow.task.hooks.airflow.providers.standard.hooks.subprocess.SubprocessHook","filename":"subprocess.py","lineno":106}
{"timestamp":"2025-11-14T07:41:34.878823Z","level":"info","event":"2025-11-14 07:41:34,878 [main] INFO  org.apache.hadoop.mapreduce.Job  -  map 8% reduce 0%","logger":"airflow.task.hooks.airflow.providers.standard.hooks.subprocess.SubprocessHook","filename":"subprocess.py","lineno":106}
{"timestamp":"2025-11-14T07:41:35.964267Z","level":"info","event":"2025-11-14 07:41:35,963 [main] INFO  org.apache.hadoop.mapreduce.Job  -  map 10% reduce 0%","logger":"airflow.task.hooks.airflow.providers.standard.hooks.subprocess.SubprocessHook","filename":"subprocess.py","lineno":106}
{"timestamp":"2025-11-14T07:41:37.230359Z","level":"info","event":"2025-11-14 07:41:37,124 [main] INFO  org.apache.hadoop.mapreduce.Job  -  map 12% reduce 0%","logger":"airflow.task.hooks.airflow.providers.standard.hooks.subprocess.SubprocessHook","filename":"subprocess.py","lineno":106}
{"timestamp":"2025-11-14T07:41:40.406963Z","level":"info","event":"2025-11-14 07:41:40,381 [main] INFO  org.apache.hadoop.mapreduce.Job  -  map 18% reduce 0%","logger":"airflow.task.hooks.airflow.providers.standard.hooks.subprocess.SubprocessHook","filename":"subprocess.py","lineno":106}
{"timestamp":"2025-11-14T07:41:41.540122Z","level":"info","event":"2025-11-14 07:41:41,538 [main] INFO  org.apache.hadoop.mapreduce.Job  -  map 28% reduce 0%","logger":"airflow.task.hooks.airflow.providers.standard.hooks.subprocess.SubprocessHook","filename":"subprocess.py","lineno":106}
{"timestamp":"2025-11-14T07:41:48.899131Z","level":"info","event":"2025-11-14 07:41:48,898 [main] INFO  org.apache.hadoop.mapreduce.Job  -  map 30% reduce 0%","logger":"airflow.task.hooks.airflow.providers.standard.hooks.subprocess.SubprocessHook","filename":"subprocess.py","lineno":106}
{"timestamp":"2025-11-14T07:41:49.923115Z","level":"info","event":"2025-11-14 07:41:49,922 [main] INFO  org.apache.hadoop.mapreduce.Job  -  map 34% reduce 0%","logger":"airflow.task.hooks.airflow.providers.standard.hooks.subprocess.SubprocessHook","filename":"subprocess.py","lineno":106}
{"timestamp":"2025-11-14T07:41:50.934482Z","level":"info","event":"2025-11-14 07:41:50,934 [main] INFO  org.apache.hadoop.mapreduce.Job  -  map 40% reduce 0%","logger":"airflow.task.hooks.airflow.providers.standard.hooks.subprocess.SubprocessHook","filename":"subprocess.py","lineno":106}
{"timestamp":"2025-11-14T07:41:56.095102Z","level":"info","event":"2025-11-14 07:41:56,094 [main] INFO  org.apache.hadoop.mapreduce.Job  -  map 42% reduce 0%","logger":"airflow.task.hooks.airflow.providers.standard.hooks.subprocess.SubprocessHook","filename":"subprocess.py","lineno":106}
{"timestamp":"2025-11-14T07:41:57.143592Z","level":"info","event":"2025-11-14 07:41:57,140 [main] INFO  org.apache.hadoop.mapreduce.Job  -  map 50% reduce 0%","logger":"airflow.task.hooks.airflow.providers.standard.hooks.subprocess.SubprocessHook","filename":"subprocess.py","lineno":106}
{"timestamp":"2025-11-14T07:42:02.386146Z","level":"info","event":"2025-11-14 07:42:02,384 [main] INFO  org.apache.hadoop.mapreduce.Job  -  map 54% reduce 0%","logger":"airflow.task.hooks.airflow.providers.standard.hooks.subprocess.SubprocessHook","filename":"subprocess.py","lineno":106}
{"timestamp":"2025-11-14T07:42:03.466123Z","level":"info","event":"2025-11-14 07:42:03,461 [main] INFO  org.apache.hadoop.mapreduce.Job  -  map 56% reduce 0%","logger":"airflow.task.hooks.airflow.providers.standard.hooks.subprocess.SubprocessHook","filename":"subprocess.py","lineno":106}
{"timestamp":"2025-11-14T07:42:04.498120Z","level":"info","event":"2025-11-14 07:42:04,496 [main] INFO  org.apache.hadoop.mapreduce.Job  -  map 62% reduce 6%","logger":"airflow.task.hooks.airflow.providers.standard.hooks.subprocess.SubprocessHook","filename":"subprocess.py","lineno":106}
{"timestamp":"2025-11-14T07:42:06.609798Z","level":"info","event":"2025-11-14 07:42:06,609 [main] INFO  org.apache.hadoop.mapreduce.Job  -  map 64% reduce 6%","logger":"airflow.task.hooks.airflow.providers.standard.hooks.subprocess.SubprocessHook","filename":"subprocess.py","lineno":106}
{"timestamp":"2025-11-14T07:42:07.626103Z","level":"info","event":"2025-11-14 07:42:07,625 [main] INFO  org.apache.hadoop.mapreduce.Job  -  map 64% reduce 21%","logger":"airflow.task.hooks.airflow.providers.standard.hooks.subprocess.SubprocessHook","filename":"subprocess.py","lineno":106}
{"timestamp":"2025-11-14T07:42:09.701740Z","level":"info","event":"2025-11-14 07:42:09,701 [main] INFO  org.apache.hadoop.mapreduce.Job  -  map 70% reduce 21%","logger":"airflow.task.hooks.airflow.providers.standard.hooks.subprocess.SubprocessHook","filename":"subprocess.py","lineno":106}
{"timestamp":"2025-11-14T07:42:10.748105Z","level":"info","event":"2025-11-14 07:42:10,747 [main] INFO  org.apache.hadoop.mapreduce.Job  -  map 70% reduce 22%","logger":"airflow.task.hooks.airflow.providers.standard.hooks.subprocess.SubprocessHook","filename":"subprocess.py","lineno":106}
{"timestamp":"2025-11-14T07:42:12.773116Z","level":"info","event":"2025-11-14 07:42:12,772 [main] INFO  org.apache.hadoop.mapreduce.Job  -  map 72% reduce 22%","logger":"airflow.task.hooks.airflow.providers.standard.hooks.subprocess.SubprocessHook","filename":"subprocess.py","lineno":106}
{"timestamp":"2025-11-14T07:42:13.790380Z","level":"info","event":"2025-11-14 07:42:13,790 [main] INFO  org.apache.hadoop.mapreduce.Job  -  map 72% reduce 24%","logger":"airflow.task.hooks.airflow.providers.standard.hooks.subprocess.SubprocessHook","filename":"subprocess.py","lineno":106}
{"timestamp":"2025-11-14T07:42:15.814423Z","level":"info","event":"2025-11-14 07:42:15,814 [main] INFO  org.apache.hadoop.mapreduce.Job  -  map 76% reduce 24%","logger":"airflow.task.hooks.airflow.providers.standard.hooks.subprocess.SubprocessHook","filename":"subprocess.py","lineno":106}
{"timestamp":"2025-11-14T07:42:16.830108Z","level":"info","event":"2025-11-14 07:42:16,829 [main] INFO  org.apache.hadoop.mapreduce.Job  -  map 78% reduce 24%","logger":"airflow.task.hooks.airflow.providers.standard.hooks.subprocess.SubprocessHook","filename":"subprocess.py","lineno":106}
{"timestamp":"2025-11-14T07:42:17.846118Z","level":"info","event":"2025-11-14 07:42:17,845 [main] INFO  org.apache.hadoop.mapreduce.Job  -  map 82% reduce 24%","logger":"airflow.task.hooks.airflow.providers.standard.hooks.subprocess.SubprocessHook","filename":"subprocess.py","lineno":106}
{"timestamp":"2025-11-14T07:42:18.883878Z","level":"info","event":"2025-11-14 07:42:18,883 [main] INFO  org.apache.hadoop.mapreduce.Job  -  map 86% reduce 24%","logger":"airflow.task.hooks.airflow.providers.standard.hooks.subprocess.SubprocessHook","filename":"subprocess.py","lineno":106}
{"timestamp":"2025-11-14T07:42:19.916117Z","level":"info","event":"2025-11-14 07:42:19,914 [main] INFO  org.apache.hadoop.mapreduce.Job  -  map 88% reduce 27%","logger":"airflow.task.hooks.airflow.providers.standard.hooks.subprocess.SubprocessHook","filename":"subprocess.py","lineno":106}
{"timestamp":"2025-11-14T07:42:20.927012Z","level":"info","event":"2025-11-14 07:42:20,926 [main] INFO  org.apache.hadoop.mapreduce.Job  -  map 92% reduce 27%","logger":"airflow.task.hooks.airflow.providers.standard.hooks.subprocess.SubprocessHook","filename":"subprocess.py","lineno":106}
{"timestamp":"2025-11-14T07:42:21.934018Z","level":"info","event":"2025-11-14 07:42:21,933 [main] INFO  org.apache.hadoop.mapreduce.Job  -  map 94% reduce 27%","logger":"airflow.task.hooks.airflow.providers.standard.hooks.subprocess.SubprocessHook","filename":"subprocess.py","lineno":106}
{"timestamp":"2025-11-14T07:42:22.938974Z","level":"info","event":"2025-11-14 07:42:22,938 [main] INFO  org.apache.hadoop.mapreduce.Job  -  map 100% reduce 29%","logger":"airflow.task.hooks.airflow.providers.standard.hooks.subprocess.SubprocessHook","filename":"subprocess.py","lineno":106}
{"timestamp":"2025-11-14T07:42:23.945097Z","level":"info","event":"2025-11-14 07:42:23,944 [main] INFO  org.apache.hadoop.mapreduce.Job  -  map 100% reduce 53%","logger":"airflow.task.hooks.airflow.providers.standard.hooks.subprocess.SubprocessHook","filename":"subprocess.py","lineno":106}
{"timestamp":"2025-11-14T07:42:24.950576Z","level":"info","event":"2025-11-14 07:42:24,950 [main] INFO  org.apache.hadoop.mapreduce.Job  -  map 100% reduce 100%","logger":"airflow.task.hooks.airflow.providers.standard.hooks.subprocess.SubprocessHook","filename":"subprocess.py","lineno":106}
{"timestamp":"2025-11-14T07:42:24.963864Z","level":"info","event":"2025-11-14 07:42:24,963 [main] INFO  org.apache.hadoop.mapreduce.Job  - Job job_1763103721848_0002 completed successfully","logger":"airflow.task.hooks.airflow.providers.standard.hooks.subprocess.SubprocessHook","filename":"subprocess.py","lineno":106}
{"timestamp":"2025-11-14T07:42:25.142283Z","level":"info","event":"2025-11-14 07:42:25,141 [main] INFO  org.apache.hadoop.mapreduce.Job  - Counters: 55","logger":"airflow.task.hooks.airflow.providers.standard.hooks.subprocess.SubprocessHook","filename":"subprocess.py","lineno":106}
{"timestamp":"2025-11-14T07:42:25.142568Z","level":"info","event":"\tFile System Counters","logger":"airflow.task.hooks.airflow.providers.standard.hooks.subprocess.SubprocessHook","filename":"subprocess.py","lineno":106}
{"timestamp":"2025-11-14T07:42:25.142678Z","level":"info","event":"\t\tFILE: Number of bytes read=1388862","logger":"airflow.task.hooks.airflow.providers.standard.hooks.subprocess.SubprocessHook","filename":"subprocess.py","lineno":106}
{"timestamp":"2025-11-14T07:42:25.142761Z","level":"info","event":"\t\tFILE: Number of bytes written=19428658","logger":"airflow.task.hooks.airflow.providers.standard.hooks.subprocess.SubprocessHook","filename":"subprocess.py","lineno":106}
{"timestamp":"2025-11-14T07:42:25.142835Z","level":"info","event":"\t\tFILE: Number of read operations=0","logger":"airflow.task.hooks.airflow.providers.standard.hooks.subprocess.SubprocessHook","filename":"subprocess.py","lineno":106}
{"timestamp":"2025-11-14T07:42:25.142938Z","level":"info","event":"\t\tFILE: Number of large read operations=0","logger":"airflow.task.hooks.airflow.providers.standard.hooks.subprocess.SubprocessHook","filename":"subprocess.py","lineno":106}
{"timestamp":"2025-11-14T07:42:25.143040Z","level":"info","event":"\t\tFILE: Number of write operations=0","logger":"airflow.task.hooks.airflow.providers.standard.hooks.subprocess.SubprocessHook","filename":"subprocess.py","lineno":106}
{"timestamp":"2025-11-14T07:42:25.143142Z","level":"info","event":"\t\tHDFS: Number of bytes read=5726322","logger":"airflow.task.hooks.airflow.providers.standard.hooks.subprocess.SubprocessHook","filename":"subprocess.py","lineno":106}
{"timestamp":"2025-11-14T07:42:25.143214Z","level":"info","event":"\t\tHDFS: Number of bytes written=31904","logger":"airflow.task.hooks.airflow.providers.standard.hooks.subprocess.SubprocessHook","filename":"subprocess.py","lineno":106}
{"timestamp":"2025-11-14T07:42:25.143274Z","level":"info","event":"\t\tHDFS: Number of read operations=165","logger":"airflow.task.hooks.airflow.providers.standard.hooks.subprocess.SubprocessHook","filename":"subprocess.py","lineno":106}
{"timestamp":"2025-11-14T07:42:25.143334Z","level":"info","event":"\t\tHDFS: Number of large read operations=0","logger":"airflow.task.hooks.airflow.providers.standard.hooks.subprocess.SubprocessHook","filename":"subprocess.py","lineno":106}
{"timestamp":"2025-11-14T07:42:25.143438Z","level":"info","event":"\t\tHDFS: Number of write operations=6","logger":"airflow.task.hooks.airflow.providers.standard.hooks.subprocess.SubprocessHook","filename":"subprocess.py","lineno":106}
{"timestamp":"2025-11-14T07:42:25.143568Z","level":"info","event":"\t\tHDFS: Number of bytes read erasure-coded=0","logger":"airflow.task.hooks.airflow.providers.standard.hooks.subprocess.SubprocessHook","filename":"subprocess.py","lineno":106}
{"timestamp":"2025-11-14T07:42:25.143684Z","level":"info","event":"\tJob Counters","logger":"airflow.task.hooks.airflow.providers.standard.hooks.subprocess.SubprocessHook","filename":"subprocess.py","lineno":106}
{"timestamp":"2025-11-14T07:42:25.143830Z","level":"info","event":"\t\tKilled map tasks=1","logger":"airflow.task.hooks.airflow.providers.standard.hooks.subprocess.SubprocessHook","filename":"subprocess.py","lineno":106}
{"timestamp":"2025-11-14T07:42:25.143973Z","level":"info","event":"\t\tLaunched map tasks=50","logger":"airflow.task.hooks.airflow.providers.standard.hooks.subprocess.SubprocessHook","filename":"subprocess.py","lineno":106}
{"timestamp":"2025-11-14T07:42:25.144135Z","level":"info","event":"\t\tLaunched reduce tasks=3","logger":"airflow.task.hooks.airflow.providers.standard.hooks.subprocess.SubprocessHook","filename":"subprocess.py","lineno":106}
{"timestamp":"2025-11-14T07:42:25.144248Z","level":"info","event":"\t\tData-local map tasks=50","logger":"airflow.task.hooks.airflow.providers.standard.hooks.subprocess.SubprocessHook","filename":"subprocess.py","lineno":106}
{"timestamp":"2025-11-14T07:42:25.144353Z","level":"info","event":"\t\tTotal time spent by all maps in occupied slots (ms)=1336212","logger":"airflow.task.hooks.airflow.providers.standard.hooks.subprocess.SubprocessHook","filename":"subprocess.py","lineno":106}
{"timestamp":"2025-11-14T07:42:25.144466Z","level":"info","event":"\t\tTotal time spent by all reduces in occupied slots (ms)=250998","logger":"airflow.task.hooks.airflow.providers.standard.hooks.subprocess.SubprocessHook","filename":"subprocess.py","lineno":106}
{"timestamp":"2025-11-14T07:42:25.144581Z","level":"info","event":"\t\tTotal time spent by all map tasks (ms)=668106","logger":"airflow.task.hooks.airflow.providers.standard.hooks.subprocess.SubprocessHook","filename":"subprocess.py","lineno":106}
{"timestamp":"2025-11-14T07:42:25.144706Z","level":"info","event":"\t\tTotal time spent by all reduce tasks (ms)=125499","logger":"airflow.task.hooks.airflow.providers.standard.hooks.subprocess.SubprocessHook","filename":"subprocess.py","lineno":106}
{"timestamp":"2025-11-14T07:42:25.144811Z","level":"info","event":"\t\tTotal vcore-milliseconds taken by all map tasks=668106","logger":"airflow.task.hooks.airflow.providers.standard.hooks.subprocess.SubprocessHook","filename":"subprocess.py","lineno":106}
{"timestamp":"2025-11-14T07:42:25.144933Z","level":"info","event":"\t\tTotal vcore-milliseconds taken by all reduce tasks=125499","logger":"airflow.task.hooks.airflow.providers.standard.hooks.subprocess.SubprocessHook","filename":"subprocess.py","lineno":106}
{"timestamp":"2025-11-14T07:42:25.145087Z","level":"info","event":"\t\tTotal megabyte-milliseconds taken by all map tasks=684140544","logger":"airflow.task.hooks.airflow.providers.standard.hooks.subprocess.SubprocessHook","filename":"subprocess.py","lineno":106}
{"timestamp":"2025-11-14T07:42:25.145238Z","level":"info","event":"\t\tTotal megabyte-milliseconds taken by all reduce tasks=128510976","logger":"airflow.task.hooks.airflow.providers.standard.hooks.subprocess.SubprocessHook","filename":"subprocess.py","lineno":106}
{"timestamp":"2025-11-14T07:42:25.145402Z","level":"info","event":"\tMap-Reduce Framework","logger":"airflow.task.hooks.airflow.providers.standard.hooks.subprocess.SubprocessHook","filename":"subprocess.py","lineno":106}
{"timestamp":"2025-11-14T07:42:25.145601Z","level":"info","event":"\t\tMap input records=50050","logger":"airflow.task.hooks.airflow.providers.standard.hooks.subprocess.SubprocessHook","filename":"subprocess.py","lineno":106}
{"timestamp":"2025-11-14T07:42:25.145770Z","level":"info","event":"\t\tMap output records=50000","logger":"airflow.task.hooks.airflow.providers.standard.hooks.subprocess.SubprocessHook","filename":"subprocess.py","lineno":106}
{"timestamp":"2025-11-14T07:42:25.145891Z","level":"info","event":"\t\tMap output bytes=2550302","logger":"airflow.task.hooks.airflow.providers.standard.hooks.subprocess.SubprocessHook","filename":"subprocess.py","lineno":106}
{"timestamp":"2025-11-14T07:42:25.146067Z","level":"info","event":"\t\tMap output materialized bytes=1389744","logger":"airflow.task.hooks.airflow.providers.standard.hooks.subprocess.SubprocessHook","filename":"subprocess.py","lineno":106}
{"timestamp":"2025-11-14T07:42:25.146213Z","level":"info","event":"\t\tInput split bytes=5250","logger":"airflow.task.hooks.airflow.providers.standard.hooks.subprocess.SubprocessHook","filename":"subprocess.py","lineno":106}
{"timestamp":"2025-11-14T07:42:25.146324Z","level":"info","event":"\t\tCombine input records=50000","logger":"airflow.task.hooks.airflow.providers.standard.hooks.subprocess.SubprocessHook","filename":"subprocess.py","lineno":106}
{"timestamp":"2025-11-14T07:42:25.146394Z","level":"info","event":"\t\tCombine output records=24161","logger":"airflow.task.hooks.airflow.providers.standard.hooks.subprocess.SubprocessHook","filename":"subprocess.py","lineno":106}
{"timestamp":"2025-11-14T07:42:25.146454Z","level":"info","event":"\t\tReduce input groups=597","logger":"airflow.task.hooks.airflow.providers.standard.hooks.subprocess.SubprocessHook","filename":"subprocess.py","lineno":106}
{"timestamp":"2025-11-14T07:42:25.146513Z","level":"info","event":"\t\tReduce shuffle bytes=1389744","logger":"airflow.task.hooks.airflow.providers.standard.hooks.subprocess.SubprocessHook","filename":"subprocess.py","lineno":106}
{"timestamp":"2025-11-14T07:42:25.146766Z","level":"info","event":"\t\tReduce input records=24161","logger":"airflow.task.hooks.airflow.providers.standard.hooks.subprocess.SubprocessHook","filename":"subprocess.py","lineno":106}
{"timestamp":"2025-11-14T07:42:25.146893Z","level":"info","event":"\t\tReduce output records=594","logger":"airflow.task.hooks.airflow.providers.standard.hooks.subprocess.SubprocessHook","filename":"subprocess.py","lineno":106}
{"timestamp":"2025-11-14T07:42:25.146967Z","level":"info","event":"\t\tSpilled Records=48322","logger":"airflow.task.hooks.airflow.providers.standard.hooks.subprocess.SubprocessHook","filename":"subprocess.py","lineno":106}
{"timestamp":"2025-11-14T07:42:25.147056Z","level":"info","event":"\t\tShuffled Maps =150","logger":"airflow.task.hooks.airflow.providers.standard.hooks.subprocess.SubprocessHook","filename":"subprocess.py","lineno":106}
{"timestamp":"2025-11-14T07:42:25.147130Z","level":"info","event":"\t\tFailed Shuffles=0","logger":"airflow.task.hooks.airflow.providers.standard.hooks.subprocess.SubprocessHook","filename":"subprocess.py","lineno":106}
{"timestamp":"2025-11-14T07:42:25.147200Z","level":"info","event":"\t\tMerged Map outputs=150","logger":"airflow.task.hooks.airflow.providers.standard.hooks.subprocess.SubprocessHook","filename":"subprocess.py","lineno":106}
{"timestamp":"2025-11-14T07:42:25.147260Z","level":"info","event":"\t\tGC time elapsed (ms)=7357","logger":"airflow.task.hooks.airflow.providers.standard.hooks.subprocess.SubprocessHook","filename":"subprocess.py","lineno":106}
{"timestamp":"2025-11-14T07:42:25.147343Z","level":"info","event":"\t\tCPU time spent (ms)=89710","logger":"airflow.task.hooks.airflow.providers.standard.hooks.subprocess.SubprocessHook","filename":"subprocess.py","lineno":106}
{"timestamp":"2025-11-14T07:42:25.147398Z","level":"info","event":"\t\tPhysical memory (bytes) snapshot=13865537536","logger":"airflow.task.hooks.airflow.providers.standard.hooks.subprocess.SubprocessHook","filename":"subprocess.py","lineno":106}
{"timestamp":"2025-11-14T07:42:25.147453Z","level":"info","event":"\t\tVirtual memory (bytes) snapshot=144063389696","logger":"airflow.task.hooks.airflow.providers.standard.hooks.subprocess.SubprocessHook","filename":"subprocess.py","lineno":106}
{"timestamp":"2025-11-14T07:42:25.147519Z","level":"info","event":"\t\tTotal committed heap usage (bytes)=8349810688","logger":"airflow.task.hooks.airflow.providers.standard.hooks.subprocess.SubprocessHook","filename":"subprocess.py","lineno":106}
{"timestamp":"2025-11-14T07:42:25.147586Z","level":"info","event":"\t\tPeak Map Physical memory (bytes)=293789696","logger":"airflow.task.hooks.airflow.providers.standard.hooks.subprocess.SubprocessHook","filename":"subprocess.py","lineno":106}
{"timestamp":"2025-11-14T07:42:25.147655Z","level":"info","event":"\t\tPeak Map Virtual memory (bytes)=2724339712","logger":"airflow.task.hooks.airflow.providers.standard.hooks.subprocess.SubprocessHook","filename":"subprocess.py","lineno":106}
{"timestamp":"2025-11-14T07:42:25.147710Z","level":"info","event":"\t\tPeak Reduce Physical memory (bytes)=199335936","logger":"airflow.task.hooks.airflow.providers.standard.hooks.subprocess.SubprocessHook","filename":"subprocess.py","lineno":106}
{"timestamp":"2025-11-14T07:42:25.147766Z","level":"info","event":"\t\tPeak Reduce Virtual memory (bytes)=2783002624","logger":"airflow.task.hooks.airflow.providers.standard.hooks.subprocess.SubprocessHook","filename":"subprocess.py","lineno":106}
{"timestamp":"2025-11-14T07:42:25.147819Z","level":"info","event":"\tShuffle Errors","logger":"airflow.task.hooks.airflow.providers.standard.hooks.subprocess.SubprocessHook","filename":"subprocess.py","lineno":106}
{"timestamp":"2025-11-14T07:42:25.147872Z","level":"info","event":"\t\tBAD_ID=0","logger":"airflow.task.hooks.airflow.providers.standard.hooks.subprocess.SubprocessHook","filename":"subprocess.py","lineno":106}
{"timestamp":"2025-11-14T07:42:25.147926Z","level":"info","event":"\t\tCONNECTION=0","logger":"airflow.task.hooks.airflow.providers.standard.hooks.subprocess.SubprocessHook","filename":"subprocess.py","lineno":106}
{"timestamp":"2025-11-14T07:42:25.147986Z","level":"info","event":"\t\tIO_ERROR=0","logger":"airflow.task.hooks.airflow.providers.standard.hooks.subprocess.SubprocessHook","filename":"subprocess.py","lineno":106}
{"timestamp":"2025-11-14T07:42:25.148071Z","level":"info","event":"\t\tWRONG_LENGTH=0","logger":"airflow.task.hooks.airflow.providers.standard.hooks.subprocess.SubprocessHook","filename":"subprocess.py","lineno":106}
{"timestamp":"2025-11-14T07:42:25.148139Z","level":"info","event":"\t\tWRONG_MAP=0","logger":"airflow.task.hooks.airflow.providers.standard.hooks.subprocess.SubprocessHook","filename":"subprocess.py","lineno":106}
{"timestamp":"2025-11-14T07:42:25.148194Z","level":"info","event":"\t\tWRONG_REDUCE=0","logger":"airflow.task.hooks.airflow.providers.standard.hooks.subprocess.SubprocessHook","filename":"subprocess.py","lineno":106}
{"timestamp":"2025-11-14T07:42:25.148252Z","level":"info","event":"\tFile Input Format Counters","logger":"airflow.task.hooks.airflow.providers.standard.hooks.subprocess.SubprocessHook","filename":"subprocess.py","lineno":106}
{"timestamp":"2025-11-14T07:42:25.148306Z","level":"info","event":"\t\tBytes Read=5721072","logger":"airflow.task.hooks.airflow.providers.standard.hooks.subprocess.SubprocessHook","filename":"subprocess.py","lineno":106}
{"timestamp":"2025-11-14T07:42:25.148358Z","level":"info","event":"\tFile Output Format Counters","logger":"airflow.task.hooks.airflow.providers.standard.hooks.subprocess.SubprocessHook","filename":"subprocess.py","lineno":106}
{"timestamp":"2025-11-14T07:42:25.148440Z","level":"info","event":"\t\tBytes Written=31904","logger":"airflow.task.hooks.airflow.providers.standard.hooks.subprocess.SubprocessHook","filename":"subprocess.py","lineno":106}
{"timestamp":"2025-11-14T07:42:25.148515Z","level":"info","event":"2025-11-14 07:42:25,142 [main] INFO  org.apache.hadoop.streaming.StreamJob  - Output directory: /project1/output_mr3","logger":"airflow.task.hooks.airflow.providers.standard.hooks.subprocess.SubprocessHook","filename":"subprocess.py","lineno":106}
{"timestamp":"2025-11-14T07:42:25.567334Z","level":"info","event":"Command exited with return code 0","logger":"airflow.task.hooks.airflow.providers.standard.hooks.subprocess.SubprocessHook","filename":"subprocess.py","lineno":110}
{"timestamp":"2025-11-14T07:42:25.568867Z","level":"info","event":"Pushing xcom","ti":"RuntimeTaskInstance(id=UUID('019a814f-643e-701d-a694-a7f5099f4128'), task_id='hadoop_streaming', dag_id='project1-workflow', run_id='manual__2025-11-14T07:40:55.173338+00:00', try_number=1, dag_version_id=UUID('019a814e-814c-7e5f-a372-345f98ea7f8d'), map_index=-1, hostname='master', context_carrier={}, task=<Task(BashOperator): hadoop_streaming>, bundle_instance=LocalDagBundle(name=dags-folder), max_tries=0, start_date=datetime.datetime(2025, 11, 14, 7, 41, 5, 217608, tzinfo=datetime.timezone.utc), end_date=None, state=<TaskInstanceState.RUNNING: 'running'>, is_mapped=False, rendered_map_index=None)","logger":"task","filename":"task_runner.py","lineno":1352}
{"timestamp":"2025-11-14T07:42:25.651197Z","level":"info","event":"Task instance in success state","logger":"task.stdout"}
{"timestamp":"2025-11-14T07:42:25.651421Z","level":"info","event":" Previous state of the Task instance: TaskInstanceState.RUNNING","logger":"task.stdout"}
{"timestamp":"2025-11-14T07:42:25.662308Z","level":"info","event":"Task operator:<Task(BashOperator): hadoop_streaming>","logger":"task.stdout"}
