{"timestamp":"2025-11-14T08:06:16.019566Z","level":"info","event":"DAG bundles loaded: dags-folder, example_dags","logger":"airflow.dag_processing.bundles.manager.DagBundlesManager","filename":"manager.py","lineno":179}
{"timestamp":"2025-11-14T08:06:16.020849Z","level":"info","event":"Filling up the DagBag from /home/hadoop/airflow/dags/projekt1.py","logger":"airflow.models.dagbag.DagBag","filename":"dagbag.py","lineno":593}
{"timestamp":"2025-11-14T08:06:16.104604Z","level":"info","event":"Task instance is in running state","logger":"task.stdout"}
{"timestamp":"2025-11-14T08:06:16.104869Z","level":"info","event":" Previous state of the Task instance: TaskInstanceState.QUEUED","logger":"task.stdout"}
{"timestamp":"2025-11-14T08:06:16.112315Z","level":"info","event":"Current task name:hive","logger":"task.stdout"}
{"timestamp":"2025-11-14T08:06:16.112534Z","level":"info","event":"Dag name:project1-workflow","logger":"task.stdout"}
{"timestamp":"2025-11-14T08:06:16.113623Z","level":"info","event":"Tmp dir root location: /tmp","logger":"airflow.task.hooks.airflow.providers.standard.hooks.subprocess.SubprocessHook","filename":"subprocess.py","lineno":78}
{"timestamp":"2025-11-14T08:06:16.114687Z","level":"info","event":"Running command: ['/usr/bin/bash', '-c', 'beeline -n hadoop -u jdbc:hive2://localhost:10000/default -f /home/hadoop/airflow/dags/project_files/hive.hql                  --hiveconf input_dir3=/project1/output_mr3                  --hiveconf input_dir4=/tmp/input/datasource4                  --hiveconf output_dir6=/project1/output6 ']","logger":"airflow.task.hooks.airflow.providers.standard.hooks.subprocess.SubprocessHook","filename":"subprocess.py","lineno":88}
{"timestamp":"2025-11-14T08:06:16.133970Z","level":"info","event":"Output:","logger":"airflow.task.hooks.airflow.providers.standard.hooks.subprocess.SubprocessHook","filename":"subprocess.py","lineno":99}
{"timestamp":"2025-11-14T08:06:16.561804Z","level":"info","event":"WARNING: Using incubator modules: jdk.incubator.vector","logger":"airflow.task.hooks.airflow.providers.standard.hooks.subprocess.SubprocessHook","filename":"subprocess.py","lineno":106}
{"timestamp":"2025-11-14T08:06:18.783644Z","level":"info","event":"Connecting to jdbc:hive2://localhost:10000/default","logger":"airflow.task.hooks.airflow.providers.standard.hooks.subprocess.SubprocessHook","filename":"subprocess.py","lineno":106}
{"timestamp":"2025-11-14T08:06:19.160672Z","level":"info","event":"Connected to: Apache Hive (version 4.1.0)","logger":"airflow.task.hooks.airflow.providers.standard.hooks.subprocess.SubprocessHook","filename":"subprocess.py","lineno":106}
{"timestamp":"2025-11-14T08:06:19.161544Z","level":"info","event":"Driver: Hive JDBC (version 2.3.10)","logger":"airflow.task.hooks.airflow.providers.standard.hooks.subprocess.SubprocessHook","filename":"subprocess.py","lineno":106}
{"timestamp":"2025-11-14T08:06:19.161733Z","level":"info","event":"Transaction isolation: TRANSACTION_REPEATABLE_READ","logger":"airflow.task.hooks.airflow.providers.standard.hooks.subprocess.SubprocessHook","filename":"subprocess.py","lineno":106}
{"timestamp":"2025-11-14T08:06:19.212630Z","level":"info","event":"0: jdbc:hive2://localhost:10000/default> DROP TABLE food_orders_ext;","logger":"airflow.task.hooks.airflow.providers.standard.hooks.subprocess.SubprocessHook","filename":"subprocess.py","lineno":106}
{"timestamp":"2025-11-14T08:06:19.354263Z","level":"info","event":"INFO  : Compiling command(queryId=hadoop_20251114080619_aaad4c92-ac04-4067-bbd8-fc79cfa9842b): DROP TABLE food_orders_ext","logger":"airflow.task.hooks.airflow.providers.standard.hooks.subprocess.SubprocessHook","filename":"subprocess.py","lineno":106}
{"timestamp":"2025-11-14T08:06:19.354603Z","level":"info","event":"INFO  : Semantic Analysis Completed (retrial = false)","logger":"airflow.task.hooks.airflow.providers.standard.hooks.subprocess.SubprocessHook","filename":"subprocess.py","lineno":106}
{"timestamp":"2025-11-14T08:06:19.354733Z","level":"info","event":"INFO  : Created Hive schema: Schema(fieldSchemas:null, properties:null)","logger":"airflow.task.hooks.airflow.providers.standard.hooks.subprocess.SubprocessHook","filename":"subprocess.py","lineno":106}
{"timestamp":"2025-11-14T08:06:19.354844Z","level":"info","event":"INFO  : Completed compiling command(queryId=hadoop_20251114080619_aaad4c92-ac04-4067-bbd8-fc79cfa9842b); Time taken: 0.035 seconds","logger":"airflow.task.hooks.airflow.providers.standard.hooks.subprocess.SubprocessHook","filename":"subprocess.py","lineno":106}
{"timestamp":"2025-11-14T08:06:19.355030Z","level":"info","event":"INFO  : Executing command(queryId=hadoop_20251114080619_aaad4c92-ac04-4067-bbd8-fc79cfa9842b): DROP TABLE food_orders_ext","logger":"airflow.task.hooks.airflow.providers.standard.hooks.subprocess.SubprocessHook","filename":"subprocess.py","lineno":106}
{"timestamp":"2025-11-14T08:06:19.355169Z","level":"info","event":"INFO  : Starting task [Stage-0:DDL] in serial mode","logger":"airflow.task.hooks.airflow.providers.standard.hooks.subprocess.SubprocessHook","filename":"subprocess.py","lineno":106}
{"timestamp":"2025-11-14T08:06:19.355298Z","level":"info","event":"INFO  : Completed executing command(queryId=hadoop_20251114080619_aaad4c92-ac04-4067-bbd8-fc79cfa9842b); Time taken: 0.013 seconds","logger":"airflow.task.hooks.airflow.providers.standard.hooks.subprocess.SubprocessHook","filename":"subprocess.py","lineno":106}
{"timestamp":"2025-11-14T08:06:19.360421Z","level":"info","event":"No rows affected (0.146 seconds)","logger":"airflow.task.hooks.airflow.providers.standard.hooks.subprocess.SubprocessHook","filename":"subprocess.py","lineno":106}
{"timestamp":"2025-11-14T08:06:19.388301Z","level":"info","event":"0: jdbc:hive2://localhost:10000/default> DROP TABLE restaurants_ext;","logger":"airflow.task.hooks.airflow.providers.standard.hooks.subprocess.SubprocessHook","filename":"subprocess.py","lineno":106}
{"timestamp":"2025-11-14T08:06:19.436022Z","level":"info","event":"INFO  : Compiling command(queryId=hadoop_20251114080619_0cdf19a2-b25a-46bc-8d0f-bf381e2e142c): DROP TABLE restaurants_ext","logger":"airflow.task.hooks.airflow.providers.standard.hooks.subprocess.SubprocessHook","filename":"subprocess.py","lineno":106}
{"timestamp":"2025-11-14T08:06:19.436366Z","level":"info","event":"INFO  : Semantic Analysis Completed (retrial = false)","logger":"airflow.task.hooks.airflow.providers.standard.hooks.subprocess.SubprocessHook","filename":"subprocess.py","lineno":106}
{"timestamp":"2025-11-14T08:06:19.436533Z","level":"info","event":"INFO  : Created Hive schema: Schema(fieldSchemas:null, properties:null)","logger":"airflow.task.hooks.airflow.providers.standard.hooks.subprocess.SubprocessHook","filename":"subprocess.py","lineno":106}
{"timestamp":"2025-11-14T08:06:19.436724Z","level":"info","event":"INFO  : Completed compiling command(queryId=hadoop_20251114080619_0cdf19a2-b25a-46bc-8d0f-bf381e2e142c); Time taken: 0.02 seconds","logger":"airflow.task.hooks.airflow.providers.standard.hooks.subprocess.SubprocessHook","filename":"subprocess.py","lineno":106}
{"timestamp":"2025-11-14T08:06:19.436863Z","level":"info","event":"INFO  : Executing command(queryId=hadoop_20251114080619_0cdf19a2-b25a-46bc-8d0f-bf381e2e142c): DROP TABLE restaurants_ext","logger":"airflow.task.hooks.airflow.providers.standard.hooks.subprocess.SubprocessHook","filename":"subprocess.py","lineno":106}
{"timestamp":"2025-11-14T08:06:19.437130Z","level":"info","event":"INFO  : Starting task [Stage-0:DDL] in serial mode","logger":"airflow.task.hooks.airflow.providers.standard.hooks.subprocess.SubprocessHook","filename":"subprocess.py","lineno":106}
{"timestamp":"2025-11-14T08:06:19.437271Z","level":"info","event":"INFO  : Completed executing command(queryId=hadoop_20251114080619_0cdf19a2-b25a-46bc-8d0f-bf381e2e142c); Time taken: 0.012 seconds","logger":"airflow.task.hooks.airflow.providers.standard.hooks.subprocess.SubprocessHook","filename":"subprocess.py","lineno":106}
{"timestamp":"2025-11-14T08:06:19.439356Z","level":"info","event":"No rows affected (0.05 seconds)","logger":"airflow.task.hooks.airflow.providers.standard.hooks.subprocess.SubprocessHook","filename":"subprocess.py","lineno":106}
{"timestamp":"2025-11-14T08:06:19.454331Z","level":"info","event":"0: jdbc:hive2://localhost:10000/default> DROP VIEW cuisines;","logger":"airflow.task.hooks.airflow.providers.standard.hooks.subprocess.SubprocessHook","filename":"subprocess.py","lineno":106}
{"timestamp":"2025-11-14T08:06:19.496959Z","level":"info","event":"INFO  : Compiling command(queryId=hadoop_20251114080619_845099ff-bf2e-479f-b39f-8ff279a78309): DROP VIEW cuisines","logger":"airflow.task.hooks.airflow.providers.standard.hooks.subprocess.SubprocessHook","filename":"subprocess.py","lineno":106}
{"timestamp":"2025-11-14T08:06:19.497245Z","level":"info","event":"INFO  : Semantic Analysis Completed (retrial = false)","logger":"airflow.task.hooks.airflow.providers.standard.hooks.subprocess.SubprocessHook","filename":"subprocess.py","lineno":106}
{"timestamp":"2025-11-14T08:06:19.497355Z","level":"info","event":"INFO  : Created Hive schema: Schema(fieldSchemas:null, properties:null)","logger":"airflow.task.hooks.airflow.providers.standard.hooks.subprocess.SubprocessHook","filename":"subprocess.py","lineno":106}
{"timestamp":"2025-11-14T08:06:19.497442Z","level":"info","event":"INFO  : Completed compiling command(queryId=hadoop_20251114080619_845099ff-bf2e-479f-b39f-8ff279a78309); Time taken: 0.014 seconds","logger":"airflow.task.hooks.airflow.providers.standard.hooks.subprocess.SubprocessHook","filename":"subprocess.py","lineno":106}
{"timestamp":"2025-11-14T08:06:19.497519Z","level":"info","event":"INFO  : Executing command(queryId=hadoop_20251114080619_845099ff-bf2e-479f-b39f-8ff279a78309): DROP VIEW cuisines","logger":"airflow.task.hooks.airflow.providers.standard.hooks.subprocess.SubprocessHook","filename":"subprocess.py","lineno":106}
{"timestamp":"2025-11-14T08:06:19.497599Z","level":"info","event":"INFO  : Starting task [Stage-0:DDL] in serial mode","logger":"airflow.task.hooks.airflow.providers.standard.hooks.subprocess.SubprocessHook","filename":"subprocess.py","lineno":106}
{"timestamp":"2025-11-14T08:06:19.497666Z","level":"info","event":"INFO  : Completed executing command(queryId=hadoop_20251114080619_845099ff-bf2e-479f-b39f-8ff279a78309); Time taken: 0.012 seconds","logger":"airflow.task.hooks.airflow.providers.standard.hooks.subprocess.SubprocessHook","filename":"subprocess.py","lineno":106}
{"timestamp":"2025-11-14T08:06:19.500557Z","level":"info","event":"No rows affected (0.045 seconds)","logger":"airflow.task.hooks.airflow.providers.standard.hooks.subprocess.SubprocessHook","filename":"subprocess.py","lineno":106}
{"timestamp":"2025-11-14T08:06:19.518103Z","level":"info","event":"0: jdbc:hive2://localhost:10000/default> DROP VIEW cuisines_ranked;","logger":"airflow.task.hooks.airflow.providers.standard.hooks.subprocess.SubprocessHook","filename":"subprocess.py","lineno":106}
{"timestamp":"2025-11-14T08:06:19.601613Z","level":"info","event":"INFO  : Compiling command(queryId=hadoop_20251114080619_18ed2d92-6978-46c7-99a6-e25f8d8d915e): DROP VIEW cuisines_ranked","logger":"airflow.task.hooks.airflow.providers.standard.hooks.subprocess.SubprocessHook","filename":"subprocess.py","lineno":106}
{"timestamp":"2025-11-14T08:06:19.601852Z","level":"info","event":"INFO  : Semantic Analysis Completed (retrial = false)","logger":"airflow.task.hooks.airflow.providers.standard.hooks.subprocess.SubprocessHook","filename":"subprocess.py","lineno":106}
{"timestamp":"2025-11-14T08:06:19.601981Z","level":"info","event":"INFO  : Created Hive schema: Schema(fieldSchemas:null, properties:null)","logger":"airflow.task.hooks.airflow.providers.standard.hooks.subprocess.SubprocessHook","filename":"subprocess.py","lineno":106}
{"timestamp":"2025-11-14T08:06:19.602153Z","level":"info","event":"INFO  : Completed compiling command(queryId=hadoop_20251114080619_18ed2d92-6978-46c7-99a6-e25f8d8d915e); Time taken: 0.037 seconds","logger":"airflow.task.hooks.airflow.providers.standard.hooks.subprocess.SubprocessHook","filename":"subprocess.py","lineno":106}
{"timestamp":"2025-11-14T08:06:19.602298Z","level":"info","event":"INFO  : Executing command(queryId=hadoop_20251114080619_18ed2d92-6978-46c7-99a6-e25f8d8d915e): DROP VIEW cuisines_ranked","logger":"airflow.task.hooks.airflow.providers.standard.hooks.subprocess.SubprocessHook","filename":"subprocess.py","lineno":106}
{"timestamp":"2025-11-14T08:06:19.602433Z","level":"info","event":"INFO  : Starting task [Stage-0:DDL] in serial mode","logger":"airflow.task.hooks.airflow.providers.standard.hooks.subprocess.SubprocessHook","filename":"subprocess.py","lineno":106}
{"timestamp":"2025-11-14T08:06:19.602564Z","level":"info","event":"ERROR : Failed","logger":"airflow.task.hooks.airflow.providers.standard.hooks.subprocess.SubprocessHook","filename":"subprocess.py","lineno":106}
{"timestamp":"2025-11-14T08:06:19.602697Z","level":"info","event":"org.apache.hadoop.hive.ql.metadata.HiveException: Cannot drop a base table with DROP VIEW","logger":"airflow.task.hooks.airflow.providers.standard.hooks.subprocess.SubprocessHook","filename":"subprocess.py","lineno":106}
{"timestamp":"2025-11-14T08:06:19.602869Z","level":"info","event":"\tat org.apache.hadoop.hive.ql.ddl.view.drop.DropViewOperation.execute(DropViewOperation.java:50) ~[hive-exec-4.1.0.jar:4.1.0]","logger":"airflow.task.hooks.airflow.providers.standard.hooks.subprocess.SubprocessHook","filename":"subprocess.py","lineno":106}
{"timestamp":"2025-11-14T08:06:19.603033Z","level":"info","event":"\tat org.apache.hadoop.hive.ql.ddl.DDLTask.execute(DDLTask.java:84) ~[hive-exec-4.1.0.jar:4.1.0]","logger":"airflow.task.hooks.airflow.providers.standard.hooks.subprocess.SubprocessHook","filename":"subprocess.py","lineno":106}
{"timestamp":"2025-11-14T08:06:19.603170Z","level":"info","event":"\tat org.apache.hadoop.hive.ql.exec.Task.executeTask(Task.java:214) ~[hive-exec-4.1.0.jar:4.1.0]","logger":"airflow.task.hooks.airflow.providers.standard.hooks.subprocess.SubprocessHook","filename":"subprocess.py","lineno":106}
{"timestamp":"2025-11-14T08:06:19.603309Z","level":"info","event":"\tat org.apache.hadoop.hive.ql.exec.TaskRunner.runSequential(TaskRunner.java:105) ~[hive-exec-4.1.0.jar:4.1.0]","logger":"airflow.task.hooks.airflow.providers.standard.hooks.subprocess.SubprocessHook","filename":"subprocess.py","lineno":106}
{"timestamp":"2025-11-14T08:06:19.603448Z","level":"info","event":"\tat org.apache.hadoop.hive.ql.Executor.launchTask(Executor.java:354) ~[hive-exec-4.1.0.jar:4.1.0]","logger":"airflow.task.hooks.airflow.providers.standard.hooks.subprocess.SubprocessHook","filename":"subprocess.py","lineno":106}
{"timestamp":"2025-11-14T08:06:19.603562Z","level":"info","event":"\tat org.apache.hadoop.hive.ql.Executor.launchTasks(Executor.java:327) ~[hive-exec-4.1.0.jar:4.1.0]","logger":"airflow.task.hooks.airflow.providers.standard.hooks.subprocess.SubprocessHook","filename":"subprocess.py","lineno":106}
{"timestamp":"2025-11-14T08:06:19.603693Z","level":"info","event":"\tat org.apache.hadoop.hive.ql.Executor.runTasks(Executor.java:244) ~[hive-exec-4.1.0.jar:4.1.0]","logger":"airflow.task.hooks.airflow.providers.standard.hooks.subprocess.SubprocessHook","filename":"subprocess.py","lineno":106}
{"timestamp":"2025-11-14T08:06:19.603809Z","level":"info","event":"\tat org.apache.hadoop.hive.ql.Executor.execute(Executor.java:105) ~[hive-exec-4.1.0.jar:4.1.0]","logger":"airflow.task.hooks.airflow.providers.standard.hooks.subprocess.SubprocessHook","filename":"subprocess.py","lineno":106}
{"timestamp":"2025-11-14T08:06:19.603933Z","level":"info","event":"\tat org.apache.hadoop.hive.ql.Driver.execute(Driver.java:345) ~[hive-exec-4.1.0.jar:4.1.0]","logger":"airflow.task.hooks.airflow.providers.standard.hooks.subprocess.SubprocessHook","filename":"subprocess.py","lineno":106}
{"timestamp":"2025-11-14T08:06:19.604110Z","level":"info","event":"\tat org.apache.hadoop.hive.ql.Driver.runInternal(Driver.java:189) ~[hive-exec-4.1.0.jar:4.1.0]","logger":"airflow.task.hooks.airflow.providers.standard.hooks.subprocess.SubprocessHook","filename":"subprocess.py","lineno":106}
{"timestamp":"2025-11-14T08:06:19.604238Z","level":"info","event":"\tat org.apache.hadoop.hive.ql.Driver.run(Driver.java:142) ~[hive-exec-4.1.0.jar:4.1.0]","logger":"airflow.task.hooks.airflow.providers.standard.hooks.subprocess.SubprocessHook","filename":"subprocess.py","lineno":106}
{"timestamp":"2025-11-14T08:06:19.604367Z","level":"info","event":"\tat org.apache.hadoop.hive.ql.Driver.run(Driver.java:137) ~[hive-exec-4.1.0.jar:4.1.0]","logger":"airflow.task.hooks.airflow.providers.standard.hooks.subprocess.SubprocessHook","filename":"subprocess.py","lineno":106}
{"timestamp":"2025-11-14T08:06:19.604494Z","level":"info","event":"\tat org.apache.hadoop.hive.ql.reexec.ReExecDriver.run(ReExecDriver.java:190) ~[hive-exec-4.1.0.jar:4.1.0]","logger":"airflow.task.hooks.airflow.providers.standard.hooks.subprocess.SubprocessHook","filename":"subprocess.py","lineno":106}
{"timestamp":"2025-11-14T08:06:19.604616Z","level":"info","event":"\tat org.apache.hive.service.cli.operation.SQLOperation.runQuery(SQLOperation.java:234) ~[hive-service-4.1.0.jar:4.1.0]","logger":"airflow.task.hooks.airflow.providers.standard.hooks.subprocess.SubprocessHook","filename":"subprocess.py","lineno":106}
{"timestamp":"2025-11-14T08:06:19.604764Z","level":"info","event":"\tat org.apache.hive.service.cli.operation.SQLOperation$BackgroundWork$1.run(SQLOperation.java:334) ~[hive-service-4.1.0.jar:4.1.0]","logger":"airflow.task.hooks.airflow.providers.standard.hooks.subprocess.SubprocessHook","filename":"subprocess.py","lineno":106}
{"timestamp":"2025-11-14T08:06:19.604898Z","level":"info","event":"\tat java.base/java.security.AccessController.doPrivileged(AccessController.java:712) ~[?:?]","logger":"airflow.task.hooks.airflow.providers.standard.hooks.subprocess.SubprocessHook","filename":"subprocess.py","lineno":106}
{"timestamp":"2025-11-14T08:06:19.605047Z","level":"info","event":"\tat java.base/javax.security.auth.Subject.doAs(Subject.java:439) ~[?:?]","logger":"airflow.task.hooks.airflow.providers.standard.hooks.subprocess.SubprocessHook","filename":"subprocess.py","lineno":106}
{"timestamp":"2025-11-14T08:06:19.605162Z","level":"info","event":"\tat org.apache.hadoop.security.UserGroupInformation.doAs(UserGroupInformation.java:1953) ~[hadoop-common-3.4.1.jar:?]","logger":"airflow.task.hooks.airflow.providers.standard.hooks.subprocess.SubprocessHook","filename":"subprocess.py","lineno":106}
{"timestamp":"2025-11-14T08:06:19.605320Z","level":"info","event":"\tat org.apache.hive.service.cli.operation.SQLOperation$BackgroundWork.run(SQLOperation.java:354) ~[hive-service-4.1.0.jar:4.1.0]","logger":"airflow.task.hooks.airflow.providers.standard.hooks.subprocess.SubprocessHook","filename":"subprocess.py","lineno":106}
{"timestamp":"2025-11-14T08:06:19.605458Z","level":"info","event":"\tat java.base/java.util.concurrent.Executors$RunnableAdapter.call(Executors.java:539) ~[?:?]","logger":"airflow.task.hooks.airflow.providers.standard.hooks.subprocess.SubprocessHook","filename":"subprocess.py","lineno":106}
{"timestamp":"2025-11-14T08:06:19.605588Z","level":"info","event":"\tat java.base/java.util.concurrent.FutureTask.run(FutureTask.java:264) ~[?:?]","logger":"airflow.task.hooks.airflow.providers.standard.hooks.subprocess.SubprocessHook","filename":"subprocess.py","lineno":106}
{"timestamp":"2025-11-14T08:06:19.605703Z","level":"info","event":"\tat java.base/java.util.concurrent.ThreadPoolExecutor.runWorker(ThreadPoolExecutor.java:1136) ~[?:?]","logger":"airflow.task.hooks.airflow.providers.standard.hooks.subprocess.SubprocessHook","filename":"subprocess.py","lineno":106}
{"timestamp":"2025-11-14T08:06:19.605855Z","level":"info","event":"\tat java.base/java.util.concurrent.ThreadPoolExecutor$Worker.run(ThreadPoolExecutor.java:635) ~[?:?]","logger":"airflow.task.hooks.airflow.providers.standard.hooks.subprocess.SubprocessHook","filename":"subprocess.py","lineno":106}
{"timestamp":"2025-11-14T08:06:19.605985Z","level":"info","event":"\tat java.base/java.lang.Thread.run(Thread.java:840) [?:?]","logger":"airflow.task.hooks.airflow.providers.standard.hooks.subprocess.SubprocessHook","filename":"subprocess.py","lineno":106}
{"timestamp":"2025-11-14T08:06:19.606174Z","level":"info","event":"ERROR : DDLTask failed, DDL Operation: class org.apache.hadoop.hive.ql.ddl.view.drop.DropViewOperation","logger":"airflow.task.hooks.airflow.providers.standard.hooks.subprocess.SubprocessHook","filename":"subprocess.py","lineno":106}
{"timestamp":"2025-11-14T08:06:19.606298Z","level":"info","event":"org.apache.hadoop.hive.ql.metadata.HiveException: Cannot drop a base table with DROP VIEW","logger":"airflow.task.hooks.airflow.providers.standard.hooks.subprocess.SubprocessHook","filename":"subprocess.py","lineno":106}
{"timestamp":"2025-11-14T08:06:19.606427Z","level":"info","event":"\tat org.apache.hadoop.hive.ql.ddl.view.drop.DropViewOperation.execute(DropViewOperation.java:50) ~[hive-exec-4.1.0.jar:4.1.0]","logger":"airflow.task.hooks.airflow.providers.standard.hooks.subprocess.SubprocessHook","filename":"subprocess.py","lineno":106}
{"timestamp":"2025-11-14T08:06:19.606536Z","level":"info","event":"\tat org.apache.hadoop.hive.ql.ddl.DDLTask.execute(DDLTask.java:84) ~[hive-exec-4.1.0.jar:4.1.0]","logger":"airflow.task.hooks.airflow.providers.standard.hooks.subprocess.SubprocessHook","filename":"subprocess.py","lineno":106}
{"timestamp":"2025-11-14T08:06:19.606658Z","level":"info","event":"\tat org.apache.hadoop.hive.ql.exec.Task.executeTask(Task.java:214) ~[hive-exec-4.1.0.jar:4.1.0]","logger":"airflow.task.hooks.airflow.providers.standard.hooks.subprocess.SubprocessHook","filename":"subprocess.py","lineno":106}
{"timestamp":"2025-11-14T08:06:19.606794Z","level":"info","event":"\tat org.apache.hadoop.hive.ql.exec.TaskRunner.runSequential(TaskRunner.java:105) ~[hive-exec-4.1.0.jar:4.1.0]","logger":"airflow.task.hooks.airflow.providers.standard.hooks.subprocess.SubprocessHook","filename":"subprocess.py","lineno":106}
{"timestamp":"2025-11-14T08:06:19.606911Z","level":"info","event":"\tat org.apache.hadoop.hive.ql.Executor.launchTask(Executor.java:354) ~[hive-exec-4.1.0.jar:4.1.0]","logger":"airflow.task.hooks.airflow.providers.standard.hooks.subprocess.SubprocessHook","filename":"subprocess.py","lineno":106}
{"timestamp":"2025-11-14T08:06:19.607045Z","level":"info","event":"\tat org.apache.hadoop.hive.ql.Executor.launchTasks(Executor.java:327) ~[hive-exec-4.1.0.jar:4.1.0]","logger":"airflow.task.hooks.airflow.providers.standard.hooks.subprocess.SubprocessHook","filename":"subprocess.py","lineno":106}
{"timestamp":"2025-11-14T08:06:19.607177Z","level":"info","event":"\tat org.apache.hadoop.hive.ql.Executor.runTasks(Executor.java:244) ~[hive-exec-4.1.0.jar:4.1.0]","logger":"airflow.task.hooks.airflow.providers.standard.hooks.subprocess.SubprocessHook","filename":"subprocess.py","lineno":106}
{"timestamp":"2025-11-14T08:06:19.607299Z","level":"info","event":"\tat org.apache.hadoop.hive.ql.Executor.execute(Executor.java:105) ~[hive-exec-4.1.0.jar:4.1.0]","logger":"airflow.task.hooks.airflow.providers.standard.hooks.subprocess.SubprocessHook","filename":"subprocess.py","lineno":106}
{"timestamp":"2025-11-14T08:06:19.607422Z","level":"info","event":"\tat org.apache.hadoop.hive.ql.Driver.execute(Driver.java:345) ~[hive-exec-4.1.0.jar:4.1.0]","logger":"airflow.task.hooks.airflow.providers.standard.hooks.subprocess.SubprocessHook","filename":"subprocess.py","lineno":106}
{"timestamp":"2025-11-14T08:06:19.607583Z","level":"info","event":"\tat org.apache.hadoop.hive.ql.Driver.runInternal(Driver.java:189) ~[hive-exec-4.1.0.jar:4.1.0]","logger":"airflow.task.hooks.airflow.providers.standard.hooks.subprocess.SubprocessHook","filename":"subprocess.py","lineno":106}
{"timestamp":"2025-11-14T08:06:19.607691Z","level":"info","event":"\tat org.apache.hadoop.hive.ql.Driver.run(Driver.java:142) ~[hive-exec-4.1.0.jar:4.1.0]","logger":"airflow.task.hooks.airflow.providers.standard.hooks.subprocess.SubprocessHook","filename":"subprocess.py","lineno":106}
{"timestamp":"2025-11-14T08:06:19.607861Z","level":"info","event":"\tat org.apache.hadoop.hive.ql.Driver.run(Driver.java:137) ~[hive-exec-4.1.0.jar:4.1.0]","logger":"airflow.task.hooks.airflow.providers.standard.hooks.subprocess.SubprocessHook","filename":"subprocess.py","lineno":106}
{"timestamp":"2025-11-14T08:06:19.608016Z","level":"info","event":"\tat org.apache.hadoop.hive.ql.reexec.ReExecDriver.run(ReExecDriver.java:190) ~[hive-exec-4.1.0.jar:4.1.0]","logger":"airflow.task.hooks.airflow.providers.standard.hooks.subprocess.SubprocessHook","filename":"subprocess.py","lineno":106}
{"timestamp":"2025-11-14T08:06:19.608172Z","level":"info","event":"\tat org.apache.hive.service.cli.operation.SQLOperation.runQuery(SQLOperation.java:234) ~[hive-service-4.1.0.jar:4.1.0]","logger":"airflow.task.hooks.airflow.providers.standard.hooks.subprocess.SubprocessHook","filename":"subprocess.py","lineno":106}
{"timestamp":"2025-11-14T08:06:19.608316Z","level":"info","event":"\tat org.apache.hive.service.cli.operation.SQLOperation$BackgroundWork$1.run(SQLOperation.java:334) ~[hive-service-4.1.0.jar:4.1.0]","logger":"airflow.task.hooks.airflow.providers.standard.hooks.subprocess.SubprocessHook","filename":"subprocess.py","lineno":106}
{"timestamp":"2025-11-14T08:06:19.608448Z","level":"info","event":"\tat java.base/java.security.AccessController.doPrivileged(AccessController.java:712) ~[?:?]","logger":"airflow.task.hooks.airflow.providers.standard.hooks.subprocess.SubprocessHook","filename":"subprocess.py","lineno":106}
{"timestamp":"2025-11-14T08:06:19.608583Z","level":"info","event":"\tat java.base/javax.security.auth.Subject.doAs(Subject.java:439) ~[?:?]","logger":"airflow.task.hooks.airflow.providers.standard.hooks.subprocess.SubprocessHook","filename":"subprocess.py","lineno":106}
{"timestamp":"2025-11-14T08:06:19.608695Z","level":"info","event":"\tat org.apache.hadoop.security.UserGroupInformation.doAs(UserGroupInformation.java:1953) ~[hadoop-common-3.4.1.jar:?]","logger":"airflow.task.hooks.airflow.providers.standard.hooks.subprocess.SubprocessHook","filename":"subprocess.py","lineno":106}
{"timestamp":"2025-11-14T08:06:19.608803Z","level":"info","event":"\tat org.apache.hive.service.cli.operation.SQLOperation$BackgroundWork.run(SQLOperation.java:354) ~[hive-service-4.1.0.jar:4.1.0]","logger":"airflow.task.hooks.airflow.providers.standard.hooks.subprocess.SubprocessHook","filename":"subprocess.py","lineno":106}
{"timestamp":"2025-11-14T08:06:19.608922Z","level":"info","event":"\tat java.base/java.util.concurrent.Executors$RunnableAdapter.call(Executors.java:539) ~[?:?]","logger":"airflow.task.hooks.airflow.providers.standard.hooks.subprocess.SubprocessHook","filename":"subprocess.py","lineno":106}
{"timestamp":"2025-11-14T08:06:19.609055Z","level":"info","event":"\tat java.base/java.util.concurrent.FutureTask.run(FutureTask.java:264) ~[?:?]","logger":"airflow.task.hooks.airflow.providers.standard.hooks.subprocess.SubprocessHook","filename":"subprocess.py","lineno":106}
{"timestamp":"2025-11-14T08:06:19.609176Z","level":"info","event":"\tat java.base/java.util.concurrent.ThreadPoolExecutor.runWorker(ThreadPoolExecutor.java:1136) ~[?:?]","logger":"airflow.task.hooks.airflow.providers.standard.hooks.subprocess.SubprocessHook","filename":"subprocess.py","lineno":106}
{"timestamp":"2025-11-14T08:06:19.609289Z","level":"info","event":"\tat java.base/java.util.concurrent.ThreadPoolExecutor$Worker.run(ThreadPoolExecutor.java:635) ~[?:?]","logger":"airflow.task.hooks.airflow.providers.standard.hooks.subprocess.SubprocessHook","filename":"subprocess.py","lineno":106}
{"timestamp":"2025-11-14T08:06:19.609404Z","level":"info","event":"\tat java.base/java.lang.Thread.run(Thread.java:840) [?:?]","logger":"airflow.task.hooks.airflow.providers.standard.hooks.subprocess.SubprocessHook","filename":"subprocess.py","lineno":106}
{"timestamp":"2025-11-14T08:06:19.609537Z","level":"info","event":"ERROR : FAILED: Execution Error, return code 40000 from org.apache.hadoop.hive.ql.ddl.DDLTask. Cannot drop a base table with DROP VIEW","logger":"airflow.task.hooks.airflow.providers.standard.hooks.subprocess.SubprocessHook","filename":"subprocess.py","lineno":106}
{"timestamp":"2025-11-14T08:06:19.609678Z","level":"info","event":"INFO  : Completed executing command(queryId=hadoop_20251114080619_18ed2d92-6978-46c7-99a6-e25f8d8d915e); Time taken: 0.033 seconds","logger":"airflow.task.hooks.airflow.providers.standard.hooks.subprocess.SubprocessHook","filename":"subprocess.py","lineno":106}
{"timestamp":"2025-11-14T08:06:19.609807Z","level":"info","event":"Error: Error while compiling statement: FAILED: Execution Error, return code 40000 from org.apache.hadoop.hive.ql.ddl.DDLTask. Cannot drop a base table with DROP VIEW; Query ID: hadoop_20251114080619_18ed2d92-6978-46c7-99a6-e25f8d8d915e (state=08S01,code=40000)","logger":"airflow.task.hooks.airflow.providers.standard.hooks.subprocess.SubprocessHook","filename":"subprocess.py","lineno":106}
{"timestamp":"2025-11-14T08:06:19.627501Z","level":"info","event":"Closing: 0: jdbc:hive2://localhost:10000/default","logger":"airflow.task.hooks.airflow.providers.standard.hooks.subprocess.SubprocessHook","filename":"subprocess.py","lineno":106}
{"timestamp":"2025-11-14T08:06:19.707313Z","level":"info","event":"Command exited with return code 2","logger":"airflow.task.hooks.airflow.providers.standard.hooks.subprocess.SubprocessHook","filename":"subprocess.py","lineno":110}
{"timestamp":"2025-11-14T08:06:19.708761Z","level":"error","event":"Task failed with exception","logger":"task","filename":"task_runner.py","lineno":972,"error_detail":[{"exc_type":"AirflowException","exc_value":"Bash command failed. The command returned a non-zero exit code 2.","exc_notes":[],"syntax_error":null,"is_cause":false,"frames":[{"filename":"/home/hadoop/.venv/lib/python3.11/site-packages/airflow/sdk/execution_time/task_runner.py","lineno":920,"name":"run"},{"filename":"/home/hadoop/.venv/lib/python3.11/site-packages/airflow/sdk/execution_time/task_runner.py","lineno":1307,"name":"_execute_task"},{"filename":"/home/hadoop/.venv/lib/python3.11/site-packages/airflow/sdk/bases/operator.py","lineno":416,"name":"wrapper"},{"filename":"/home/hadoop/.venv/lib/python3.11/site-packages/airflow/providers/standard/operators/bash.py","lineno":232,"name":"execute"}],"is_group":false,"exceptions":[]}]}
{"timestamp":"2025-11-14T08:06:19.711326Z","level":"info","event":"Task instance in failure state","logger":"task.stdout"}
{"timestamp":"2025-11-14T08:06:19.720645Z","level":"info","event":"Task start","logger":"task.stdout"}
{"timestamp":"2025-11-14T08:06:19.720832Z","level":"info","event":"Task:<Task(BashOperator): hive>","logger":"task.stdout"}
{"timestamp":"2025-11-14T08:06:19.720962Z","level":"info","event":"Failure caused by Bash command failed. The command returned a non-zero exit code 2.","logger":"task.stdout"}
