{"timestamp":"2025-11-14T07:57:56.525144Z","level":"info","event":"DAG bundles loaded: dags-folder, example_dags","logger":"airflow.dag_processing.bundles.manager.DagBundlesManager","filename":"manager.py","lineno":179}
{"timestamp":"2025-11-14T07:57:56.527237Z","level":"info","event":"Filling up the DagBag from /home/hadoop/airflow/dags/projekt1.py","logger":"airflow.models.dagbag.DagBag","filename":"dagbag.py","lineno":593}
{"timestamp":"2025-11-14T07:57:56.635821Z","level":"info","event":"Task instance is in running state","logger":"task.stdout"}
{"timestamp":"2025-11-14T07:57:56.636069Z","level":"info","event":" Previous state of the Task instance: TaskInstanceState.QUEUED","logger":"task.stdout"}
{"timestamp":"2025-11-14T07:57:56.646060Z","level":"info","event":"Current task name:hadoop_streaming","logger":"task.stdout"}
{"timestamp":"2025-11-14T07:57:56.646299Z","level":"info","event":"Dag name:project1-workflow","logger":"task.stdout"}
{"timestamp":"2025-11-14T07:57:56.647194Z","level":"info","event":"Tmp dir root location: /tmp","logger":"airflow.task.hooks.airflow.providers.standard.hooks.subprocess.SubprocessHook","filename":"subprocess.py","lineno":78}
{"timestamp":"2025-11-14T07:57:56.648170Z","level":"info","event":"Running command: ['/usr/bin/bash', '-c', 'mapred streaming -files /home/hadoop/airflow/dags/project_files/mapper.py,/home/hadoop/airflow/dags/project_files/combiner.py,/home/hadoop/airflow/dags/project_files/reducer.py -input /tmp/input/datasource1 -output /project1/output_mr3 -mapper \"python mapper.py\" -combiner \"python combiner.py\" -reducer \"python reducer.py\" ']","logger":"airflow.task.hooks.airflow.providers.standard.hooks.subprocess.SubprocessHook","filename":"subprocess.py","lineno":88}
{"timestamp":"2025-11-14T07:57:56.670250Z","level":"info","event":"Output:","logger":"airflow.task.hooks.airflow.providers.standard.hooks.subprocess.SubprocessHook","filename":"subprocess.py","lineno":99}
{"timestamp":"2025-11-14T07:57:59.112872Z","level":"info","event":"packageJobJar: [] [/opt/hadoop/share/hadoop/tools/lib/hadoop-streaming-3.4.1.jar] /tmp/streamjob76324887285120626.jar tmpDir=null","logger":"airflow.task.hooks.airflow.providers.standard.hooks.subprocess.SubprocessHook","filename":"subprocess.py","lineno":106}
{"timestamp":"2025-11-14T07:57:59.625718Z","level":"info","event":"2025-11-14 07:57:59,624 [main] INFO  org.apache.hadoop.yarn.client.DefaultNoHARMFailoverProxyProvider  - Connecting to ResourceManager at master/172.28.1.2:8032","logger":"airflow.task.hooks.airflow.providers.standard.hooks.subprocess.SubprocessHook","filename":"subprocess.py","lineno":106}
{"timestamp":"2025-11-14T07:57:59.820916Z","level":"info","event":"2025-11-14 07:57:59,820 [main] INFO  org.apache.hadoop.yarn.client.AHSProxy  - Connecting to Application History server at master/172.28.1.2:10200","logger":"airflow.task.hooks.airflow.providers.standard.hooks.subprocess.SubprocessHook","filename":"subprocess.py","lineno":106}
{"timestamp":"2025-11-14T07:57:59.909886Z","level":"info","event":"2025-11-14 07:57:59,909 [main] INFO  org.apache.hadoop.yarn.client.DefaultNoHARMFailoverProxyProvider  - Connecting to ResourceManager at master/172.28.1.2:8032","logger":"airflow.task.hooks.airflow.providers.standard.hooks.subprocess.SubprocessHook","filename":"subprocess.py","lineno":106}
{"timestamp":"2025-11-14T07:57:59.910617Z","level":"info","event":"2025-11-14 07:57:59,910 [main] INFO  org.apache.hadoop.yarn.client.AHSProxy  - Connecting to Application History server at master/172.28.1.2:10200","logger":"airflow.task.hooks.airflow.providers.standard.hooks.subprocess.SubprocessHook","filename":"subprocess.py","lineno":106}
{"timestamp":"2025-11-14T07:58:00.292958Z","level":"info","event":"2025-11-14 07:58:00,292 [main] INFO  org.apache.hadoop.mapreduce.JobResourceUploader  - Disabling Erasure Coding for path: /tmp/hadoop-yarn/staging/hadoop/.staging/job_1763103721848_0004","logger":"airflow.task.hooks.airflow.providers.standard.hooks.subprocess.SubprocessHook","filename":"subprocess.py","lineno":106}
{"timestamp":"2025-11-14T07:58:01.015928Z","level":"info","event":"2025-11-14 07:58:01,015 [main] INFO  org.apache.hadoop.mapred.FileInputFormat  - Total input files to process : 50","logger":"airflow.task.hooks.airflow.providers.standard.hooks.subprocess.SubprocessHook","filename":"subprocess.py","lineno":106}
{"timestamp":"2025-11-14T07:58:01.117547Z","level":"info","event":"2025-11-14 07:58:01,117 [main] INFO  org.apache.hadoop.mapreduce.JobSubmitter  - number of splits:50","logger":"airflow.task.hooks.airflow.providers.standard.hooks.subprocess.SubprocessHook","filename":"subprocess.py","lineno":106}
{"timestamp":"2025-11-14T07:58:01.338069Z","level":"info","event":"2025-11-14 07:58:01,337 [main] INFO  org.apache.hadoop.mapreduce.JobSubmitter  - Submitting tokens for job: job_1763103721848_0004","logger":"airflow.task.hooks.airflow.providers.standard.hooks.subprocess.SubprocessHook","filename":"subprocess.py","lineno":106}
{"timestamp":"2025-11-14T07:58:01.338302Z","level":"info","event":"2025-11-14 07:58:01,338 [main] INFO  org.apache.hadoop.mapreduce.JobSubmitter  - Executing with tokens: []","logger":"airflow.task.hooks.airflow.providers.standard.hooks.subprocess.SubprocessHook","filename":"subprocess.py","lineno":106}
{"timestamp":"2025-11-14T07:58:01.533792Z","level":"info","event":"2025-11-14 07:58:01,533 [main] INFO  org.apache.hadoop.conf.Configuration  - resource-types.xml not found","logger":"airflow.task.hooks.airflow.providers.standard.hooks.subprocess.SubprocessHook","filename":"subprocess.py","lineno":106}
{"timestamp":"2025-11-14T07:58:01.534037Z","level":"info","event":"2025-11-14 07:58:01,533 [main] INFO  org.apache.hadoop.yarn.util.resource.ResourceUtils  - Unable to find 'resource-types.xml'.","logger":"airflow.task.hooks.airflow.providers.standard.hooks.subprocess.SubprocessHook","filename":"subprocess.py","lineno":106}
{"timestamp":"2025-11-14T07:58:01.602152Z","level":"info","event":"2025-11-14 07:58:01,601 [main] INFO  org.apache.hadoop.yarn.client.api.impl.YarnClientImpl  - Submitted application application_1763103721848_0004","logger":"airflow.task.hooks.airflow.providers.standard.hooks.subprocess.SubprocessHook","filename":"subprocess.py","lineno":106}
{"timestamp":"2025-11-14T07:58:01.634400Z","level":"info","event":"2025-11-14 07:58:01,634 [main] INFO  org.apache.hadoop.mapreduce.Job  - The url to track the job: http://master:8088/proxy/application_1763103721848_0004/","logger":"airflow.task.hooks.airflow.providers.standard.hooks.subprocess.SubprocessHook","filename":"subprocess.py","lineno":106}
{"timestamp":"2025-11-14T07:58:01.635964Z","level":"info","event":"2025-11-14 07:58:01,635 [main] INFO  org.apache.hadoop.mapreduce.Job  - Running job: job_1763103721848_0004","logger":"airflow.task.hooks.airflow.providers.standard.hooks.subprocess.SubprocessHook","filename":"subprocess.py","lineno":106}
{"timestamp":"2025-11-14T07:58:08.742576Z","level":"info","event":"2025-11-14 07:58:08,742 [main] INFO  org.apache.hadoop.mapreduce.Job  - Job job_1763103721848_0004 running in uber mode : false","logger":"airflow.task.hooks.airflow.providers.standard.hooks.subprocess.SubprocessHook","filename":"subprocess.py","lineno":106}
{"timestamp":"2025-11-14T07:58:08.744364Z","level":"info","event":"2025-11-14 07:58:08,744 [main] INFO  org.apache.hadoop.mapreduce.Job  -  map 0% reduce 0%","logger":"airflow.task.hooks.airflow.providers.standard.hooks.subprocess.SubprocessHook","filename":"subprocess.py","lineno":106}
{"timestamp":"2025-11-14T07:58:25.151491Z","level":"info","event":"2025-11-14 07:58:25,151 [main] INFO  org.apache.hadoop.mapreduce.Job  -  map 4% reduce 0%","logger":"airflow.task.hooks.airflow.providers.standard.hooks.subprocess.SubprocessHook","filename":"subprocess.py","lineno":106}
{"timestamp":"2025-11-14T07:58:26.186122Z","level":"info","event":"2025-11-14 07:58:26,184 [main] INFO  org.apache.hadoop.mapreduce.Job  -  map 6% reduce 0%","logger":"airflow.task.hooks.airflow.providers.standard.hooks.subprocess.SubprocessHook","filename":"subprocess.py","lineno":106}
{"timestamp":"2025-11-14T07:58:27.219456Z","level":"info","event":"2025-11-14 07:58:27,218 [main] INFO  org.apache.hadoop.mapreduce.Job  -  map 10% reduce 0%","logger":"airflow.task.hooks.airflow.providers.standard.hooks.subprocess.SubprocessHook","filename":"subprocess.py","lineno":106}
{"timestamp":"2025-11-14T07:58:28.233392Z","level":"info","event":"2025-11-14 07:58:28,233 [main] INFO  org.apache.hadoop.mapreduce.Job  -  map 14% reduce 0%","logger":"airflow.task.hooks.airflow.providers.standard.hooks.subprocess.SubprocessHook","filename":"subprocess.py","lineno":106}
{"timestamp":"2025-11-14T07:58:30.552193Z","level":"info","event":"2025-11-14 07:58:30,426 [main] INFO  org.apache.hadoop.mapreduce.Job  -  map 18% reduce 0%","logger":"airflow.task.hooks.airflow.providers.standard.hooks.subprocess.SubprocessHook","filename":"subprocess.py","lineno":106}
{"timestamp":"2025-11-14T07:58:31.471133Z","level":"info","event":"2025-11-14 07:58:31,467 [main] INFO  org.apache.hadoop.mapreduce.Job  -  map 22% reduce 0%","logger":"airflow.task.hooks.airflow.providers.standard.hooks.subprocess.SubprocessHook","filename":"subprocess.py","lineno":106}
{"timestamp":"2025-11-14T07:58:32.538125Z","level":"info","event":"2025-11-14 07:58:32,503 [main] INFO  org.apache.hadoop.mapreduce.Job  -  map 28% reduce 0%","logger":"airflow.task.hooks.airflow.providers.standard.hooks.subprocess.SubprocessHook","filename":"subprocess.py","lineno":106}
{"timestamp":"2025-11-14T07:58:40.113060Z","level":"info","event":"2025-11-14 07:58:40,112 [main] INFO  org.apache.hadoop.mapreduce.Job  -  map 32% reduce 0%","logger":"airflow.task.hooks.airflow.providers.standard.hooks.subprocess.SubprocessHook","filename":"subprocess.py","lineno":106}
{"timestamp":"2025-11-14T07:58:41.151124Z","level":"info","event":"2025-11-14 07:58:41,127 [main] INFO  org.apache.hadoop.mapreduce.Job  -  map 36% reduce 0%","logger":"airflow.task.hooks.airflow.providers.standard.hooks.subprocess.SubprocessHook","filename":"subprocess.py","lineno":106}
{"timestamp":"2025-11-14T07:58:42.297971Z","level":"info","event":"2025-11-14 07:58:42,297 [main] INFO  org.apache.hadoop.mapreduce.Job  -  map 38% reduce 0%","logger":"airflow.task.hooks.airflow.providers.standard.hooks.subprocess.SubprocessHook","filename":"subprocess.py","lineno":106}
{"timestamp":"2025-11-14T07:58:46.907063Z","level":"info","event":"2025-11-14 07:58:46,906 [main] INFO  org.apache.hadoop.mapreduce.Job  -  map 40% reduce 0%","logger":"airflow.task.hooks.airflow.providers.standard.hooks.subprocess.SubprocessHook","filename":"subprocess.py","lineno":106}
{"timestamp":"2025-11-14T07:58:50.052111Z","level":"info","event":"2025-11-14 07:58:50,051 [main] INFO  org.apache.hadoop.mapreduce.Job  -  map 42% reduce 0%","logger":"airflow.task.hooks.airflow.providers.standard.hooks.subprocess.SubprocessHook","filename":"subprocess.py","lineno":106}
{"timestamp":"2025-11-14T07:58:52.088098Z","level":"info","event":"2025-11-14 07:58:52,087 [main] INFO  org.apache.hadoop.mapreduce.Job  -  map 46% reduce 0%","logger":"airflow.task.hooks.airflow.providers.standard.hooks.subprocess.SubprocessHook","filename":"subprocess.py","lineno":106}
{"timestamp":"2025-11-14T07:58:53.140612Z","level":"info","event":"2025-11-14 07:58:53,140 [main] INFO  org.apache.hadoop.mapreduce.Job  -  map 52% reduce 5%","logger":"airflow.task.hooks.airflow.providers.standard.hooks.subprocess.SubprocessHook","filename":"subprocess.py","lineno":106}
{"timestamp":"2025-11-14T07:58:54.158320Z","level":"info","event":"2025-11-14 07:58:54,158 [main] INFO  org.apache.hadoop.mapreduce.Job  -  map 54% reduce 5%","logger":"airflow.task.hooks.airflow.providers.standard.hooks.subprocess.SubprocessHook","filename":"subprocess.py","lineno":106}
{"timestamp":"2025-11-14T07:58:55.181107Z","level":"info","event":"2025-11-14 07:58:55,180 [main] INFO  org.apache.hadoop.mapreduce.Job  -  map 58% reduce 5%","logger":"airflow.task.hooks.airflow.providers.standard.hooks.subprocess.SubprocessHook","filename":"subprocess.py","lineno":106}
{"timestamp":"2025-11-14T07:58:56.205356Z","level":"info","event":"2025-11-14 07:58:56,205 [main] INFO  org.apache.hadoop.mapreduce.Job  -  map 60% reduce 5%","logger":"airflow.task.hooks.airflow.providers.standard.hooks.subprocess.SubprocessHook","filename":"subprocess.py","lineno":106}
{"timestamp":"2025-11-14T07:58:59.336232Z","level":"info","event":"2025-11-14 07:58:59,335 [main] INFO  org.apache.hadoop.mapreduce.Job  -  map 60% reduce 7%","logger":"airflow.task.hooks.airflow.providers.standard.hooks.subprocess.SubprocessHook","filename":"subprocess.py","lineno":106}
{"timestamp":"2025-11-14T07:59:00.366106Z","level":"info","event":"2025-11-14 07:59:00,365 [main] INFO  org.apache.hadoop.mapreduce.Job  -  map 60% reduce 13%","logger":"airflow.task.hooks.airflow.providers.standard.hooks.subprocess.SubprocessHook","filename":"subprocess.py","lineno":106}
{"timestamp":"2025-11-14T07:59:04.432277Z","level":"info","event":"2025-11-14 07:59:04,430 [main] INFO  org.apache.hadoop.mapreduce.Job  -  map 62% reduce 20%","logger":"airflow.task.hooks.airflow.providers.standard.hooks.subprocess.SubprocessHook","filename":"subprocess.py","lineno":106}
{"timestamp":"2025-11-14T07:59:05.450576Z","level":"info","event":"2025-11-14 07:59:05,450 [main] INFO  org.apache.hadoop.mapreduce.Job  -  map 64% reduce 20%","logger":"airflow.task.hooks.airflow.providers.standard.hooks.subprocess.SubprocessHook","filename":"subprocess.py","lineno":106}
{"timestamp":"2025-11-14T07:59:06.467122Z","level":"info","event":"2025-11-14 07:59:06,466 [main] INFO  org.apache.hadoop.mapreduce.Job  -  map 70% reduce 21%","logger":"airflow.task.hooks.airflow.providers.standard.hooks.subprocess.SubprocessHook","filename":"subprocess.py","lineno":106}
{"timestamp":"2025-11-14T07:59:07.488849Z","level":"info","event":"2025-11-14 07:59:07,484 [main] INFO  org.apache.hadoop.mapreduce.Job  -  map 80% reduce 21%","logger":"airflow.task.hooks.airflow.providers.standard.hooks.subprocess.SubprocessHook","filename":"subprocess.py","lineno":106}
{"timestamp":"2025-11-14T07:59:08.520131Z","level":"info","event":"2025-11-14 07:59:08,519 [main] INFO  org.apache.hadoop.mapreduce.Job  -  map 82% reduce 21%","logger":"airflow.task.hooks.airflow.providers.standard.hooks.subprocess.SubprocessHook","filename":"subprocess.py","lineno":106}
{"timestamp":"2025-11-14T07:59:10.598350Z","level":"info","event":"2025-11-14 07:59:10,597 [main] INFO  org.apache.hadoop.mapreduce.Job  -  map 82% reduce 23%","logger":"airflow.task.hooks.airflow.providers.standard.hooks.subprocess.SubprocessHook","filename":"subprocess.py","lineno":106}
{"timestamp":"2025-11-14T07:59:11.624600Z","level":"info","event":"2025-11-14 07:59:11,623 [main] INFO  org.apache.hadoop.mapreduce.Job  -  map 82% reduce 25%","logger":"airflow.task.hooks.airflow.providers.standard.hooks.subprocess.SubprocessHook","filename":"subprocess.py","lineno":106}
{"timestamp":"2025-11-14T07:59:12.655363Z","level":"info","event":"2025-11-14 07:59:12,655 [main] INFO  org.apache.hadoop.mapreduce.Job  -  map 82% reduce 27%","logger":"airflow.task.hooks.airflow.providers.standard.hooks.subprocess.SubprocessHook","filename":"subprocess.py","lineno":106}
{"timestamp":"2025-11-14T07:59:16.747328Z","level":"info","event":"2025-11-14 07:59:16,747 [main] INFO  org.apache.hadoop.mapreduce.Job  -  map 88% reduce 28%","logger":"airflow.task.hooks.airflow.providers.standard.hooks.subprocess.SubprocessHook","filename":"subprocess.py","lineno":106}
{"timestamp":"2025-11-14T07:59:17.765424Z","level":"info","event":"2025-11-14 07:59:17,765 [main] INFO  org.apache.hadoop.mapreduce.Job  -  map 92% reduce 29%","logger":"airflow.task.hooks.airflow.providers.standard.hooks.subprocess.SubprocessHook","filename":"subprocess.py","lineno":106}
{"timestamp":"2025-11-14T07:59:18.770884Z","level":"info","event":"2025-11-14 07:59:18,770 [main] INFO  org.apache.hadoop.mapreduce.Job  -  map 100% reduce 29%","logger":"airflow.task.hooks.airflow.providers.standard.hooks.subprocess.SubprocessHook","filename":"subprocess.py","lineno":106}
{"timestamp":"2025-11-14T07:59:19.777274Z","level":"info","event":"2025-11-14 07:59:19,776 [main] INFO  org.apache.hadoop.mapreduce.Job  -  map 100% reduce 76%","logger":"airflow.task.hooks.airflow.providers.standard.hooks.subprocess.SubprocessHook","filename":"subprocess.py","lineno":106}
{"timestamp":"2025-11-14T07:59:20.782157Z","level":"info","event":"2025-11-14 07:59:20,781 [main] INFO  org.apache.hadoop.mapreduce.Job  -  map 100% reduce 100%","logger":"airflow.task.hooks.airflow.providers.standard.hooks.subprocess.SubprocessHook","filename":"subprocess.py","lineno":106}
{"timestamp":"2025-11-14T07:59:20.793813Z","level":"info","event":"2025-11-14 07:59:20,793 [main] INFO  org.apache.hadoop.mapreduce.Job  - Job job_1763103721848_0004 completed successfully","logger":"airflow.task.hooks.airflow.providers.standard.hooks.subprocess.SubprocessHook","filename":"subprocess.py","lineno":106}
{"timestamp":"2025-11-14T07:59:20.961799Z","level":"info","event":"2025-11-14 07:59:20,961 [main] INFO  org.apache.hadoop.mapreduce.Job  - Counters: 55","logger":"airflow.task.hooks.airflow.providers.standard.hooks.subprocess.SubprocessHook","filename":"subprocess.py","lineno":106}
{"timestamp":"2025-11-14T07:59:20.962041Z","level":"info","event":"\tFile System Counters","logger":"airflow.task.hooks.airflow.providers.standard.hooks.subprocess.SubprocessHook","filename":"subprocess.py","lineno":106}
{"timestamp":"2025-11-14T07:59:20.962195Z","level":"info","event":"\t\tFILE: Number of bytes read=1388862","logger":"airflow.task.hooks.airflow.providers.standard.hooks.subprocess.SubprocessHook","filename":"subprocess.py","lineno":106}
{"timestamp":"2025-11-14T07:59:20.962312Z","level":"info","event":"\t\tFILE: Number of bytes written=19428499","logger":"airflow.task.hooks.airflow.providers.standard.hooks.subprocess.SubprocessHook","filename":"subprocess.py","lineno":106}
{"timestamp":"2025-11-14T07:59:20.962426Z","level":"info","event":"\t\tFILE: Number of read operations=0","logger":"airflow.task.hooks.airflow.providers.standard.hooks.subprocess.SubprocessHook","filename":"subprocess.py","lineno":106}
{"timestamp":"2025-11-14T07:59:20.962625Z","level":"info","event":"\t\tFILE: Number of large read operations=0","logger":"airflow.task.hooks.airflow.providers.standard.hooks.subprocess.SubprocessHook","filename":"subprocess.py","lineno":106}
{"timestamp":"2025-11-14T07:59:20.962772Z","level":"info","event":"\t\tFILE: Number of write operations=0","logger":"airflow.task.hooks.airflow.providers.standard.hooks.subprocess.SubprocessHook","filename":"subprocess.py","lineno":106}
{"timestamp":"2025-11-14T07:59:20.962917Z","level":"info","event":"\t\tHDFS: Number of bytes read=5726322","logger":"airflow.task.hooks.airflow.providers.standard.hooks.subprocess.SubprocessHook","filename":"subprocess.py","lineno":106}
{"timestamp":"2025-11-14T07:59:20.963057Z","level":"info","event":"\t\tHDFS: Number of bytes written=31904","logger":"airflow.task.hooks.airflow.providers.standard.hooks.subprocess.SubprocessHook","filename":"subprocess.py","lineno":106}
{"timestamp":"2025-11-14T07:59:20.963251Z","level":"info","event":"\t\tHDFS: Number of read operations=165","logger":"airflow.task.hooks.airflow.providers.standard.hooks.subprocess.SubprocessHook","filename":"subprocess.py","lineno":106}
{"timestamp":"2025-11-14T07:59:20.963372Z","level":"info","event":"\t\tHDFS: Number of large read operations=0","logger":"airflow.task.hooks.airflow.providers.standard.hooks.subprocess.SubprocessHook","filename":"subprocess.py","lineno":106}
{"timestamp":"2025-11-14T07:59:20.963503Z","level":"info","event":"\t\tHDFS: Number of write operations=6","logger":"airflow.task.hooks.airflow.providers.standard.hooks.subprocess.SubprocessHook","filename":"subprocess.py","lineno":106}
{"timestamp":"2025-11-14T07:59:20.963662Z","level":"info","event":"\t\tHDFS: Number of bytes read erasure-coded=0","logger":"airflow.task.hooks.airflow.providers.standard.hooks.subprocess.SubprocessHook","filename":"subprocess.py","lineno":106}
{"timestamp":"2025-11-14T07:59:20.963778Z","level":"info","event":"\tJob Counters","logger":"airflow.task.hooks.airflow.providers.standard.hooks.subprocess.SubprocessHook","filename":"subprocess.py","lineno":106}
{"timestamp":"2025-11-14T07:59:20.963890Z","level":"info","event":"\t\tKilled map tasks=1","logger":"airflow.task.hooks.airflow.providers.standard.hooks.subprocess.SubprocessHook","filename":"subprocess.py","lineno":106}
{"timestamp":"2025-11-14T07:59:20.964026Z","level":"info","event":"\t\tLaunched map tasks=50","logger":"airflow.task.hooks.airflow.providers.standard.hooks.subprocess.SubprocessHook","filename":"subprocess.py","lineno":106}
{"timestamp":"2025-11-14T07:59:20.964210Z","level":"info","event":"\t\tLaunched reduce tasks=3","logger":"airflow.task.hooks.airflow.providers.standard.hooks.subprocess.SubprocessHook","filename":"subprocess.py","lineno":106}
{"timestamp":"2025-11-14T07:59:20.964336Z","level":"info","event":"\t\tData-local map tasks=50","logger":"airflow.task.hooks.airflow.providers.standard.hooks.subprocess.SubprocessHook","filename":"subprocess.py","lineno":106}
{"timestamp":"2025-11-14T07:59:20.964415Z","level":"info","event":"\t\tTotal time spent by all maps in occupied slots (ms)=1463450","logger":"airflow.task.hooks.airflow.providers.standard.hooks.subprocess.SubprocessHook","filename":"subprocess.py","lineno":106}
{"timestamp":"2025-11-14T07:59:20.964485Z","level":"info","event":"\t\tTotal time spent by all reduces in occupied slots (ms)=272474","logger":"airflow.task.hooks.airflow.providers.standard.hooks.subprocess.SubprocessHook","filename":"subprocess.py","lineno":106}
{"timestamp":"2025-11-14T07:59:20.964548Z","level":"info","event":"\t\tTotal time spent by all map tasks (ms)=731725","logger":"airflow.task.hooks.airflow.providers.standard.hooks.subprocess.SubprocessHook","filename":"subprocess.py","lineno":106}
{"timestamp":"2025-11-14T07:59:20.964607Z","level":"info","event":"\t\tTotal time spent by all reduce tasks (ms)=136237","logger":"airflow.task.hooks.airflow.providers.standard.hooks.subprocess.SubprocessHook","filename":"subprocess.py","lineno":106}
{"timestamp":"2025-11-14T07:59:20.964667Z","level":"info","event":"\t\tTotal vcore-milliseconds taken by all map tasks=731725","logger":"airflow.task.hooks.airflow.providers.standard.hooks.subprocess.SubprocessHook","filename":"subprocess.py","lineno":106}
{"timestamp":"2025-11-14T07:59:20.964724Z","level":"info","event":"\t\tTotal vcore-milliseconds taken by all reduce tasks=136237","logger":"airflow.task.hooks.airflow.providers.standard.hooks.subprocess.SubprocessHook","filename":"subprocess.py","lineno":106}
{"timestamp":"2025-11-14T07:59:20.964781Z","level":"info","event":"\t\tTotal megabyte-milliseconds taken by all map tasks=749286400","logger":"airflow.task.hooks.airflow.providers.standard.hooks.subprocess.SubprocessHook","filename":"subprocess.py","lineno":106}
{"timestamp":"2025-11-14T07:59:20.964838Z","level":"info","event":"\t\tTotal megabyte-milliseconds taken by all reduce tasks=139506688","logger":"airflow.task.hooks.airflow.providers.standard.hooks.subprocess.SubprocessHook","filename":"subprocess.py","lineno":106}
{"timestamp":"2025-11-14T07:59:20.964899Z","level":"info","event":"\tMap-Reduce Framework","logger":"airflow.task.hooks.airflow.providers.standard.hooks.subprocess.SubprocessHook","filename":"subprocess.py","lineno":106}
{"timestamp":"2025-11-14T07:59:20.964956Z","level":"info","event":"\t\tMap input records=50050","logger":"airflow.task.hooks.airflow.providers.standard.hooks.subprocess.SubprocessHook","filename":"subprocess.py","lineno":106}
{"timestamp":"2025-11-14T07:59:20.965058Z","level":"info","event":"\t\tMap output records=50000","logger":"airflow.task.hooks.airflow.providers.standard.hooks.subprocess.SubprocessHook","filename":"subprocess.py","lineno":106}
{"timestamp":"2025-11-14T07:59:20.965130Z","level":"info","event":"\t\tMap output bytes=2550302","logger":"airflow.task.hooks.airflow.providers.standard.hooks.subprocess.SubprocessHook","filename":"subprocess.py","lineno":106}
{"timestamp":"2025-11-14T07:59:20.965190Z","level":"info","event":"\t\tMap output materialized bytes=1389744","logger":"airflow.task.hooks.airflow.providers.standard.hooks.subprocess.SubprocessHook","filename":"subprocess.py","lineno":106}
{"timestamp":"2025-11-14T07:59:20.965244Z","level":"info","event":"\t\tInput split bytes=5250","logger":"airflow.task.hooks.airflow.providers.standard.hooks.subprocess.SubprocessHook","filename":"subprocess.py","lineno":106}
{"timestamp":"2025-11-14T07:59:20.965341Z","level":"info","event":"\t\tCombine input records=50000","logger":"airflow.task.hooks.airflow.providers.standard.hooks.subprocess.SubprocessHook","filename":"subprocess.py","lineno":106}
{"timestamp":"2025-11-14T07:59:20.965445Z","level":"info","event":"\t\tCombine output records=24161","logger":"airflow.task.hooks.airflow.providers.standard.hooks.subprocess.SubprocessHook","filename":"subprocess.py","lineno":106}
{"timestamp":"2025-11-14T07:59:20.965553Z","level":"info","event":"\t\tReduce input groups=597","logger":"airflow.task.hooks.airflow.providers.standard.hooks.subprocess.SubprocessHook","filename":"subprocess.py","lineno":106}
{"timestamp":"2025-11-14T07:59:20.965620Z","level":"info","event":"\t\tReduce shuffle bytes=1389744","logger":"airflow.task.hooks.airflow.providers.standard.hooks.subprocess.SubprocessHook","filename":"subprocess.py","lineno":106}
{"timestamp":"2025-11-14T07:59:20.965676Z","level":"info","event":"\t\tReduce input records=24161","logger":"airflow.task.hooks.airflow.providers.standard.hooks.subprocess.SubprocessHook","filename":"subprocess.py","lineno":106}
{"timestamp":"2025-11-14T07:59:20.965730Z","level":"info","event":"\t\tReduce output records=594","logger":"airflow.task.hooks.airflow.providers.standard.hooks.subprocess.SubprocessHook","filename":"subprocess.py","lineno":106}
{"timestamp":"2025-11-14T07:59:20.965791Z","level":"info","event":"\t\tSpilled Records=48322","logger":"airflow.task.hooks.airflow.providers.standard.hooks.subprocess.SubprocessHook","filename":"subprocess.py","lineno":106}
{"timestamp":"2025-11-14T07:59:20.965888Z","level":"info","event":"\t\tShuffled Maps =150","logger":"airflow.task.hooks.airflow.providers.standard.hooks.subprocess.SubprocessHook","filename":"subprocess.py","lineno":106}
{"timestamp":"2025-11-14T07:59:20.965986Z","level":"info","event":"\t\tFailed Shuffles=0","logger":"airflow.task.hooks.airflow.providers.standard.hooks.subprocess.SubprocessHook","filename":"subprocess.py","lineno":106}
{"timestamp":"2025-11-14T07:59:20.966073Z","level":"info","event":"\t\tMerged Map outputs=150","logger":"airflow.task.hooks.airflow.providers.standard.hooks.subprocess.SubprocessHook","filename":"subprocess.py","lineno":106}
{"timestamp":"2025-11-14T07:59:20.966130Z","level":"info","event":"\t\tGC time elapsed (ms)=8938","logger":"airflow.task.hooks.airflow.providers.standard.hooks.subprocess.SubprocessHook","filename":"subprocess.py","lineno":106}
{"timestamp":"2025-11-14T07:59:20.966184Z","level":"info","event":"\t\tCPU time spent (ms)=95960","logger":"airflow.task.hooks.airflow.providers.standard.hooks.subprocess.SubprocessHook","filename":"subprocess.py","lineno":106}
{"timestamp":"2025-11-14T07:59:20.966238Z","level":"info","event":"\t\tPhysical memory (bytes) snapshot=13808136192","logger":"airflow.task.hooks.airflow.providers.standard.hooks.subprocess.SubprocessHook","filename":"subprocess.py","lineno":106}
{"timestamp":"2025-11-14T07:59:20.966320Z","level":"info","event":"\t\tVirtual memory (bytes) snapshot=144078938112","logger":"airflow.task.hooks.airflow.providers.standard.hooks.subprocess.SubprocessHook","filename":"subprocess.py","lineno":106}
{"timestamp":"2025-11-14T07:59:20.966371Z","level":"info","event":"\t\tTotal committed heap usage (bytes)=8432648192","logger":"airflow.task.hooks.airflow.providers.standard.hooks.subprocess.SubprocessHook","filename":"subprocess.py","lineno":106}
{"timestamp":"2025-11-14T07:59:20.966414Z","level":"info","event":"\t\tPeak Map Physical memory (bytes)=287387648","logger":"airflow.task.hooks.airflow.providers.standard.hooks.subprocess.SubprocessHook","filename":"subprocess.py","lineno":106}
{"timestamp":"2025-11-14T07:59:20.966455Z","level":"info","event":"\t\tPeak Map Virtual memory (bytes)=2724245504","logger":"airflow.task.hooks.airflow.providers.standard.hooks.subprocess.SubprocessHook","filename":"subprocess.py","lineno":106}
{"timestamp":"2025-11-14T07:59:20.966496Z","level":"info","event":"\t\tPeak Reduce Physical memory (bytes)=199380992","logger":"airflow.task.hooks.airflow.providers.standard.hooks.subprocess.SubprocessHook","filename":"subprocess.py","lineno":106}
{"timestamp":"2025-11-14T07:59:20.966596Z","level":"info","event":"\t\tPeak Reduce Virtual memory (bytes)=2783481856","logger":"airflow.task.hooks.airflow.providers.standard.hooks.subprocess.SubprocessHook","filename":"subprocess.py","lineno":106}
{"timestamp":"2025-11-14T07:59:20.966679Z","level":"info","event":"\tShuffle Errors","logger":"airflow.task.hooks.airflow.providers.standard.hooks.subprocess.SubprocessHook","filename":"subprocess.py","lineno":106}
{"timestamp":"2025-11-14T07:59:20.966783Z","level":"info","event":"\t\tBAD_ID=0","logger":"airflow.task.hooks.airflow.providers.standard.hooks.subprocess.SubprocessHook","filename":"subprocess.py","lineno":106}
{"timestamp":"2025-11-14T07:59:20.966875Z","level":"info","event":"\t\tCONNECTION=0","logger":"airflow.task.hooks.airflow.providers.standard.hooks.subprocess.SubprocessHook","filename":"subprocess.py","lineno":106}
{"timestamp":"2025-11-14T07:59:20.966954Z","level":"info","event":"\t\tIO_ERROR=0","logger":"airflow.task.hooks.airflow.providers.standard.hooks.subprocess.SubprocessHook","filename":"subprocess.py","lineno":106}
{"timestamp":"2025-11-14T07:59:20.967062Z","level":"info","event":"\t\tWRONG_LENGTH=0","logger":"airflow.task.hooks.airflow.providers.standard.hooks.subprocess.SubprocessHook","filename":"subprocess.py","lineno":106}
{"timestamp":"2025-11-14T07:59:20.967156Z","level":"info","event":"\t\tWRONG_MAP=0","logger":"airflow.task.hooks.airflow.providers.standard.hooks.subprocess.SubprocessHook","filename":"subprocess.py","lineno":106}
{"timestamp":"2025-11-14T07:59:20.967252Z","level":"info","event":"\t\tWRONG_REDUCE=0","logger":"airflow.task.hooks.airflow.providers.standard.hooks.subprocess.SubprocessHook","filename":"subprocess.py","lineno":106}
{"timestamp":"2025-11-14T07:59:20.967369Z","level":"info","event":"\tFile Input Format Counters","logger":"airflow.task.hooks.airflow.providers.standard.hooks.subprocess.SubprocessHook","filename":"subprocess.py","lineno":106}
{"timestamp":"2025-11-14T07:59:20.967496Z","level":"info","event":"\t\tBytes Read=5721072","logger":"airflow.task.hooks.airflow.providers.standard.hooks.subprocess.SubprocessHook","filename":"subprocess.py","lineno":106}
{"timestamp":"2025-11-14T07:59:20.967649Z","level":"info","event":"\tFile Output Format Counters","logger":"airflow.task.hooks.airflow.providers.standard.hooks.subprocess.SubprocessHook","filename":"subprocess.py","lineno":106}
{"timestamp":"2025-11-14T07:59:20.967772Z","level":"info","event":"\t\tBytes Written=31904","logger":"airflow.task.hooks.airflow.providers.standard.hooks.subprocess.SubprocessHook","filename":"subprocess.py","lineno":106}
{"timestamp":"2025-11-14T07:59:20.967901Z","level":"info","event":"2025-11-14 07:59:20,961 [main] INFO  org.apache.hadoop.streaming.StreamJob  - Output directory: /project1/output_mr3","logger":"airflow.task.hooks.airflow.providers.standard.hooks.subprocess.SubprocessHook","filename":"subprocess.py","lineno":106}
{"timestamp":"2025-11-14T07:59:21.379626Z","level":"info","event":"Command exited with return code 0","logger":"airflow.task.hooks.airflow.providers.standard.hooks.subprocess.SubprocessHook","filename":"subprocess.py","lineno":110}
{"timestamp":"2025-11-14T07:59:21.381035Z","level":"info","event":"Pushing xcom","ti":"RuntimeTaskInstance(id=UUID('019a815e-d65c-7315-b3e6-c8166bd27956'), task_id='hadoop_streaming', dag_id='project1-workflow', run_id='manual__2025-11-14T07:57:47.451217+00:00', try_number=1, dag_version_id=UUID('019a814e-814c-7e5f-a372-345f98ea7f8d'), map_index=-1, hostname='master', context_carrier={}, task=<Task(BashOperator): hadoop_streaming>, bundle_instance=LocalDagBundle(name=dags-folder), max_tries=0, start_date=datetime.datetime(2025, 11, 14, 7, 57, 56, 470379, tzinfo=datetime.timezone.utc), end_date=None, state=<TaskInstanceState.RUNNING: 'running'>, is_mapped=False, rendered_map_index=None)","logger":"task","filename":"task_runner.py","lineno":1352}
{"timestamp":"2025-11-14T07:59:21.440506Z","level":"info","event":"Task instance in success state","logger":"task.stdout"}
{"timestamp":"2025-11-14T07:59:21.440784Z","level":"info","event":" Previous state of the Task instance: TaskInstanceState.RUNNING","logger":"task.stdout"}
{"timestamp":"2025-11-14T07:59:21.449848Z","level":"info","event":"Task operator:<Task(BashOperator): hadoop_streaming>","logger":"task.stdout"}
