=== Konfiguracja ===
INPUT_DIR3: /datasource3
INPUT_DIR4: /datasource4
OUTPUT_DIR6: /datasource6

=== Sprawdzanie katalogów wejściowych ===
✓ /datasource3 istnieje
✓ /datasource4 istnieje

=== Zawartość /datasource3 ===
Found 4 items
-rw-r--r--   2 hadoop supergroup          0 2025-11-02 20:40 /datasource3/_SUCCESS
-rw-r--r--   2 hadoop supergroup      10854 2025-11-02 20:40 /datasource3/part-00000
-rw-r--r--   2 hadoop supergroup      10634 2025-11-02 20:40 /datasource3/part-00001
-rw-r--r--   2 hadoop supergroup      10712 2025-11-02 20:40 /datasource3/part-00002

=== Przykładowe dane z /datasource3 ===
006eb980-1789-46d1-aac3-b9d6f6135d50	Cash	1655	89.40
00c7c1ef-6479-416c-8347-9d7524d4b7d6	Card	1700	87.33
0363c053-fe79-4c0f-b568-bf190482926f	Online	1635	86.46
006eb980-1789-46d1-aac3-b9d6f6135d50	Cash	1655	89.40
00c7c1ef-6479-416c-8347-9d7524d4b7d6	Card	1700	87.33
0363c053-fe79-4c0f-b568-bf190482926f	Online	1635	86.46
