{"timestamp":"2025-11-14T07:34:37.402185Z","level":"info","event":"DAG bundles loaded: dags-folder, example_dags","logger":"airflow.dag_processing.bundles.manager.DagBundlesManager","filename":"manager.py","lineno":179}
{"timestamp":"2025-11-14T07:34:37.403599Z","level":"info","event":"Filling up the DagBag from /home/hadoop/airflow/dags/projekt1.py","logger":"airflow.models.dagbag.DagBag","filename":"dagbag.py","lineno":593}
{"timestamp":"2025-11-14T07:34:37.492443Z","level":"info","event":"Task instance is in running state","logger":"task.stdout"}
{"timestamp":"2025-11-14T07:34:37.492798Z","level":"info","event":" Previous state of the Task instance: TaskInstanceState.QUEUED","logger":"task.stdout"}
{"timestamp":"2025-11-14T07:34:37.500912Z","level":"info","event":"Current task name:hive","logger":"task.stdout"}
{"timestamp":"2025-11-14T07:34:37.501174Z","level":"info","event":"Dag name:project1-workflow","logger":"task.stdout"}
{"timestamp":"2025-11-14T07:34:37.502855Z","level":"info","event":"Tmp dir root location: /tmp","logger":"airflow.task.hooks.airflow.providers.standard.hooks.subprocess.SubprocessHook","filename":"subprocess.py","lineno":78}
{"timestamp":"2025-11-14T07:34:37.503785Z","level":"info","event":"Running command: ['/usr/bin/bash', '-c', 'beeline -n ${USER} -u jdbc:hive2://localhost:10000/default -f /home/hadoop/airflow/dags/project_files/hive.hql                  --hiveconf input_dir3=/project1/output_mr3                  --hiveconf input_dir4=/tmp/input/datasource4                  --hiveconf output_dir6=/project1/output6 ']","logger":"airflow.task.hooks.airflow.providers.standard.hooks.subprocess.SubprocessHook","filename":"subprocess.py","lineno":88}
{"timestamp":"2025-11-14T07:34:37.524180Z","level":"info","event":"Output:","logger":"airflow.task.hooks.airflow.providers.standard.hooks.subprocess.SubprocessHook","filename":"subprocess.py","lineno":99}
{"timestamp":"2025-11-14T07:34:37.963789Z","level":"info","event":"WARNING: Using incubator modules: jdk.incubator.vector","logger":"airflow.task.hooks.airflow.providers.standard.hooks.subprocess.SubprocessHook","filename":"subprocess.py","lineno":106}
{"timestamp":"2025-11-14T07:34:40.079385Z","level":"info","event":"Missing argument for option: n","logger":"airflow.task.hooks.airflow.providers.standard.hooks.subprocess.SubprocessHook","filename":"subprocess.py","lineno":106}
{"timestamp":"2025-11-14T07:34:40.080578Z","level":"info","event":"Usage: java org.apache.hive.cli.beeline.BeeLine","logger":"airflow.task.hooks.airflow.providers.standard.hooks.subprocess.SubprocessHook","filename":"subprocess.py","lineno":106}
{"timestamp":"2025-11-14T07:34:40.080713Z","level":"info","event":"   -u <database url>               the JDBC URL to connect to","logger":"airflow.task.hooks.airflow.providers.standard.hooks.subprocess.SubprocessHook","filename":"subprocess.py","lineno":106}
{"timestamp":"2025-11-14T07:34:40.080811Z","level":"info","event":"   -r                              reconnect to last saved connect url (in conjunction with !save)","logger":"airflow.task.hooks.airflow.providers.standard.hooks.subprocess.SubprocessHook","filename":"subprocess.py","lineno":106}
{"timestamp":"2025-11-14T07:34:40.080927Z","level":"info","event":"   -n <username>                   the username to connect as","logger":"airflow.task.hooks.airflow.providers.standard.hooks.subprocess.SubprocessHook","filename":"subprocess.py","lineno":106}
{"timestamp":"2025-11-14T07:34:40.081055Z","level":"info","event":"   -p <password>                   the password to connect as","logger":"airflow.task.hooks.airflow.providers.standard.hooks.subprocess.SubprocessHook","filename":"subprocess.py","lineno":106}
{"timestamp":"2025-11-14T07:34:40.081134Z","level":"info","event":"   -d <driver class>               the driver class to use","logger":"airflow.task.hooks.airflow.providers.standard.hooks.subprocess.SubprocessHook","filename":"subprocess.py","lineno":106}
{"timestamp":"2025-11-14T07:34:40.081213Z","level":"info","event":"   -i <init file>                  script file for initialization","logger":"airflow.task.hooks.airflow.providers.standard.hooks.subprocess.SubprocessHook","filename":"subprocess.py","lineno":106}
{"timestamp":"2025-11-14T07:34:40.081292Z","level":"info","event":"   -e <query>                      query that should be executed","logger":"airflow.task.hooks.airflow.providers.standard.hooks.subprocess.SubprocessHook","filename":"subprocess.py","lineno":106}
{"timestamp":"2025-11-14T07:34:40.081370Z","level":"info","event":"   -f <exec file>                  script file that should be executed","logger":"airflow.task.hooks.airflow.providers.standard.hooks.subprocess.SubprocessHook","filename":"subprocess.py","lineno":106}
{"timestamp":"2025-11-14T07:34:40.081453Z","level":"info","event":"   -w (or) --password-file <password file>  the password file to read password from","logger":"airflow.task.hooks.airflow.providers.standard.hooks.subprocess.SubprocessHook","filename":"subprocess.py","lineno":106}
{"timestamp":"2025-11-14T07:34:40.081547Z","level":"info","event":"   --hiveconf property=value       Use value for given property","logger":"airflow.task.hooks.airflow.providers.standard.hooks.subprocess.SubprocessHook","filename":"subprocess.py","lineno":106}
{"timestamp":"2025-11-14T07:34:40.081629Z","level":"info","event":"   --hivevar name=value            hive variable name and value","logger":"airflow.task.hooks.airflow.providers.standard.hooks.subprocess.SubprocessHook","filename":"subprocess.py","lineno":106}
{"timestamp":"2025-11-14T07:34:40.081717Z","level":"info","event":"                                   This is Hive specific settings in which variables","logger":"airflow.task.hooks.airflow.providers.standard.hooks.subprocess.SubprocessHook","filename":"subprocess.py","lineno":106}
{"timestamp":"2025-11-14T07:34:40.081799Z","level":"info","event":"                                   can be set at session level and referenced in Hive","logger":"airflow.task.hooks.airflow.providers.standard.hooks.subprocess.SubprocessHook","filename":"subprocess.py","lineno":106}
{"timestamp":"2025-11-14T07:34:40.081872Z","level":"info","event":"                                   commands or queries.","logger":"airflow.task.hooks.airflow.providers.standard.hooks.subprocess.SubprocessHook","filename":"subprocess.py","lineno":106}
{"timestamp":"2025-11-14T07:34:40.081959Z","level":"info","event":"   --property-file=<property-file> the file to read connection properties (url, driver, user, password) from","logger":"airflow.task.hooks.airflow.providers.standard.hooks.subprocess.SubprocessHook","filename":"subprocess.py","lineno":106}
{"timestamp":"2025-11-14T07:34:40.082059Z","level":"info","event":"   --color=[true/false]            control whether color is used for display","logger":"airflow.task.hooks.airflow.providers.standard.hooks.subprocess.SubprocessHook","filename":"subprocess.py","lineno":106}
{"timestamp":"2025-11-14T07:34:40.082141Z","level":"info","event":"   --showHeader=[true/false]       show column names in query results","logger":"airflow.task.hooks.airflow.providers.standard.hooks.subprocess.SubprocessHook","filename":"subprocess.py","lineno":106}
{"timestamp":"2025-11-14T07:34:40.082219Z","level":"info","event":"   --headerInterval=ROWS;          the interval between which heades are displayed","logger":"airflow.task.hooks.airflow.providers.standard.hooks.subprocess.SubprocessHook","filename":"subprocess.py","lineno":106}
{"timestamp":"2025-11-14T07:34:40.082290Z","level":"info","event":"   --fastConnect=[true/false]      skip building table/column list for tab-completion","logger":"airflow.task.hooks.airflow.providers.standard.hooks.subprocess.SubprocessHook","filename":"subprocess.py","lineno":106}
{"timestamp":"2025-11-14T07:34:40.082363Z","level":"info","event":"   --autoCommit=[true/false]       enable/disable automatic transaction commit","logger":"airflow.task.hooks.airflow.providers.standard.hooks.subprocess.SubprocessHook","filename":"subprocess.py","lineno":106}
{"timestamp":"2025-11-14T07:34:40.082429Z","level":"info","event":"   --verbose=[true/false]          show verbose error messages and debug info","logger":"airflow.task.hooks.airflow.providers.standard.hooks.subprocess.SubprocessHook","filename":"subprocess.py","lineno":106}
{"timestamp":"2025-11-14T07:34:40.082496Z","level":"info","event":"   --showWarnings=[true/false]     display connection warnings","logger":"airflow.task.hooks.airflow.providers.standard.hooks.subprocess.SubprocessHook","filename":"subprocess.py","lineno":106}
{"timestamp":"2025-11-14T07:34:40.082559Z","level":"info","event":"   --showDbInPrompt=[true/false]   display the current database name in the prompt","logger":"airflow.task.hooks.airflow.providers.standard.hooks.subprocess.SubprocessHook","filename":"subprocess.py","lineno":106}
{"timestamp":"2025-11-14T07:34:40.082624Z","level":"info","event":"   --showNestedErrs=[true/false]   display nested errors","logger":"airflow.task.hooks.airflow.providers.standard.hooks.subprocess.SubprocessHook","filename":"subprocess.py","lineno":106}
{"timestamp":"2025-11-14T07:34:40.082697Z","level":"info","event":"   --numberFormat=[pattern]        format numbers using DecimalFormat pattern","logger":"airflow.task.hooks.airflow.providers.standard.hooks.subprocess.SubprocessHook","filename":"subprocess.py","lineno":106}
{"timestamp":"2025-11-14T07:34:40.082768Z","level":"info","event":"   --force=[true/false]            continue running script even after errors","logger":"airflow.task.hooks.airflow.providers.standard.hooks.subprocess.SubprocessHook","filename":"subprocess.py","lineno":106}
{"timestamp":"2025-11-14T07:34:40.082845Z","level":"info","event":"   --maxWidth=MAXWIDTH             the maximum width of the terminal","logger":"airflow.task.hooks.airflow.providers.standard.hooks.subprocess.SubprocessHook","filename":"subprocess.py","lineno":106}
{"timestamp":"2025-11-14T07:34:40.082919Z","level":"info","event":"   --maxColumnWidth=MAXCOLWIDTH    the maximum width to use when displaying columns","logger":"airflow.task.hooks.airflow.providers.standard.hooks.subprocess.SubprocessHook","filename":"subprocess.py","lineno":106}
{"timestamp":"2025-11-14T07:34:40.083009Z","level":"info","event":"   --silent=[true/false]           be more silent","logger":"airflow.task.hooks.airflow.providers.standard.hooks.subprocess.SubprocessHook","filename":"subprocess.py","lineno":106}
{"timestamp":"2025-11-14T07:34:40.083078Z","level":"info","event":"   --autosave=[true/false]         automatically save preferences","logger":"airflow.task.hooks.airflow.providers.standard.hooks.subprocess.SubprocessHook","filename":"subprocess.py","lineno":106}
{"timestamp":"2025-11-14T07:34:40.083152Z","level":"info","event":"   --outputformat=[table/vertical/csv2/tsv2/dsv/csv/tsv]  format mode for result display","logger":"airflow.task.hooks.airflow.providers.standard.hooks.subprocess.SubprocessHook","filename":"subprocess.py","lineno":106}
{"timestamp":"2025-11-14T07:34:40.083218Z","level":"info","event":"                                   Note that csv, and tsv are deprecated - use csv2, tsv2 instead","logger":"airflow.task.hooks.airflow.providers.standard.hooks.subprocess.SubprocessHook","filename":"subprocess.py","lineno":106}
{"timestamp":"2025-11-14T07:34:40.083283Z","level":"info","event":"   --incremental=[true/false]      Defaults to false. When set to false, the entire result set","logger":"airflow.task.hooks.airflow.providers.standard.hooks.subprocess.SubprocessHook","filename":"subprocess.py","lineno":106}
{"timestamp":"2025-11-14T07:34:40.083363Z","level":"info","event":"                                   is fetched and buffered before being displayed, yielding optimal","logger":"airflow.task.hooks.airflow.providers.standard.hooks.subprocess.SubprocessHook","filename":"subprocess.py","lineno":106}
{"timestamp":"2025-11-14T07:34:40.083426Z","level":"info","event":"                                   display column sizing. When set to true, result rows are displayed","logger":"airflow.task.hooks.airflow.providers.standard.hooks.subprocess.SubprocessHook","filename":"subprocess.py","lineno":106}
{"timestamp":"2025-11-14T07:34:40.083496Z","level":"info","event":"                                   immediately as they are fetched, yielding lower latency and","logger":"airflow.task.hooks.airflow.providers.standard.hooks.subprocess.SubprocessHook","filename":"subprocess.py","lineno":106}
{"timestamp":"2025-11-14T07:34:40.083576Z","level":"info","event":"                                   memory usage at the price of extra display column padding.","logger":"airflow.task.hooks.airflow.providers.standard.hooks.subprocess.SubprocessHook","filename":"subprocess.py","lineno":106}
{"timestamp":"2025-11-14T07:34:40.083649Z","level":"info","event":"                                   Setting --incremental=true is recommended if you encounter an OutOfMemory","logger":"airflow.task.hooks.airflow.providers.standard.hooks.subprocess.SubprocessHook","filename":"subprocess.py","lineno":106}
{"timestamp":"2025-11-14T07:34:40.083724Z","level":"info","event":"                                   on the client side (due to the fetched result set size being large).","logger":"airflow.task.hooks.airflow.providers.standard.hooks.subprocess.SubprocessHook","filename":"subprocess.py","lineno":106}
{"timestamp":"2025-11-14T07:34:40.083806Z","level":"info","event":"                                   Only applicable if --outputformat=table.","logger":"airflow.task.hooks.airflow.providers.standard.hooks.subprocess.SubprocessHook","filename":"subprocess.py","lineno":106}
{"timestamp":"2025-11-14T07:34:40.083896Z","level":"info","event":"   --incrementalBufferRows=NUMROWS the number of rows to buffer when printing rows on stdout,","logger":"airflow.task.hooks.airflow.providers.standard.hooks.subprocess.SubprocessHook","filename":"subprocess.py","lineno":106}
{"timestamp":"2025-11-14T07:34:40.083983Z","level":"info","event":"                                   defaults to 1000; only applicable if --incremental=true","logger":"airflow.task.hooks.airflow.providers.standard.hooks.subprocess.SubprocessHook","filename":"subprocess.py","lineno":106}
{"timestamp":"2025-11-14T07:34:40.084097Z","level":"info","event":"                                   and --outputformat=table","logger":"airflow.task.hooks.airflow.providers.standard.hooks.subprocess.SubprocessHook","filename":"subprocess.py","lineno":106}
{"timestamp":"2025-11-14T07:34:40.084181Z","level":"info","event":"   --truncateTable=[true/false]    truncate table column when it exceeds length","logger":"airflow.task.hooks.airflow.providers.standard.hooks.subprocess.SubprocessHook","filename":"subprocess.py","lineno":106}
{"timestamp":"2025-11-14T07:34:40.084269Z","level":"info","event":"   --delimiterForDSV=DELIMITER     specify the delimiter for delimiter-separated values output format (default: |)","logger":"airflow.task.hooks.airflow.providers.standard.hooks.subprocess.SubprocessHook","filename":"subprocess.py","lineno":106}
{"timestamp":"2025-11-14T07:34:40.084361Z","level":"info","event":"   --isolation=LEVEL               set the transaction isolation level","logger":"airflow.task.hooks.airflow.providers.standard.hooks.subprocess.SubprocessHook","filename":"subprocess.py","lineno":106}
{"timestamp":"2025-11-14T07:34:40.084447Z","level":"info","event":"   --nullemptystring=[true/false]  set to true to get historic behavior of printing null as empty string","logger":"airflow.task.hooks.airflow.providers.standard.hooks.subprocess.SubprocessHook","filename":"subprocess.py","lineno":106}
{"timestamp":"2025-11-14T07:34:40.084530Z","level":"info","event":"   --maxHistoryRows=MAXHISTORYROWS The maximum number of rows to store beeline history.","logger":"airflow.task.hooks.airflow.providers.standard.hooks.subprocess.SubprocessHook","filename":"subprocess.py","lineno":106}
{"timestamp":"2025-11-14T07:34:40.084619Z","level":"info","event":"   --help                          display this message","logger":"airflow.task.hooks.airflow.providers.standard.hooks.subprocess.SubprocessHook","filename":"subprocess.py","lineno":106}
{"timestamp":"2025-11-14T07:34:40.084700Z","level":"info","event":"","logger":"airflow.task.hooks.airflow.providers.standard.hooks.subprocess.SubprocessHook","filename":"subprocess.py","lineno":106}
{"timestamp":"2025-11-14T07:34:40.084780Z","level":"info","event":"   Example:","logger":"airflow.task.hooks.airflow.providers.standard.hooks.subprocess.SubprocessHook","filename":"subprocess.py","lineno":106}
{"timestamp":"2025-11-14T07:34:40.084857Z","level":"info","event":"    1. Connect using simple authentication to HiveServer2 on localhost:10000","logger":"airflow.task.hooks.airflow.providers.standard.hooks.subprocess.SubprocessHook","filename":"subprocess.py","lineno":106}
{"timestamp":"2025-11-14T07:34:40.084946Z","level":"info","event":"    $ beeline -u jdbc:hive2://localhost:10000 username password","logger":"airflow.task.hooks.airflow.providers.standard.hooks.subprocess.SubprocessHook","filename":"subprocess.py","lineno":106}
{"timestamp":"2025-11-14T07:34:40.085039Z","level":"info","event":"","logger":"airflow.task.hooks.airflow.providers.standard.hooks.subprocess.SubprocessHook","filename":"subprocess.py","lineno":106}
{"timestamp":"2025-11-14T07:34:40.085117Z","level":"info","event":"    2. Connect using simple authentication to HiveServer2 on hs.local:10000 using -n for username and -p for password","logger":"airflow.task.hooks.airflow.providers.standard.hooks.subprocess.SubprocessHook","filename":"subprocess.py","lineno":106}
{"timestamp":"2025-11-14T07:34:40.085190Z","level":"info","event":"    $ beeline -n username -p password -u jdbc:hive2://hs2.local:10012","logger":"airflow.task.hooks.airflow.providers.standard.hooks.subprocess.SubprocessHook","filename":"subprocess.py","lineno":106}
{"timestamp":"2025-11-14T07:34:40.085263Z","level":"info","event":"","logger":"airflow.task.hooks.airflow.providers.standard.hooks.subprocess.SubprocessHook","filename":"subprocess.py","lineno":106}
{"timestamp":"2025-11-14T07:34:40.085333Z","level":"info","event":"    3. Connect using Kerberos authentication with hive/localhost@mydomain.com as HiveServer2 principal","logger":"airflow.task.hooks.airflow.providers.standard.hooks.subprocess.SubprocessHook","filename":"subprocess.py","lineno":106}
{"timestamp":"2025-11-14T07:34:40.085414Z","level":"info","event":"    $ beeline -u \"jdbc:hive2://hs2.local:10013/default;principal=hive/localhost@mydomain.com\"","logger":"airflow.task.hooks.airflow.providers.standard.hooks.subprocess.SubprocessHook","filename":"subprocess.py","lineno":106}
{"timestamp":"2025-11-14T07:34:40.085496Z","level":"info","event":"","logger":"airflow.task.hooks.airflow.providers.standard.hooks.subprocess.SubprocessHook","filename":"subprocess.py","lineno":106}
{"timestamp":"2025-11-14T07:34:40.085570Z","level":"info","event":"    4. Connect using SSL connection to HiveServer2 on localhost at 10000","logger":"airflow.task.hooks.airflow.providers.standard.hooks.subprocess.SubprocessHook","filename":"subprocess.py","lineno":106}
{"timestamp":"2025-11-14T07:34:40.085644Z","level":"info","event":"    $ beeline \"jdbc:hive2://localhost:10000/default;ssl=true;sslTrustStore=/usr/local/truststore;trustStorePassword=mytruststorepassword\"","logger":"airflow.task.hooks.airflow.providers.standard.hooks.subprocess.SubprocessHook","filename":"subprocess.py","lineno":106}
{"timestamp":"2025-11-14T07:34:40.085725Z","level":"info","event":"","logger":"airflow.task.hooks.airflow.providers.standard.hooks.subprocess.SubprocessHook","filename":"subprocess.py","lineno":106}
{"timestamp":"2025-11-14T07:34:40.085798Z","level":"info","event":"    5. Connect using LDAP authentication","logger":"airflow.task.hooks.airflow.providers.standard.hooks.subprocess.SubprocessHook","filename":"subprocess.py","lineno":106}
{"timestamp":"2025-11-14T07:34:40.085873Z","level":"info","event":"    $ beeline -u jdbc:hive2://hs2.local:10013/default <ldap-username> <ldap-password>","logger":"airflow.task.hooks.airflow.providers.standard.hooks.subprocess.SubprocessHook","filename":"subprocess.py","lineno":106}
{"timestamp":"2025-11-14T07:34:40.085966Z","level":"info","event":"","logger":"airflow.task.hooks.airflow.providers.standard.hooks.subprocess.SubprocessHook","filename":"subprocess.py","lineno":106}
{"timestamp":"2025-11-14T07:34:40.139142Z","level":"info","event":"Command exited with return code 255","logger":"airflow.task.hooks.airflow.providers.standard.hooks.subprocess.SubprocessHook","filename":"subprocess.py","lineno":110}
{"timestamp":"2025-11-14T07:34:40.140316Z","level":"error","event":"Task failed with exception","logger":"task","filename":"task_runner.py","lineno":972,"error_detail":[{"exc_type":"AirflowException","exc_value":"Bash command failed. The command returned a non-zero exit code 255.","exc_notes":[],"syntax_error":null,"is_cause":false,"frames":[{"filename":"/home/hadoop/.venv/lib/python3.11/site-packages/airflow/sdk/execution_time/task_runner.py","lineno":920,"name":"run"},{"filename":"/home/hadoop/.venv/lib/python3.11/site-packages/airflow/sdk/execution_time/task_runner.py","lineno":1307,"name":"_execute_task"},{"filename":"/home/hadoop/.venv/lib/python3.11/site-packages/airflow/sdk/bases/operator.py","lineno":416,"name":"wrapper"},{"filename":"/home/hadoop/.venv/lib/python3.11/site-packages/airflow/providers/standard/operators/bash.py","lineno":232,"name":"execute"}],"is_group":false,"exceptions":[]}]}
{"timestamp":"2025-11-14T07:34:40.141937Z","level":"info","event":"Task instance in failure state","logger":"task.stdout"}
{"timestamp":"2025-11-14T07:34:40.148467Z","level":"info","event":"Task start","logger":"task.stdout"}
{"timestamp":"2025-11-14T07:34:40.148617Z","level":"info","event":"Task:<Task(BashOperator): hive>","logger":"task.stdout"}
{"timestamp":"2025-11-14T07:34:40.148715Z","level":"info","event":"Failure caused by Bash command failed. The command returned a non-zero exit code 255.","logger":"task.stdout"}
