{"timestamp":"2025-11-14T08:04:54.701136Z","level":"info","event":"DAG bundles loaded: dags-folder, example_dags","logger":"airflow.dag_processing.bundles.manager.DagBundlesManager","filename":"manager.py","lineno":179}
{"timestamp":"2025-11-14T08:04:54.702513Z","level":"info","event":"Filling up the DagBag from /home/hadoop/airflow/dags/projekt1.py","logger":"airflow.models.dagbag.DagBag","filename":"dagbag.py","lineno":593}
{"timestamp":"2025-11-14T08:04:54.784594Z","level":"info","event":"Task instance is in running state","logger":"task.stdout"}
{"timestamp":"2025-11-14T08:04:54.784860Z","level":"info","event":" Previous state of the Task instance: TaskInstanceState.QUEUED","logger":"task.stdout"}
{"timestamp":"2025-11-14T08:04:54.792569Z","level":"info","event":"Current task name:hadoop_streaming","logger":"task.stdout"}
{"timestamp":"2025-11-14T08:04:54.792780Z","level":"info","event":"Dag name:project1-workflow","logger":"task.stdout"}
{"timestamp":"2025-11-14T08:04:54.793631Z","level":"info","event":"Tmp dir root location: /tmp","logger":"airflow.task.hooks.airflow.providers.standard.hooks.subprocess.SubprocessHook","filename":"subprocess.py","lineno":78}
{"timestamp":"2025-11-14T08:04:54.794573Z","level":"info","event":"Running command: ['/usr/bin/bash', '-c', 'mapred streaming -files /home/hadoop/airflow/dags/project_files/mapper.py,/home/hadoop/airflow/dags/project_files/combiner.py,/home/hadoop/airflow/dags/project_files/reducer.py -input /tmp/input/datasource1 -output /project1/output_mr3 -mapper \"python mapper.py\" -combiner \"python combiner.py\" -reducer \"python reducer.py\" ']","logger":"airflow.task.hooks.airflow.providers.standard.hooks.subprocess.SubprocessHook","filename":"subprocess.py","lineno":88}
{"timestamp":"2025-11-14T08:04:54.816207Z","level":"info","event":"Output:","logger":"airflow.task.hooks.airflow.providers.standard.hooks.subprocess.SubprocessHook","filename":"subprocess.py","lineno":99}
{"timestamp":"2025-11-14T08:04:57.026025Z","level":"info","event":"packageJobJar: [] [/opt/hadoop/share/hadoop/tools/lib/hadoop-streaming-3.4.1.jar] /tmp/streamjob17552827254998187685.jar tmpDir=null","logger":"airflow.task.hooks.airflow.providers.standard.hooks.subprocess.SubprocessHook","filename":"subprocess.py","lineno":106}
{"timestamp":"2025-11-14T08:04:57.392063Z","level":"info","event":"2025-11-14 08:04:57,391 [main] INFO  org.apache.hadoop.yarn.client.DefaultNoHARMFailoverProxyProvider  - Connecting to ResourceManager at master/172.28.1.2:8032","logger":"airflow.task.hooks.airflow.providers.standard.hooks.subprocess.SubprocessHook","filename":"subprocess.py","lineno":106}
{"timestamp":"2025-11-14T08:04:57.556612Z","level":"info","event":"2025-11-14 08:04:57,556 [main] INFO  org.apache.hadoop.yarn.client.AHSProxy  - Connecting to Application History server at master/172.28.1.2:10200","logger":"airflow.task.hooks.airflow.providers.standard.hooks.subprocess.SubprocessHook","filename":"subprocess.py","lineno":106}
{"timestamp":"2025-11-14T08:04:57.607317Z","level":"info","event":"2025-11-14 08:04:57,607 [main] INFO  org.apache.hadoop.yarn.client.DefaultNoHARMFailoverProxyProvider  - Connecting to ResourceManager at master/172.28.1.2:8032","logger":"airflow.task.hooks.airflow.providers.standard.hooks.subprocess.SubprocessHook","filename":"subprocess.py","lineno":106}
{"timestamp":"2025-11-14T08:04:57.607811Z","level":"info","event":"2025-11-14 08:04:57,607 [main] INFO  org.apache.hadoop.yarn.client.AHSProxy  - Connecting to Application History server at master/172.28.1.2:10200","logger":"airflow.task.hooks.airflow.providers.standard.hooks.subprocess.SubprocessHook","filename":"subprocess.py","lineno":106}
{"timestamp":"2025-11-14T08:04:57.880420Z","level":"info","event":"2025-11-14 08:04:57,880 [main] INFO  org.apache.hadoop.mapreduce.JobResourceUploader  - Disabling Erasure Coding for path: /tmp/hadoop-yarn/staging/hadoop/.staging/job_1763103721848_0005","logger":"airflow.task.hooks.airflow.providers.standard.hooks.subprocess.SubprocessHook","filename":"subprocess.py","lineno":106}
{"timestamp":"2025-11-14T08:04:58.425076Z","level":"info","event":"2025-11-14 08:04:58,424 [main] INFO  org.apache.hadoop.mapred.FileInputFormat  - Total input files to process : 50","logger":"airflow.task.hooks.airflow.providers.standard.hooks.subprocess.SubprocessHook","filename":"subprocess.py","lineno":106}
{"timestamp":"2025-11-14T08:04:58.524130Z","level":"info","event":"2025-11-14 08:04:58,523 [main] INFO  org.apache.hadoop.mapreduce.JobSubmitter  - number of splits:50","logger":"airflow.task.hooks.airflow.providers.standard.hooks.subprocess.SubprocessHook","filename":"subprocess.py","lineno":106}
{"timestamp":"2025-11-14T08:04:58.741803Z","level":"info","event":"2025-11-14 08:04:58,741 [main] INFO  org.apache.hadoop.mapreduce.JobSubmitter  - Submitting tokens for job: job_1763103721848_0005","logger":"airflow.task.hooks.airflow.providers.standard.hooks.subprocess.SubprocessHook","filename":"subprocess.py","lineno":106}
{"timestamp":"2025-11-14T08:04:58.742025Z","level":"info","event":"2025-11-14 08:04:58,741 [main] INFO  org.apache.hadoop.mapreduce.JobSubmitter  - Executing with tokens: []","logger":"airflow.task.hooks.airflow.providers.standard.hooks.subprocess.SubprocessHook","filename":"subprocess.py","lineno":106}
{"timestamp":"2025-11-14T08:04:58.941706Z","level":"info","event":"2025-11-14 08:04:58,941 [main] INFO  org.apache.hadoop.conf.Configuration  - resource-types.xml not found","logger":"airflow.task.hooks.airflow.providers.standard.hooks.subprocess.SubprocessHook","filename":"subprocess.py","lineno":106}
{"timestamp":"2025-11-14T08:04:58.941889Z","level":"info","event":"2025-11-14 08:04:58,941 [main] INFO  org.apache.hadoop.yarn.util.resource.ResourceUtils  - Unable to find 'resource-types.xml'.","logger":"airflow.task.hooks.airflow.providers.standard.hooks.subprocess.SubprocessHook","filename":"subprocess.py","lineno":106}
{"timestamp":"2025-11-14T08:04:59.013081Z","level":"info","event":"2025-11-14 08:04:59,012 [main] INFO  org.apache.hadoop.yarn.client.api.impl.YarnClientImpl  - Submitted application application_1763103721848_0005","logger":"airflow.task.hooks.airflow.providers.standard.hooks.subprocess.SubprocessHook","filename":"subprocess.py","lineno":106}
{"timestamp":"2025-11-14T08:04:59.047440Z","level":"info","event":"2025-11-14 08:04:59,047 [main] INFO  org.apache.hadoop.mapreduce.Job  - The url to track the job: http://master:8088/proxy/application_1763103721848_0005/","logger":"airflow.task.hooks.airflow.providers.standard.hooks.subprocess.SubprocessHook","filename":"subprocess.py","lineno":106}
{"timestamp":"2025-11-14T08:04:59.048869Z","level":"info","event":"2025-11-14 08:04:59,048 [main] INFO  org.apache.hadoop.mapreduce.Job  - Running job: job_1763103721848_0005","logger":"airflow.task.hooks.airflow.providers.standard.hooks.subprocess.SubprocessHook","filename":"subprocess.py","lineno":106}
{"timestamp":"2025-11-14T08:05:05.181631Z","level":"info","event":"2025-11-14 08:05:05,181 [main] INFO  org.apache.hadoop.mapreduce.Job  - Job job_1763103721848_0005 running in uber mode : false","logger":"airflow.task.hooks.airflow.providers.standard.hooks.subprocess.SubprocessHook","filename":"subprocess.py","lineno":106}
{"timestamp":"2025-11-14T08:05:05.182966Z","level":"info","event":"2025-11-14 08:05:05,182 [main] INFO  org.apache.hadoop.mapreduce.Job  -  map 0% reduce 0%","logger":"airflow.task.hooks.airflow.providers.standard.hooks.subprocess.SubprocessHook","filename":"subprocess.py","lineno":106}
{"timestamp":"2025-11-14T08:05:21.341463Z","level":"info","event":"2025-11-14 08:05:21,341 [main] INFO  org.apache.hadoop.mapreduce.Job  -  map 2% reduce 0%","logger":"airflow.task.hooks.airflow.providers.standard.hooks.subprocess.SubprocessHook","filename":"subprocess.py","lineno":106}
{"timestamp":"2025-11-14T08:05:22.400231Z","level":"info","event":"2025-11-14 08:05:22,377 [main] INFO  org.apache.hadoop.mapreduce.Job  -  map 8% reduce 0%","logger":"airflow.task.hooks.airflow.providers.standard.hooks.subprocess.SubprocessHook","filename":"subprocess.py","lineno":106}
{"timestamp":"2025-11-14T08:05:23.460156Z","level":"info","event":"2025-11-14 08:05:23,459 [main] INFO  org.apache.hadoop.mapreduce.Job  -  map 12% reduce 0%","logger":"airflow.task.hooks.airflow.providers.standard.hooks.subprocess.SubprocessHook","filename":"subprocess.py","lineno":106}
{"timestamp":"2025-11-14T08:05:24.477903Z","level":"info","event":"2025-11-14 08:05:24,477 [main] INFO  org.apache.hadoop.mapreduce.Job  -  map 14% reduce 0%","logger":"airflow.task.hooks.airflow.providers.standard.hooks.subprocess.SubprocessHook","filename":"subprocess.py","lineno":106}
{"timestamp":"2025-11-14T08:05:25.577500Z","level":"info","event":"2025-11-14 08:05:25,576 [main] INFO  org.apache.hadoop.mapreduce.Job  -  map 22% reduce 0%","logger":"airflow.task.hooks.airflow.providers.standard.hooks.subprocess.SubprocessHook","filename":"subprocess.py","lineno":106}
{"timestamp":"2025-11-14T08:05:26.633270Z","level":"info","event":"2025-11-14 08:05:26,629 [main] INFO  org.apache.hadoop.mapreduce.Job  -  map 28% reduce 0%","logger":"airflow.task.hooks.airflow.providers.standard.hooks.subprocess.SubprocessHook","filename":"subprocess.py","lineno":106}
{"timestamp":"2025-11-14T08:05:37.606110Z","level":"info","event":"2025-11-14 08:05:37,605 [main] INFO  org.apache.hadoop.mapreduce.Job  -  map 32% reduce 0%","logger":"airflow.task.hooks.airflow.providers.standard.hooks.subprocess.SubprocessHook","filename":"subprocess.py","lineno":106}
{"timestamp":"2025-11-14T08:05:38.668184Z","level":"info","event":"2025-11-14 08:05:38,627 [main] INFO  org.apache.hadoop.mapreduce.Job  -  map 36% reduce 0%","logger":"airflow.task.hooks.airflow.providers.standard.hooks.subprocess.SubprocessHook","filename":"subprocess.py","lineno":106}
{"timestamp":"2025-11-14T08:05:39.737738Z","level":"info","event":"2025-11-14 08:05:39,737 [main] INFO  org.apache.hadoop.mapreduce.Job  -  map 38% reduce 0%","logger":"airflow.task.hooks.airflow.providers.standard.hooks.subprocess.SubprocessHook","filename":"subprocess.py","lineno":106}
{"timestamp":"2025-11-14T08:05:40.782020Z","level":"info","event":"2025-11-14 08:05:40,780 [main] INFO  org.apache.hadoop.mapreduce.Job  -  map 40% reduce 0%","logger":"airflow.task.hooks.airflow.providers.standard.hooks.subprocess.SubprocessHook","filename":"subprocess.py","lineno":106}
{"timestamp":"2025-11-14T08:05:42.896592Z","level":"info","event":"2025-11-14 08:05:42,896 [main] INFO  org.apache.hadoop.mapreduce.Job  -  map 42% reduce 0%","logger":"airflow.task.hooks.airflow.providers.standard.hooks.subprocess.SubprocessHook","filename":"subprocess.py","lineno":106}
{"timestamp":"2025-11-14T08:05:43.984225Z","level":"info","event":"2025-11-14 08:05:43,962 [main] INFO  org.apache.hadoop.mapreduce.Job  -  map 46% reduce 0%","logger":"airflow.task.hooks.airflow.providers.standard.hooks.subprocess.SubprocessHook","filename":"subprocess.py","lineno":106}
{"timestamp":"2025-11-14T08:05:45.014980Z","level":"info","event":"2025-11-14 08:05:45,014 [main] INFO  org.apache.hadoop.mapreduce.Job  -  map 48% reduce 0%","logger":"airflow.task.hooks.airflow.providers.standard.hooks.subprocess.SubprocessHook","filename":"subprocess.py","lineno":106}
{"timestamp":"2025-11-14T08:05:46.088529Z","level":"info","event":"2025-11-14 08:05:46,081 [main] INFO  org.apache.hadoop.mapreduce.Job  -  map 50% reduce 0%","logger":"airflow.task.hooks.airflow.providers.standard.hooks.subprocess.SubprocessHook","filename":"subprocess.py","lineno":106}
{"timestamp":"2025-11-14T08:05:50.324150Z","level":"info","event":"2025-11-14 08:05:50,316 [main] INFO  org.apache.hadoop.mapreduce.Job  -  map 52% reduce 0%","logger":"airflow.task.hooks.airflow.providers.standard.hooks.subprocess.SubprocessHook","filename":"subprocess.py","lineno":106}
{"timestamp":"2025-11-14T08:05:51.343955Z","level":"info","event":"2025-11-14 08:05:51,333 [main] INFO  org.apache.hadoop.mapreduce.Job  -  map 54% reduce 6%","logger":"airflow.task.hooks.airflow.providers.standard.hooks.subprocess.SubprocessHook","filename":"subprocess.py","lineno":106}
{"timestamp":"2025-11-14T08:05:52.349925Z","level":"info","event":"2025-11-14 08:05:52,349 [main] INFO  org.apache.hadoop.mapreduce.Job  -  map 56% reduce 6%","logger":"airflow.task.hooks.airflow.providers.standard.hooks.subprocess.SubprocessHook","filename":"subprocess.py","lineno":106}
{"timestamp":"2025-11-14T08:05:53.415106Z","level":"info","event":"2025-11-14 08:05:53,400 [main] INFO  org.apache.hadoop.mapreduce.Job  -  map 62% reduce 6%","logger":"airflow.task.hooks.airflow.providers.standard.hooks.subprocess.SubprocessHook","filename":"subprocess.py","lineno":106}
{"timestamp":"2025-11-14T08:05:55.441119Z","level":"info","event":"2025-11-14 08:05:55,436 [main] INFO  org.apache.hadoop.mapreduce.Job  -  map 64% reduce 13%","logger":"airflow.task.hooks.airflow.providers.standard.hooks.subprocess.SubprocessHook","filename":"subprocess.py","lineno":106}
{"timestamp":"2025-11-14T08:05:56.475218Z","level":"info","event":"2025-11-14 08:05:56,470 [main] INFO  org.apache.hadoop.mapreduce.Job  -  map 64% reduce 20%","logger":"airflow.task.hooks.airflow.providers.standard.hooks.subprocess.SubprocessHook","filename":"subprocess.py","lineno":106}
{"timestamp":"2025-11-14T08:05:57.503421Z","level":"info","event":"2025-11-14 08:05:57,502 [main] INFO  org.apache.hadoop.mapreduce.Job  -  map 66% reduce 21%","logger":"airflow.task.hooks.airflow.providers.standard.hooks.subprocess.SubprocessHook","filename":"subprocess.py","lineno":106}
{"timestamp":"2025-11-14T08:05:58.550107Z","level":"info","event":"2025-11-14 08:05:58,548 [main] INFO  org.apache.hadoop.mapreduce.Job  -  map 68% reduce 21%","logger":"airflow.task.hooks.airflow.providers.standard.hooks.subprocess.SubprocessHook","filename":"subprocess.py","lineno":106}
{"timestamp":"2025-11-14T08:05:59.569920Z","level":"info","event":"2025-11-14 08:05:59,569 [main] INFO  org.apache.hadoop.mapreduce.Job  -  map 70% reduce 21%","logger":"airflow.task.hooks.airflow.providers.standard.hooks.subprocess.SubprocessHook","filename":"subprocess.py","lineno":106}
{"timestamp":"2025-11-14T08:06:00.598180Z","level":"info","event":"2025-11-14 08:06:00,597 [main] INFO  org.apache.hadoop.mapreduce.Job  -  map 72% reduce 21%","logger":"airflow.task.hooks.airflow.providers.standard.hooks.subprocess.SubprocessHook","filename":"subprocess.py","lineno":106}
{"timestamp":"2025-11-14T08:06:01.851439Z","level":"info","event":"2025-11-14 08:06:01,850 [main] INFO  org.apache.hadoop.mapreduce.Job  -  map 72% reduce 22%","logger":"airflow.task.hooks.airflow.providers.standard.hooks.subprocess.SubprocessHook","filename":"subprocess.py","lineno":106}
{"timestamp":"2025-11-14T08:06:02.885578Z","level":"info","event":"2025-11-14 08:06:02,885 [main] INFO  org.apache.hadoop.mapreduce.Job  -  map 72% reduce 23%","logger":"airflow.task.hooks.airflow.providers.standard.hooks.subprocess.SubprocessHook","filename":"subprocess.py","lineno":106}
{"timestamp":"2025-11-14T08:06:03.898497Z","level":"info","event":"2025-11-14 08:06:03,897 [main] INFO  org.apache.hadoop.mapreduce.Job  -  map 72% reduce 24%","logger":"airflow.task.hooks.airflow.providers.standard.hooks.subprocess.SubprocessHook","filename":"subprocess.py","lineno":106}
{"timestamp":"2025-11-14T08:06:05.929078Z","level":"info","event":"2025-11-14 08:06:05,928 [main] INFO  org.apache.hadoop.mapreduce.Job  -  map 76% reduce 24%","logger":"airflow.task.hooks.airflow.providers.standard.hooks.subprocess.SubprocessHook","filename":"subprocess.py","lineno":106}
{"timestamp":"2025-11-14T08:06:08.038600Z","level":"info","event":"2025-11-14 08:06:08,038 [main] INFO  org.apache.hadoop.mapreduce.Job  -  map 84% reduce 24%","logger":"airflow.task.hooks.airflow.providers.standard.hooks.subprocess.SubprocessHook","filename":"subprocess.py","lineno":106}
{"timestamp":"2025-11-14T08:06:09.053112Z","level":"info","event":"2025-11-14 08:06:09,052 [main] INFO  org.apache.hadoop.mapreduce.Job  -  map 86% reduce 25%","logger":"airflow.task.hooks.airflow.providers.standard.hooks.subprocess.SubprocessHook","filename":"subprocess.py","lineno":106}
{"timestamp":"2025-11-14T08:06:10.067473Z","level":"info","event":"2025-11-14 08:06:10,067 [main] INFO  org.apache.hadoop.mapreduce.Job  -  map 88% reduce 26%","logger":"airflow.task.hooks.airflow.providers.standard.hooks.subprocess.SubprocessHook","filename":"subprocess.py","lineno":106}
{"timestamp":"2025-11-14T08:06:11.079183Z","level":"info","event":"2025-11-14 08:06:11,078 [main] INFO  org.apache.hadoop.mapreduce.Job  -  map 94% reduce 26%","logger":"airflow.task.hooks.airflow.providers.standard.hooks.subprocess.SubprocessHook","filename":"subprocess.py","lineno":106}
{"timestamp":"2025-11-14T08:06:13.095497Z","level":"info","event":"2025-11-14 08:06:13,095 [main] INFO  org.apache.hadoop.mapreduce.Job  -  map 98% reduce 28%","logger":"airflow.task.hooks.airflow.providers.standard.hooks.subprocess.SubprocessHook","filename":"subprocess.py","lineno":106}
{"timestamp":"2025-11-14T08:06:14.100759Z","level":"info","event":"2025-11-14 08:06:14,100 [main] INFO  org.apache.hadoop.mapreduce.Job  -  map 100% reduce 76%","logger":"airflow.task.hooks.airflow.providers.standard.hooks.subprocess.SubprocessHook","filename":"subprocess.py","lineno":106}
{"timestamp":"2025-11-14T08:06:15.105841Z","level":"info","event":"2025-11-14 08:06:15,105 [main] INFO  org.apache.hadoop.mapreduce.Job  -  map 100% reduce 100%","logger":"airflow.task.hooks.airflow.providers.standard.hooks.subprocess.SubprocessHook","filename":"subprocess.py","lineno":106}
{"timestamp":"2025-11-14T08:06:15.116165Z","level":"info","event":"2025-11-14 08:06:15,115 [main] INFO  org.apache.hadoop.mapreduce.Job  - Job job_1763103721848_0005 completed successfully","logger":"airflow.task.hooks.airflow.providers.standard.hooks.subprocess.SubprocessHook","filename":"subprocess.py","lineno":106}
{"timestamp":"2025-11-14T08:06:15.274087Z","level":"info","event":"2025-11-14 08:06:15,273 [main] INFO  org.apache.hadoop.mapreduce.Job  - Counters: 55","logger":"airflow.task.hooks.airflow.providers.standard.hooks.subprocess.SubprocessHook","filename":"subprocess.py","lineno":106}
{"timestamp":"2025-11-14T08:06:15.274340Z","level":"info","event":"\tFile System Counters","logger":"airflow.task.hooks.airflow.providers.standard.hooks.subprocess.SubprocessHook","filename":"subprocess.py","lineno":106}
{"timestamp":"2025-11-14T08:06:15.274501Z","level":"info","event":"\t\tFILE: Number of bytes read=1388862","logger":"airflow.task.hooks.airflow.providers.standard.hooks.subprocess.SubprocessHook","filename":"subprocess.py","lineno":106}
{"timestamp":"2025-11-14T08:06:15.274652Z","level":"info","event":"\t\tFILE: Number of bytes written=19428658","logger":"airflow.task.hooks.airflow.providers.standard.hooks.subprocess.SubprocessHook","filename":"subprocess.py","lineno":106}
{"timestamp":"2025-11-14T08:06:15.274781Z","level":"info","event":"\t\tFILE: Number of read operations=0","logger":"airflow.task.hooks.airflow.providers.standard.hooks.subprocess.SubprocessHook","filename":"subprocess.py","lineno":106}
{"timestamp":"2025-11-14T08:06:15.274865Z","level":"info","event":"\t\tFILE: Number of large read operations=0","logger":"airflow.task.hooks.airflow.providers.standard.hooks.subprocess.SubprocessHook","filename":"subprocess.py","lineno":106}
{"timestamp":"2025-11-14T08:06:15.274946Z","level":"info","event":"\t\tFILE: Number of write operations=0","logger":"airflow.task.hooks.airflow.providers.standard.hooks.subprocess.SubprocessHook","filename":"subprocess.py","lineno":106}
{"timestamp":"2025-11-14T08:06:15.275061Z","level":"info","event":"\t\tHDFS: Number of bytes read=5726322","logger":"airflow.task.hooks.airflow.providers.standard.hooks.subprocess.SubprocessHook","filename":"subprocess.py","lineno":106}
{"timestamp":"2025-11-14T08:06:15.275143Z","level":"info","event":"\t\tHDFS: Number of bytes written=31904","logger":"airflow.task.hooks.airflow.providers.standard.hooks.subprocess.SubprocessHook","filename":"subprocess.py","lineno":106}
{"timestamp":"2025-11-14T08:06:15.275219Z","level":"info","event":"\t\tHDFS: Number of read operations=165","logger":"airflow.task.hooks.airflow.providers.standard.hooks.subprocess.SubprocessHook","filename":"subprocess.py","lineno":106}
{"timestamp":"2025-11-14T08:06:15.275276Z","level":"info","event":"\t\tHDFS: Number of large read operations=0","logger":"airflow.task.hooks.airflow.providers.standard.hooks.subprocess.SubprocessHook","filename":"subprocess.py","lineno":106}
{"timestamp":"2025-11-14T08:06:15.275333Z","level":"info","event":"\t\tHDFS: Number of write operations=6","logger":"airflow.task.hooks.airflow.providers.standard.hooks.subprocess.SubprocessHook","filename":"subprocess.py","lineno":106}
{"timestamp":"2025-11-14T08:06:15.275417Z","level":"info","event":"\t\tHDFS: Number of bytes read erasure-coded=0","logger":"airflow.task.hooks.airflow.providers.standard.hooks.subprocess.SubprocessHook","filename":"subprocess.py","lineno":106}
{"timestamp":"2025-11-14T08:06:15.275482Z","level":"info","event":"\tJob Counters","logger":"airflow.task.hooks.airflow.providers.standard.hooks.subprocess.SubprocessHook","filename":"subprocess.py","lineno":106}
{"timestamp":"2025-11-14T08:06:15.275542Z","level":"info","event":"\t\tKilled map tasks=1","logger":"airflow.task.hooks.airflow.providers.standard.hooks.subprocess.SubprocessHook","filename":"subprocess.py","lineno":106}
{"timestamp":"2025-11-14T08:06:15.275612Z","level":"info","event":"\t\tLaunched map tasks=50","logger":"airflow.task.hooks.airflow.providers.standard.hooks.subprocess.SubprocessHook","filename":"subprocess.py","lineno":106}
{"timestamp":"2025-11-14T08:06:15.275681Z","level":"info","event":"\t\tLaunched reduce tasks=3","logger":"airflow.task.hooks.airflow.providers.standard.hooks.subprocess.SubprocessHook","filename":"subprocess.py","lineno":106}
{"timestamp":"2025-11-14T08:06:15.275734Z","level":"info","event":"\t\tData-local map tasks=50","logger":"airflow.task.hooks.airflow.providers.standard.hooks.subprocess.SubprocessHook","filename":"subprocess.py","lineno":106}
{"timestamp":"2025-11-14T08:06:15.275789Z","level":"info","event":"\t\tTotal time spent by all maps in occupied slots (ms)=1371398","logger":"airflow.task.hooks.airflow.providers.standard.hooks.subprocess.SubprocessHook","filename":"subprocess.py","lineno":106}
{"timestamp":"2025-11-14T08:06:15.275847Z","level":"info","event":"\t\tTotal time spent by all reduces in occupied slots (ms)=282984","logger":"airflow.task.hooks.airflow.providers.standard.hooks.subprocess.SubprocessHook","filename":"subprocess.py","lineno":106}
{"timestamp":"2025-11-14T08:06:15.275922Z","level":"info","event":"\t\tTotal time spent by all map tasks (ms)=685699","logger":"airflow.task.hooks.airflow.providers.standard.hooks.subprocess.SubprocessHook","filename":"subprocess.py","lineno":106}
{"timestamp":"2025-11-14T08:06:15.275979Z","level":"info","event":"\t\tTotal time spent by all reduce tasks (ms)=141492","logger":"airflow.task.hooks.airflow.providers.standard.hooks.subprocess.SubprocessHook","filename":"subprocess.py","lineno":106}
{"timestamp":"2025-11-14T08:06:15.276060Z","level":"info","event":"\t\tTotal vcore-milliseconds taken by all map tasks=685699","logger":"airflow.task.hooks.airflow.providers.standard.hooks.subprocess.SubprocessHook","filename":"subprocess.py","lineno":106}
{"timestamp":"2025-11-14T08:06:15.276207Z","level":"info","event":"\t\tTotal vcore-milliseconds taken by all reduce tasks=141492","logger":"airflow.task.hooks.airflow.providers.standard.hooks.subprocess.SubprocessHook","filename":"subprocess.py","lineno":106}
{"timestamp":"2025-11-14T08:06:15.276268Z","level":"info","event":"\t\tTotal megabyte-milliseconds taken by all map tasks=702155776","logger":"airflow.task.hooks.airflow.providers.standard.hooks.subprocess.SubprocessHook","filename":"subprocess.py","lineno":106}
{"timestamp":"2025-11-14T08:06:15.276326Z","level":"info","event":"\t\tTotal megabyte-milliseconds taken by all reduce tasks=144887808","logger":"airflow.task.hooks.airflow.providers.standard.hooks.subprocess.SubprocessHook","filename":"subprocess.py","lineno":106}
{"timestamp":"2025-11-14T08:06:15.276391Z","level":"info","event":"\tMap-Reduce Framework","logger":"airflow.task.hooks.airflow.providers.standard.hooks.subprocess.SubprocessHook","filename":"subprocess.py","lineno":106}
{"timestamp":"2025-11-14T08:06:15.276453Z","level":"info","event":"\t\tMap input records=50050","logger":"airflow.task.hooks.airflow.providers.standard.hooks.subprocess.SubprocessHook","filename":"subprocess.py","lineno":106}
{"timestamp":"2025-11-14T08:06:15.276522Z","level":"info","event":"\t\tMap output records=50000","logger":"airflow.task.hooks.airflow.providers.standard.hooks.subprocess.SubprocessHook","filename":"subprocess.py","lineno":106}
{"timestamp":"2025-11-14T08:06:15.276577Z","level":"info","event":"\t\tMap output bytes=2550302","logger":"airflow.task.hooks.airflow.providers.standard.hooks.subprocess.SubprocessHook","filename":"subprocess.py","lineno":106}
{"timestamp":"2025-11-14T08:06:15.276631Z","level":"info","event":"\t\tMap output materialized bytes=1389744","logger":"airflow.task.hooks.airflow.providers.standard.hooks.subprocess.SubprocessHook","filename":"subprocess.py","lineno":106}
{"timestamp":"2025-11-14T08:06:15.276687Z","level":"info","event":"\t\tInput split bytes=5250","logger":"airflow.task.hooks.airflow.providers.standard.hooks.subprocess.SubprocessHook","filename":"subprocess.py","lineno":106}
{"timestamp":"2025-11-14T08:06:15.276744Z","level":"info","event":"\t\tCombine input records=50000","logger":"airflow.task.hooks.airflow.providers.standard.hooks.subprocess.SubprocessHook","filename":"subprocess.py","lineno":106}
{"timestamp":"2025-11-14T08:06:15.276807Z","level":"info","event":"\t\tCombine output records=24161","logger":"airflow.task.hooks.airflow.providers.standard.hooks.subprocess.SubprocessHook","filename":"subprocess.py","lineno":106}
{"timestamp":"2025-11-14T08:06:15.276863Z","level":"info","event":"\t\tReduce input groups=597","logger":"airflow.task.hooks.airflow.providers.standard.hooks.subprocess.SubprocessHook","filename":"subprocess.py","lineno":106}
{"timestamp":"2025-11-14T08:06:15.276921Z","level":"info","event":"\t\tReduce shuffle bytes=1389744","logger":"airflow.task.hooks.airflow.providers.standard.hooks.subprocess.SubprocessHook","filename":"subprocess.py","lineno":106}
{"timestamp":"2025-11-14T08:06:15.276976Z","level":"info","event":"\t\tReduce input records=24161","logger":"airflow.task.hooks.airflow.providers.standard.hooks.subprocess.SubprocessHook","filename":"subprocess.py","lineno":106}
{"timestamp":"2025-11-14T08:06:15.277053Z","level":"info","event":"\t\tReduce output records=594","logger":"airflow.task.hooks.airflow.providers.standard.hooks.subprocess.SubprocessHook","filename":"subprocess.py","lineno":106}
{"timestamp":"2025-11-14T08:06:15.277120Z","level":"info","event":"\t\tSpilled Records=48322","logger":"airflow.task.hooks.airflow.providers.standard.hooks.subprocess.SubprocessHook","filename":"subprocess.py","lineno":106}
{"timestamp":"2025-11-14T08:06:15.277205Z","level":"info","event":"\t\tShuffled Maps =150","logger":"airflow.task.hooks.airflow.providers.standard.hooks.subprocess.SubprocessHook","filename":"subprocess.py","lineno":106}
{"timestamp":"2025-11-14T08:06:15.277258Z","level":"info","event":"\t\tFailed Shuffles=0","logger":"airflow.task.hooks.airflow.providers.standard.hooks.subprocess.SubprocessHook","filename":"subprocess.py","lineno":106}
{"timestamp":"2025-11-14T08:06:15.277314Z","level":"info","event":"\t\tMerged Map outputs=150","logger":"airflow.task.hooks.airflow.providers.standard.hooks.subprocess.SubprocessHook","filename":"subprocess.py","lineno":106}
{"timestamp":"2025-11-14T08:06:15.277372Z","level":"info","event":"\t\tGC time elapsed (ms)=8267","logger":"airflow.task.hooks.airflow.providers.standard.hooks.subprocess.SubprocessHook","filename":"subprocess.py","lineno":106}
{"timestamp":"2025-11-14T08:06:15.277429Z","level":"info","event":"\t\tCPU time spent (ms)=91450","logger":"airflow.task.hooks.airflow.providers.standard.hooks.subprocess.SubprocessHook","filename":"subprocess.py","lineno":106}
{"timestamp":"2025-11-14T08:06:15.277484Z","level":"info","event":"\t\tPhysical memory (bytes) snapshot=13979770880","logger":"airflow.task.hooks.airflow.providers.standard.hooks.subprocess.SubprocessHook","filename":"subprocess.py","lineno":106}
{"timestamp":"2025-11-14T08:06:15.277552Z","level":"info","event":"\t\tVirtual memory (bytes) snapshot=144081981440","logger":"airflow.task.hooks.airflow.providers.standard.hooks.subprocess.SubprocessHook","filename":"subprocess.py","lineno":106}
{"timestamp":"2025-11-14T08:06:15.277632Z","level":"info","event":"\t\tTotal committed heap usage (bytes)=8475639808","logger":"airflow.task.hooks.airflow.providers.standard.hooks.subprocess.SubprocessHook","filename":"subprocess.py","lineno":106}
{"timestamp":"2025-11-14T08:06:15.277688Z","level":"info","event":"\t\tPeak Map Physical memory (bytes)=301658112","logger":"airflow.task.hooks.airflow.providers.standard.hooks.subprocess.SubprocessHook","filename":"subprocess.py","lineno":106}
{"timestamp":"2025-11-14T08:06:15.277745Z","level":"info","event":"\t\tPeak Map Virtual memory (bytes)=2725679104","logger":"airflow.task.hooks.airflow.providers.standard.hooks.subprocess.SubprocessHook","filename":"subprocess.py","lineno":106}
{"timestamp":"2025-11-14T08:06:15.277798Z","level":"info","event":"\t\tPeak Reduce Physical memory (bytes)=202080256","logger":"airflow.task.hooks.airflow.providers.standard.hooks.subprocess.SubprocessHook","filename":"subprocess.py","lineno":106}
{"timestamp":"2025-11-14T08:06:15.277856Z","level":"info","event":"\t\tPeak Reduce Virtual memory (bytes)=2778357760","logger":"airflow.task.hooks.airflow.providers.standard.hooks.subprocess.SubprocessHook","filename":"subprocess.py","lineno":106}
{"timestamp":"2025-11-14T08:06:15.277914Z","level":"info","event":"\tShuffle Errors","logger":"airflow.task.hooks.airflow.providers.standard.hooks.subprocess.SubprocessHook","filename":"subprocess.py","lineno":106}
{"timestamp":"2025-11-14T08:06:15.278067Z","level":"info","event":"\t\tBAD_ID=0","logger":"airflow.task.hooks.airflow.providers.standard.hooks.subprocess.SubprocessHook","filename":"subprocess.py","lineno":106}
{"timestamp":"2025-11-14T08:06:15.278211Z","level":"info","event":"\t\tCONNECTION=0","logger":"airflow.task.hooks.airflow.providers.standard.hooks.subprocess.SubprocessHook","filename":"subprocess.py","lineno":106}
{"timestamp":"2025-11-14T08:06:15.278281Z","level":"info","event":"\t\tIO_ERROR=0","logger":"airflow.task.hooks.airflow.providers.standard.hooks.subprocess.SubprocessHook","filename":"subprocess.py","lineno":106}
{"timestamp":"2025-11-14T08:06:15.278341Z","level":"info","event":"\t\tWRONG_LENGTH=0","logger":"airflow.task.hooks.airflow.providers.standard.hooks.subprocess.SubprocessHook","filename":"subprocess.py","lineno":106}
{"timestamp":"2025-11-14T08:06:15.278405Z","level":"info","event":"\t\tWRONG_MAP=0","logger":"airflow.task.hooks.airflow.providers.standard.hooks.subprocess.SubprocessHook","filename":"subprocess.py","lineno":106}
{"timestamp":"2025-11-14T08:06:15.278461Z","level":"info","event":"\t\tWRONG_REDUCE=0","logger":"airflow.task.hooks.airflow.providers.standard.hooks.subprocess.SubprocessHook","filename":"subprocess.py","lineno":106}
{"timestamp":"2025-11-14T08:06:15.278520Z","level":"info","event":"\tFile Input Format Counters","logger":"airflow.task.hooks.airflow.providers.standard.hooks.subprocess.SubprocessHook","filename":"subprocess.py","lineno":106}
{"timestamp":"2025-11-14T08:06:15.278575Z","level":"info","event":"\t\tBytes Read=5721072","logger":"airflow.task.hooks.airflow.providers.standard.hooks.subprocess.SubprocessHook","filename":"subprocess.py","lineno":106}
{"timestamp":"2025-11-14T08:06:15.278626Z","level":"info","event":"\tFile Output Format Counters","logger":"airflow.task.hooks.airflow.providers.standard.hooks.subprocess.SubprocessHook","filename":"subprocess.py","lineno":106}
{"timestamp":"2025-11-14T08:06:15.278681Z","level":"info","event":"\t\tBytes Written=31904","logger":"airflow.task.hooks.airflow.providers.standard.hooks.subprocess.SubprocessHook","filename":"subprocess.py","lineno":106}
{"timestamp":"2025-11-14T08:06:15.278750Z","level":"info","event":"2025-11-14 08:06:15,273 [main] INFO  org.apache.hadoop.streaming.StreamJob  - Output directory: /project1/output_mr3","logger":"airflow.task.hooks.airflow.providers.standard.hooks.subprocess.SubprocessHook","filename":"subprocess.py","lineno":106}
{"timestamp":"2025-11-14T08:06:15.688939Z","level":"info","event":"Command exited with return code 0","logger":"airflow.task.hooks.airflow.providers.standard.hooks.subprocess.SubprocessHook","filename":"subprocess.py","lineno":110}
{"timestamp":"2025-11-14T08:06:15.690638Z","level":"info","event":"Pushing xcom","ti":"RuntimeTaskInstance(id=UUID('019a8165-35b8-7b08-8532-8c97cb377ac5'), task_id='hadoop_streaming', dag_id='project1-workflow', run_id='manual__2025-11-14T08:04:45.068603+00:00', try_number=1, dag_version_id=UUID('019a814e-814c-7e5f-a372-345f98ea7f8d'), map_index=-1, hostname='master', context_carrier={}, task=<Task(BashOperator): hadoop_streaming>, bundle_instance=LocalDagBundle(name=dags-folder), max_tries=0, start_date=datetime.datetime(2025, 11, 14, 8, 4, 54, 660628, tzinfo=datetime.timezone.utc), end_date=None, state=<TaskInstanceState.RUNNING: 'running'>, is_mapped=False, rendered_map_index=None)","logger":"task","filename":"task_runner.py","lineno":1352}
{"timestamp":"2025-11-14T08:06:15.762623Z","level":"info","event":"Task instance in success state","logger":"task.stdout"}
{"timestamp":"2025-11-14T08:06:15.762839Z","level":"info","event":" Previous state of the Task instance: TaskInstanceState.RUNNING","logger":"task.stdout"}
{"timestamp":"2025-11-14T08:06:15.771497Z","level":"info","event":"Task operator:<Task(BashOperator): hadoop_streaming>","logger":"task.stdout"}
